Archive member included because of file (symbol)

../../../../../prebuilt/driver/chip/mt2625/lib/libhal_protected_CM4_GCC.a(crypt_aes.o)
                              (--whole-archive)
../../../../../prebuilt/driver/chip/mt2625/lib/libhal_protected_CM4_GCC.a(crypt_des.o)
                              (--whole-archive)
../../../../../prebuilt/driver/chip/mt2625/lib/libhal_protected_CM4_GCC.a(crypt_md5.o)
                              (--whole-archive)
../../../../../prebuilt/driver/chip/mt2625/lib/libhal_protected_CM4_GCC.a(crypt_sha.o)
                              (--whole-archive)
../../../../../prebuilt/driver/chip/mt2625/lib/libhal_protected_CM4_GCC.a(hal_sec.o)
                              (--whole-archive)
../../../../../prebuilt/driver/chip/mt2625/lib/libhal_protected_CM4_GCC.a(version_code.o)
                              (--whole-archive)
../../../../../prebuilt/driver/chip/mt2625/lib/libhal_protected_CM4_GCC.a(hal_spm.o)
                              (--whole-archive)
../../../../../prebuilt/driver/chip/mt2625/lib/libhal_protected_CM4_GCC.a(hal_efuse.o)
                              (--whole-archive)
../../../../../prebuilt/driver/chip/mt2625/lib/libhal_protected_CM4_GCC.a(hal_dvfs_internal_vcore.o)
                              (--whole-archive)
../../../../../middleware/third_party/rock_fota/lib/libiotpatch_gmobi_316_armgcc484.a(iotpatch.o)
                              (--whole-archive)
../../../../../middleware/third_party/rock_fota/lib/libiotpatch_gmobi_316_armgcc484.a(iot_main.o)
                              (--whole-archive)
../../../../../middleware/third_party/rock_fota/lib/libiotpatch_gmobi_316_armgcc484.a(iot_adler32.o)
                              (--whole-archive)
../../../../../middleware/third_party/rock_fota/lib/libiotpatch_gmobi_316_armgcc484.a(LzmaDec.o)
                              (--whole-archive)
../../../../../middleware/third_party/rock_fota/lib/libiotpatch_gmobi_316_armgcc484.a(mempool.o)
                              (--whole-archive)
../../../../../middleware/third_party/rock_fota/lib/libiotpatch_gmobi_316_armgcc484.a(block_stream.o)
                              (--whole-archive)
../../../../../middleware/third_party/rock_fota/lib/libiotpatch_gmobi_316_armgcc484.a(lzma_stream.o)
                              (--whole-archive)
../../../../../middleware/third_party/rock_fota/lib/libiotpatch_gmobi_316_armgcc484.a(iot_alloc.o)
                              (--whole-archive)
f:/nb-iot/mtk/mt2625/sdk/develop/nbiot_sdk_ocpu/mcu_r04/tools/gcc/win/gcc-arm-none-eabi/bin/../lib/gcc/arm-none-eabi/4.8.3/armv7e-m/fpu\libgcc.a(_arm_addsubsf3.o)
                              f:/NB-IOT/MTK/MT2625/SDK/Develop/NBIOT_SDK_OCPU/MCU_R04/out/mt2625_evb/nbiot_m2m_demo/obj/bootloader/project/mt2625_evb/apps/bootloader/src/bl_dbgprint.o (__aeabi_l2f)
f:/nb-iot/mtk/mt2625/sdk/develop/nbiot_sdk_ocpu/mcu_r04/tools/gcc/win/gcc-arm-none-eabi/bin/../lib/gcc/arm-none-eabi/4.8.3/armv7e-m/fpu\libgcc.a(_aeabi_uldivmod.o)
                              f:/NB-IOT/MTK/MT2625/SDK/Develop/NBIOT_SDK_OCPU/MCU_R04/out/mt2625_evb/nbiot_m2m_demo/obj/bootloader/driver/chip/mt2625/src/hal_rtc.o (__aeabi_uldivmod)
f:/nb-iot/mtk/mt2625/sdk/develop/nbiot_sdk_ocpu/mcu_r04/tools/gcc/win/gcc-arm-none-eabi/bin/../lib/gcc/arm-none-eabi/4.8.3/armv7e-m/fpu\libgcc.a(bpabi.o)
                              f:/nb-iot/mtk/mt2625/sdk/develop/nbiot_sdk_ocpu/mcu_r04/tools/gcc/win/gcc-arm-none-eabi/bin/../lib/gcc/arm-none-eabi/4.8.3/armv7e-m/fpu\libgcc.a(_aeabi_uldivmod.o) (__gnu_uldivmod_helper)
f:/nb-iot/mtk/mt2625/sdk/develop/nbiot_sdk_ocpu/mcu_r04/tools/gcc/win/gcc-arm-none-eabi/bin/../lib/gcc/arm-none-eabi/4.8.3/armv7e-m/fpu\libgcc.a(_dvmd_tls.o)
                              f:/nb-iot/mtk/mt2625/sdk/develop/nbiot_sdk_ocpu/mcu_r04/tools/gcc/win/gcc-arm-none-eabi/bin/../lib/gcc/arm-none-eabi/4.8.3/armv7e-m/fpu\libgcc.a(_aeabi_uldivmod.o) (__aeabi_ldiv0)
f:/nb-iot/mtk/mt2625/sdk/develop/nbiot_sdk_ocpu/mcu_r04/tools/gcc/win/gcc-arm-none-eabi/bin/../lib/gcc/arm-none-eabi/4.8.3/armv7e-m/fpu\libgcc.a(_divdi3.o)
                              f:/nb-iot/mtk/mt2625/sdk/develop/nbiot_sdk_ocpu/mcu_r04/tools/gcc/win/gcc-arm-none-eabi/bin/../lib/gcc/arm-none-eabi/4.8.3/armv7e-m/fpu\libgcc.a(bpabi.o) (__divdi3)
f:/nb-iot/mtk/mt2625/sdk/develop/nbiot_sdk_ocpu/mcu_r04/tools/gcc/win/gcc-arm-none-eabi/bin/../lib/gcc/arm-none-eabi/4.8.3/armv7e-m/fpu\libgcc.a(_udivdi3.o)
                              f:/nb-iot/mtk/mt2625/sdk/develop/nbiot_sdk_ocpu/mcu_r04/tools/gcc/win/gcc-arm-none-eabi/bin/../lib/gcc/arm-none-eabi/4.8.3/armv7e-m/fpu\libgcc.a(bpabi.o) (__udivdi3)
f:/nb-iot/mtk/mt2625/sdk/develop/nbiot_sdk_ocpu/mcu_r04/tools/gcc/win/gcc-arm-none-eabi/bin/../lib/gcc/arm-none-eabi/4.8.3/../../../../arm-none-eabi/lib/armv7e-m/fpu\libg_s.a(lib_a-assert.o)
                              f:/NB-IOT/MTK/MT2625/SDK/Develop/NBIOT_SDK_OCPU/MCU_R04/out/mt2625_evb/nbiot_m2m_demo/obj/bootloader/driver/chip/mt2625/src/hal_cache.o (__assert_func)
[...]
Memory Configuration

Name             Origin             Length             Attributes
ROM_BL           0x08002000         0x00010000         xr
RAM              0x00000000         0x00400000         xrw
VRAM             0x10000000         0x00400000         xrw
TCM              0x04000000         0x00010000         xrw
*default*        0x00000000         0xffffffff

Linker script and memory map

LOAD f:/nb-iot/mtk/mt2625/sdk/develop/nbiot_sdk_ocpu/mcu_r04/tools/gcc/win/gcc-arm-none-eabi/bin/../lib/gcc/arm-none-eabi/4.8.3/../../../../arm-none-eabi/lib/armv7e-m/fpu\libnosys.a
                0x00000000                _Min_Heap_Size = 0x0
                0x00000400                _Min_Stack_Size = 0x400
                0x04010000                _estack = (ORIGIN (TCM) + 0x10000)
                0x04010000                __StackTop = _estack
                0x08002000                . = ORIGIN (ROM_BL)

.isr_vector     0x04000000      0x200 load address 0x08002000
                0x04000000                . = ALIGN (0x4)
 *(.reset_handler)
 .reset_handler
                0x04000000       0x58 f:/NB-IOT/MTK/MT2625/SDK/Develop/NBIOT_SDK_OCPU/MCU_R04/out/mt2625_evb/nbiot_m2m_demo/obj/bootloader/project/mt2625_evb/apps/bootloader/GCC/startup_bootloader.o
                0x04000000                Reset_Handler
                0x0400002a                JumpCmd
 *(.isr_vector)
 .isr_vector    0x04000058        0x8 f:/NB-IOT/MTK/MT2625/SDK/Develop/NBIOT_SDK_OCPU/MCU_R04/out/mt2625_evb/nbiot_m2m_demo/obj/bootloader/project/mt2625_evb/apps/bootloader/GCC/startup_bootloader.o
 *(.rom_parameter)
 *fill*         0x04000060       0xa0 
 .rom_parameter
                0x04000100      0x100 f:/NB-IOT/MTK/MT2625/SDK/Develop/NBIOT_SDK_OCPU/MCU_R04/out/mt2625_evb/nbiot_m2m_demo/obj/bootloader/project/mt2625_evb/apps/bootloader/src/bl_rom_parameter.o
                0x04000100                g_rom_parameter
                0x04000200                . = ALIGN (0x4)

.text           0x04000200     0x99fc load address 0x08002200
                0x04000200                . = ALIGN (0x4)
 *(.text)
 .text          0x04000200      0x21c f:/nb-iot/mtk/mt2625/sdk/develop/nbiot_sdk_ocpu/mcu_r04/tools/gcc/win/gcc-arm-none-eabi/bin/../lib/gcc/arm-none-eabi/4.8.3/armv7e-m/fpu\libgcc.a(_arm_addsubsf3.o)
                0x04000200                __aeabi_frsub
                0x04000208                __subsf3
                0x04000208                __aeabi_fsub
                0x0400020c                __aeabi_fadd
                0x0400020c                __addsf3
                0x0400036c                __aeabi_ui2f
                0x0400036c                __floatunsisf
                0x04000374                __aeabi_i2f
                0x04000374                __floatsisf
                0x04000390                __aeabi_ul2f
                0x04000390                __floatundisf
                0x040003a0                __aeabi_l2f
                0x040003a0                __floatdisf
 *(.text*)
 .text.hal_cache_is_cacheable
                0x0400041c       0x4c f:/NB-IOT/MTK/MT2625/SDK/Develop/NBIOT_SDK_OCPU/MCU_R04/out/mt2625_evb/nbiot_m2m_demo/obj/bootloader/driver/chip/mt2625/src/hal_cache.o
                0x0400041c                hal_cache_is_cacheable
 .text.hal_nvic_register_isr_handler
                0x04000468       0x44 f:/NB-IOT/MTK/MT2625/SDK/Develop/NBIOT_SDK_OCPU/MCU_R04/out/mt2625_evb/nbiot_m2m_demo/obj/bootloader/driver/chip/mt2625/src/hal_nvic.o
                0x04000468                hal_nvic_register_isr_handler
 .text.SF_DAL_IOCtrl
                0x040004ac       0x32 f:/NB-IOT/MTK/MT2625/SDK/Develop/NBIOT_SDK_OCPU/MCU_R04/out/mt2625_evb/nbiot_m2m_demo/obj/bootloader/driver/chip/mt2625/src/hal_flash_mtd_dal.o
                0x040004ac                SF_DAL_IOCtrl
 *fill*         0x040004de        0x2 
 .text.SF_DAL_Init_MXIC
                0x040004e0       0xe0 f:/NB-IOT/MTK/MT2625/SDK/Develop/NBIOT_SDK_OCPU/MCU_R04/out/mt2625_evb/nbiot_m2m_demo/obj/bootloader/driver/chip/mt2625/src/hal_flash_mtd_dal.o
                0x040004e0                SF_DAL_Init_MXIC
 .text.SF_DAL_Init_WINBOND
                0x040005c0       0x64 f:/NB-IOT/MTK/MT2625/SDK/Develop/NBIOT_SDK_OCPU/MCU_R04/out/mt2625_evb/nbiot_m2m_demo/obj/bootloader/driver/chip/mt2625/src/hal_flash_mtd_dal.o
                0x040005c0                SF_DAL_Init_WINBOND
 .text.SF_DAL_Init_WINBOND_OTP
                0x04000624       0x5c f:/NB-IOT/MTK/MT2625/SDK/Develop/NBIOT_SDK_OCPU/MCU_R04/out/mt2625_evb/nbiot_m2m_demo/obj/bootloader/driver/chip/mt2625/src/hal_flash_mtd_dal.o
                0x04000624                SF_DAL_Init_WINBOND_OTP
 .text.SF_DAL_Init_Common
                0x04000680      0x100 f:/NB-IOT/MTK/MT2625/SDK/Develop/NBIOT_SDK_OCPU/MCU_R04/out/mt2625_evb/nbiot_m2m_demo/obj/bootloader/driver/chip/mt2625/src/hal_flash_mtd_dal.o
                0x04000680                SF_DAL_Init_Common
 .text.SF_DAL_Init_Vendor
                0x04000780       0x3a f:/NB-IOT/MTK/MT2625/SDK/Develop/NBIOT_SDK_OCPU/MCU_R04/out/mt2625_evb/nbiot_m2m_demo/obj/bootloader/driver/chip/mt2625/src/hal_flash_mtd_dal.o
                0x04000780                SF_DAL_Init_Vendor
 .text.SF_DAL_Init_Driver
                0x040007ba       0x6e f:/NB-IOT/MTK/MT2625/SDK/Develop/NBIOT_SDK_OCPU/MCU_R04/out/mt2625_evb/nbiot_m2m_demo/obj/bootloader/driver/chip/mt2625/src/hal_flash_mtd_dal.o
                0x040007ba                SF_DAL_Init_Driver
 .text.CMEM_CheckValidDeviceID
                0x04000828       0x3c f:/NB-IOT/MTK/MT2625/SDK/Develop/NBIOT_SDK_OCPU/MCU_R04/out/mt2625_evb/nbiot_m2m_demo/obj/bootloader/driver/chip/mt2625/src/hal_flash_combo_init.o
                0x04000828                CMEM_CheckValidDeviceID
 .text.CMEM_Index
                0x04000864       0x60 f:/NB-IOT/MTK/MT2625/SDK/Develop/NBIOT_SDK_OCPU/MCU_R04/out/mt2625_evb/nbiot_m2m_demo/obj/bootloader/driver/chip/mt2625/src/hal_flash_combo_init.o
                0x04000864                CMEM_Index
 .text.CMEM_GetIDEntry
                0x040008c4       0x10 f:/NB-IOT/MTK/MT2625/SDK/Develop/NBIOT_SDK_OCPU/MCU_R04/out/mt2625_evb/nbiot_m2m_demo/obj/bootloader/driver/chip/mt2625/src/hal_flash_combo_init.o
                0x040008c4                CMEM_GetIDEntry
 .text.custom_get_NORFLASH_Size
                0x040008d4        0x6 f:/NB-IOT/MTK/MT2625/SDK/Develop/NBIOT_SDK_OCPU/MCU_R04/out/mt2625_evb/nbiot_m2m_demo/obj/bootloader/driver/chip/mt2625/src/hal_flash_custom.o
                0x040008d4                custom_get_NORFLASH_Size
 .text.Custom_NOR_Init
                0x040008da        0x4 f:/NB-IOT/MTK/MT2625/SDK/Develop/NBIOT_SDK_OCPU/MCU_R04/out/mt2625_evb/nbiot_m2m_demo/obj/bootloader/driver/chip/mt2625/src/hal_flash_custom.o
                0x040008da                Custom_NOR_Init
 .text.CMEM_BlockSize_Internal
                0x040008de       0x30 f:/NB-IOT/MTK/MT2625/SDK/Develop/NBIOT_SDK_OCPU/MCU_R04/out/mt2625_evb/nbiot_m2m_demo/obj/bootloader/driver/chip/mt2625/src/hal_flash_combo_nor.o
                0x040008de                CMEM_BlockSize_Internal
 *fill*         0x0400090e        0x2 
 .text.CMEM_BlockSize
                0x04000910        0xc f:/NB-IOT/MTK/MT2625/SDK/Develop/NBIOT_SDK_OCPU/MCU_R04/out/mt2625_evb/nbiot_m2m_demo/obj/bootloader/driver/chip/mt2625/src/hal_flash_combo_nor.o
                0x04000910                CMEM_BlockSize
 .text.NOR_Get_FlashSizeFromBankInfo
                0x0400091c       0x16 f:/NB-IOT/MTK/MT2625/SDK/Develop/NBIOT_SDK_OCPU/MCU_R04/out/mt2625_evb/nbiot_m2m_demo/obj/bootloader/driver/chip/mt2625/src/hal_flash_combo_nor.o
                0x0400091c                NOR_Get_FlashSizeFromBankInfo
 .text.CMEM_NOR_Construct_RegionInfo_Internal
                0x04000932       0x62 f:/NB-IOT/MTK/MT2625/SDK/Develop/NBIOT_SDK_OCPU/MCU_R04/out/mt2625_evb/nbiot_m2m_demo/obj/bootloader/driver/chip/mt2625/src/hal_flash_combo_nor.o
                0x04000932                CMEM_NOR_Construct_RegionInfo_Internal
 .text.NOR_Construct_RegionInfo
                0x04000994       0x28 f:/NB-IOT/MTK/MT2625/SDK/Develop/NBIOT_SDK_OCPU/MCU_R04/out/mt2625_evb/nbiot_m2m_demo/obj/bootloader/driver/chip/mt2625/src/hal_flash_combo_nor.o
                0x04000994                NOR_Construct_RegionInfo
 .text.CMEM_Init_nor_list
                0x040009bc       0x34 f:/NB-IOT/MTK/MT2625/SDK/Develop/NBIOT_SDK_OCPU/MCU_R04/out/mt2625_evb/nbiot_m2m_demo/obj/bootloader/driver/chip/mt2625/src/hal_flash_combo_nor.o
                0x040009bc                CMEM_Init_nor_list
 .text.CMEM_Init_FullDriver
                0x040009f0       0xcc f:/NB-IOT/MTK/MT2625/SDK/Develop/NBIOT_SDK_OCPU/MCU_R04/out/mt2625_evb/nbiot_m2m_demo/obj/bootloader/driver/chip/mt2625/src/hal_flash_combo_nor.o
                0x040009f0                CMEM_Init_FullDriver
 .text.MountDevice
                0x04000abc       0x24 f:/NB-IOT/MTK/MT2625/SDK/Develop/NBIOT_SDK_OCPU/MCU_R04/out/mt2625_evb/nbiot_m2m_demo/obj/bootloader/driver/chip/mt2625/src/hal_flash_disk.o
 .text.readRawDiskData
                0x04000ae0       0x34 f:/NB-IOT/MTK/MT2625/SDK/Develop/NBIOT_SDK_OCPU/MCU_R04/out/mt2625_evb/nbiot_m2m_demo/obj/bootloader/driver/chip/mt2625/src/hal_flash_disk.o
                0x04000ae0                readRawDiskData
 .text.writeRawDiskData
                0x04000b14       0xfe f:/NB-IOT/MTK/MT2625/SDK/Develop/NBIOT_SDK_OCPU/MCU_R04/out/mt2625_evb/nbiot_m2m_demo/obj/bootloader/driver/chip/mt2625/src/hal_flash_disk.o
                0x04000b14                writeRawDiskData
 .text.eraseRawDiskBlock
                0x04000c12       0x3a f:/NB-IOT/MTK/MT2625/SDK/Develop/NBIOT_SDK_OCPU/MCU_R04/out/mt2625_evb/nbiot_m2m_demo/obj/bootloader/driver/chip/mt2625/src/hal_flash_disk.o
                0x04000c12                eraseRawDiskBlock
 .text.NOR_init
                0x04000c4c       0x28 f:/NB-IOT/MTK/MT2625/SDK/Develop/NBIOT_SDK_OCPU/MCU_R04/out/mt2625_evb/nbiot_m2m_demo/obj/bootloader/driver/chip/mt2625/src/hal_flash_disk.o
                0x04000c4c                NOR_init
 .text.NOR_BlockSize
                0x04000c74       0x10 f:/NB-IOT/MTK/MT2625/SDK/Develop/NBIOT_SDK_OCPU/MCU_R04/out/mt2625_evb/nbiot_m2m_demo/obj/bootloader/driver/chip/mt2625/src/hal_flash_disk.o
                0x04000c74                NOR_BlockSize
 .text.NOR_BlockIndex
                0x04000c84       0x10 f:/NB-IOT/MTK/MT2625/SDK/Develop/NBIOT_SDK_OCPU/MCU_R04/out/mt2625_evb/nbiot_m2m_demo/obj/bootloader/driver/chip/mt2625/src/hal_flash_disk.o
                0x04000c84                NOR_BlockIndex
 .text.get_rawdisk_error_code
                0x04000c94       0x2c f:/NB-IOT/MTK/MT2625/SDK/Develop/NBIOT_SDK_OCPU/MCU_R04/out/mt2625_evb/nbiot_m2m_demo/obj/bootloader/driver/chip/mt2625/src/hal_flash_disk.o
                0x04000c94                get_rawdisk_error_code
 .text.get_block_size_from_address
                0x04000cc0       0x30 f:/NB-IOT/MTK/MT2625/SDK/Develop/NBIOT_SDK_OCPU/MCU_R04/out/mt2625_evb/nbiot_m2m_demo/obj/bootloader/driver/chip/mt2625/src/hal_flash_disk.o
                0x04000cc0                get_block_size_from_address
 .text.hal_flash_init
                0x04000cf0        0xa f:/NB-IOT/MTK/MT2625/SDK/Develop/NBIOT_SDK_OCPU/MCU_R04/out/mt2625_evb/nbiot_m2m_demo/obj/bootloader/driver/chip/mt2625/src/hal_flash_disk.o
                0x04000cf0                hal_flash_init
 *fill*         0x04000cfa        0x2 
 .text.hal_flash_erase
                0x04000cfc       0x28 f:/NB-IOT/MTK/MT2625/SDK/Develop/NBIOT_SDK_OCPU/MCU_R04/out/mt2625_evb/nbiot_m2m_demo/obj/bootloader/driver/chip/mt2625/src/hal_flash_disk.o
                0x04000cfc                hal_flash_erase
 .text.hal_flash_read
                0x04000d24       0x24 f:/NB-IOT/MTK/MT2625/SDK/Develop/NBIOT_SDK_OCPU/MCU_R04/out/mt2625_evb/nbiot_m2m_demo/obj/bootloader/driver/chip/mt2625/src/hal_flash_disk.o
                0x04000d24                hal_flash_read
 .text.hal_flash_write
                0x04000d48       0x50 f:/NB-IOT/MTK/MT2625/SDK/Develop/NBIOT_SDK_OCPU/MCU_R04/out/mt2625_evb/nbiot_m2m_demo/obj/bootloader/driver/chip/mt2625/src/hal_flash_disk.o
                0x04000d48                hal_flash_write
 .text.hal_uart_init
                0x04000d98       0xe4 f:/NB-IOT/MTK/MT2625/SDK/Develop/NBIOT_SDK_OCPU/MCU_R04/out/mt2625_evb/nbiot_m2m_demo/obj/bootloader/driver/chip/mt2625/src/hal_uart.o
                0x04000d98                hal_uart_init
 .text.hal_uart_put_char
                0x04000e7c       0x20 f:/NB-IOT/MTK/MT2625/SDK/Develop/NBIOT_SDK_OCPU/MCU_R04/out/mt2625_evb/nbiot_m2m_demo/obj/bootloader/driver/chip/mt2625/src/hal_uart.o
                0x04000e7c                hal_uart_put_char
 .text.uart_set_baudrate
                0x04000e9c       0xa8 f:/NB-IOT/MTK/MT2625/SDK/Develop/NBIOT_SDK_OCPU/MCU_R04/out/mt2625_evb/nbiot_m2m_demo/obj/bootloader/driver/chip/mt2625/src/hal_uart_internal.o
                0x04000e9c                uart_set_baudrate
 .text.uart_set_format
                0x04000f44       0x34 f:/NB-IOT/MTK/MT2625/SDK/Develop/NBIOT_SDK_OCPU/MCU_R04/out/mt2625_evb/nbiot_m2m_demo/obj/bootloader/driver/chip/mt2625/src/hal_uart_internal.o
                0x04000f44                uart_set_format
 .text.uart_put_char_block
                0x04000f78        0xa f:/NB-IOT/MTK/MT2625/SDK/Develop/NBIOT_SDK_OCPU/MCU_R04/out/mt2625_evb/nbiot_m2m_demo/obj/bootloader/driver/chip/mt2625/src/hal_uart_internal.o
                0x04000f78                uart_put_char_block
 *fill*         0x04000f82        0x2 
 .text.uart_set_fifo
                0x04000f84        0xc f:/NB-IOT/MTK/MT2625/SDK/Develop/NBIOT_SDK_OCPU/MCU_R04/out/mt2625_evb/nbiot_m2m_demo/obj/bootloader/driver/chip/mt2625/src/hal_uart_internal.o
                0x04000f84                uart_set_fifo
 .text.uart_reset_default_value
                0x04000f90       0x2c f:/NB-IOT/MTK/MT2625/SDK/Develop/NBIOT_SDK_OCPU/MCU_R04/out/mt2625_evb/nbiot_m2m_demo/obj/bootloader/driver/chip/mt2625/src/hal_uart_internal.o
                0x04000f90                uart_reset_default_value
 .text.rtc_wait_busy
                0x04000fbc       0x1c f:/NB-IOT/MTK/MT2625/SDK/Develop/NBIOT_SDK_OCPU/MCU_R04/out/mt2625_evb/nbiot_m2m_demo/obj/bootloader/driver/chip/mt2625/src/hal_rtc.o
 .text.rtc_write_osc32con0
                0x04000fd8       0x50 f:/NB-IOT/MTK/MT2625/SDK/Develop/NBIOT_SDK_OCPU/MCU_R04/out/mt2625_evb/nbiot_m2m_demo/obj/bootloader/driver/chip/mt2625/src/hal_rtc.o
 .text.rtc_write_osc32con1
                0x04001028       0x30 f:/NB-IOT/MTK/MT2625/SDK/Develop/NBIOT_SDK_OCPU/MCU_R04/out/mt2625_evb/nbiot_m2m_demo/obj/bootloader/driver/chip/mt2625/src/hal_rtc.o
 .text.rtc_write_osc32con2
                0x04001058       0x50 f:/NB-IOT/MTK/MT2625/SDK/Develop/NBIOT_SDK_OCPU/MCU_R04/out/mt2625_evb/nbiot_m2m_demo/obj/bootloader/driver/chip/mt2625/src/hal_rtc.o
 .text.rtc_write_sramcon
                0x040010a8       0x50 f:/NB-IOT/MTK/MT2625/SDK/Develop/NBIOT_SDK_OCPU/MCU_R04/out/mt2625_evb/nbiot_m2m_demo/obj/bootloader/driver/chip/mt2625/src/hal_rtc.o
 .text.rtc_calendar_time_to_seconds
                0x040010f8       0x78 f:/NB-IOT/MTK/MT2625/SDK/Develop/NBIOT_SDK_OCPU/MCU_R04/out/mt2625_evb/nbiot_m2m_demo/obj/bootloader/driver/chip/mt2625/src/hal_rtc.o
 .text.rtc_set_pmu_ao_latch
                0x04001170       0x28 f:/NB-IOT/MTK/MT2625/SDK/Develop/NBIOT_SDK_OCPU/MCU_R04/out/mt2625_evb/nbiot_m2m_demo/obj/bootloader/driver/chip/mt2625/src/hal_rtc.o
 .text.rtc_write_trigger_wait
                0x04001198       0x14 f:/NB-IOT/MTK/MT2625/SDK/Develop/NBIOT_SDK_OCPU/MCU_R04/out/mt2625_evb/nbiot_m2m_demo/obj/bootloader/driver/chip/mt2625/src/hal_rtc.o
 .text.rtc_unlock_PROT
                0x040011ac       0x24 f:/NB-IOT/MTK/MT2625/SDK/Develop/NBIOT_SDK_OCPU/MCU_R04/out/mt2625_evb/nbiot_m2m_demo/obj/bootloader/driver/chip/mt2625/src/hal_rtc.o
 .text.rtc_reload
                0x040011d0       0x14 f:/NB-IOT/MTK/MT2625/SDK/Develop/NBIOT_SDK_OCPU/MCU_R04/out/mt2625_evb/nbiot_m2m_demo/obj/bootloader/driver/chip/mt2625/src/hal_rtc.o
 .text.rtc_read_osc32con1
                0x040011e4       0x14 f:/NB-IOT/MTK/MT2625/SDK/Develop/NBIOT_SDK_OCPU/MCU_R04/out/mt2625_evb/nbiot_m2m_demo/obj/bootloader/driver/chip/mt2625/src/hal_rtc.o
 .text.rtc_lpd_init
                0x040011f8       0x38 f:/NB-IOT/MTK/MT2625/SDK/Develop/NBIOT_SDK_OCPU/MCU_R04/out/mt2625_evb/nbiot_m2m_demo/obj/bootloader/driver/chip/mt2625/src/hal_rtc.o
 .text.f32k_measure_clock
                0x04001230       0x64 f:/NB-IOT/MTK/MT2625/SDK/Develop/NBIOT_SDK_OCPU/MCU_R04/out/mt2625_evb/nbiot_m2m_demo/obj/bootloader/driver/chip/mt2625/src/hal_rtc.o
                0x04001230                f32k_measure_clock
 .text.hal_rtc_get_time
                0x04001294       0x50 f:/NB-IOT/MTK/MT2625/SDK/Develop/NBIOT_SDK_OCPU/MCU_R04/out/mt2625_evb/nbiot_m2m_demo/obj/bootloader/driver/chip/mt2625/src/hal_rtc.o
                0x04001294                hal_rtc_get_time
 .text.rtc_set_data
                0x040012e4       0x58 f:/NB-IOT/MTK/MT2625/SDK/Develop/NBIOT_SDK_OCPU/MCU_R04/out/mt2625_evb/nbiot_m2m_demo/obj/bootloader/driver/chip/mt2625/src/hal_rtc.o
                0x040012e4                rtc_set_data
 .text.hal_rtc_set_data
                0x0400133c       0x18 f:/NB-IOT/MTK/MT2625/SDK/Develop/NBIOT_SDK_OCPU/MCU_R04/out/mt2625_evb/nbiot_m2m_demo/obj/bootloader/driver/chip/mt2625/src/hal_rtc.o
                0x0400133c                hal_rtc_set_data
 .text.rtc_get_data
                0x04001354       0x44 f:/NB-IOT/MTK/MT2625/SDK/Develop/NBIOT_SDK_OCPU/MCU_R04/out/mt2625_evb/nbiot_m2m_demo/obj/bootloader/driver/chip/mt2625/src/hal_rtc.o
                0x04001354                rtc_get_data
 .text.hal_rtc_get_data
                0x04001398       0x18 f:/NB-IOT/MTK/MT2625/SDK/Develop/NBIOT_SDK_OCPU/MCU_R04/out/mt2625_evb/nbiot_m2m_demo/obj/bootloader/driver/chip/mt2625/src/hal_rtc.o
                0x04001398                hal_rtc_get_data
 .text.hal_rtc_retention_sram_config
                0x040013b0      0x220 f:/NB-IOT/MTK/MT2625/SDK/Develop/NBIOT_SDK_OCPU/MCU_R04/out/mt2625_evb/nbiot_m2m_demo/obj/bootloader/driver/chip/mt2625/src/hal_rtc.o
                0x040013b0                hal_rtc_retention_sram_config
 .text.rtc_power_on_result
                0x040015d0       0x18 f:/NB-IOT/MTK/MT2625/SDK/Develop/NBIOT_SDK_OCPU/MCU_R04/out/mt2625_evb/nbiot_m2m_demo/obj/bootloader/driver/chip/mt2625/src/hal_rtc.o
                0x040015d0                rtc_power_on_result
 .text.hal_rtc_exit_retention_mode
                0x040015e8      0x1f4 f:/NB-IOT/MTK/MT2625/SDK/Develop/NBIOT_SDK_OCPU/MCU_R04/out/mt2625_evb/nbiot_m2m_demo/obj/bootloader/driver/chip/mt2625/src/hal_rtc.o
                0x040015e8                hal_rtc_exit_retention_mode
 .text.rtc_get_second_diff_from_two_time
                0x040017dc       0x14 f:/NB-IOT/MTK/MT2625/SDK/Develop/NBIOT_SDK_OCPU/MCU_R04/out/mt2625_evb/nbiot_m2m_demo/obj/bootloader/driver/chip/mt2625/src/hal_rtc.o
                0x040017dc                rtc_get_second_diff_from_two_time
 .text.rtc_tick_calculation
                0x040017f0       0x60 f:/NB-IOT/MTK/MT2625/SDK/Develop/NBIOT_SDK_OCPU/MCU_R04/out/mt2625_evb/nbiot_m2m_demo/obj/bootloader/driver/chip/mt2625/src/hal_rtc.o
 .text.hal_rtc_init
                0x04001850      0x36c f:/NB-IOT/MTK/MT2625/SDK/Develop/NBIOT_SDK_OCPU/MCU_R04/out/mt2625_evb/nbiot_m2m_demo/obj/bootloader/driver/chip/mt2625/src/hal_rtc.o
                0x04001850                hal_rtc_init
 .text.hal_wdt_isr
                0x04001bbc       0x1c f:/NB-IOT/MTK/MT2625/SDK/Develop/NBIOT_SDK_OCPU/MCU_R04/out/mt2625_evb/nbiot_m2m_demo/obj/bootloader/driver/chip/mt2625/src/hal_wdt.o
 .text.hal_wdt_init
                0x04001bd8       0x60 f:/NB-IOT/MTK/MT2625/SDK/Develop/NBIOT_SDK_OCPU/MCU_R04/out/mt2625_evb/nbiot_m2m_demo/obj/bootloader/driver/chip/mt2625/src/hal_wdt.o
                0x04001bd8                hal_wdt_init
 .text.hal_wdt_feed
                0x04001c38       0x44 f:/NB-IOT/MTK/MT2625/SDK/Develop/NBIOT_SDK_OCPU/MCU_R04/out/mt2625_evb/nbiot_m2m_demo/obj/bootloader/driver/chip/mt2625/src/hal_wdt.o
                0x04001c38                hal_wdt_feed
 .text.hal_wdt_software_reset
                0x04001c7c       0x10 f:/NB-IOT/MTK/MT2625/SDK/Develop/NBIOT_SDK_OCPU/MCU_R04/out/mt2625_evb/nbiot_m2m_demo/obj/bootloader/driver/chip/mt2625/src/hal_wdt.o
                0x04001c7c                hal_wdt_software_reset
 .text.hal_wdt_enable
                0x04001c8c       0x28 f:/NB-IOT/MTK/MT2625/SDK/Develop/NBIOT_SDK_OCPU/MCU_R04/out/mt2625_evb/nbiot_m2m_demo/obj/bootloader/driver/chip/mt2625/src/hal_wdt.o
                0x04001c8c                hal_wdt_enable
 .text.wdt_set_length
                0x04001cb4       0x24 f:/NB-IOT/MTK/MT2625/SDK/Develop/NBIOT_SDK_OCPU/MCU_R04/out/mt2625_evb/nbiot_m2m_demo/obj/bootloader/driver/chip/mt2625/src/hal_wdt_internal.o
                0x04001cb4                wdt_set_length
 .text.wdt_set_mode
                0x04001cd8       0x14 f:/NB-IOT/MTK/MT2625/SDK/Develop/NBIOT_SDK_OCPU/MCU_R04/out/mt2625_evb/nbiot_m2m_demo/obj/bootloader/driver/chip/mt2625/src/hal_wdt_internal.o
                0x04001cd8                wdt_set_mode
 .text.wdt_set_restart
                0x04001cec       0x10 f:/NB-IOT/MTK/MT2625/SDK/Develop/NBIOT_SDK_OCPU/MCU_R04/out/mt2625_evb/nbiot_m2m_demo/obj/bootloader/driver/chip/mt2625/src/hal_wdt_internal.o
                0x04001cec                wdt_set_restart
 .text.wdt_set_sw_rst
                0x04001cfc       0x10 f:/NB-IOT/MTK/MT2625/SDK/Develop/NBIOT_SDK_OCPU/MCU_R04/out/mt2625_evb/nbiot_m2m_demo/obj/bootloader/driver/chip/mt2625/src/hal_wdt_internal.o
                0x04001cfc                wdt_set_sw_rst
 .text.wdt_set_enable
                0x04001d0c       0x20 f:/NB-IOT/MTK/MT2625/SDK/Develop/NBIOT_SDK_OCPU/MCU_R04/out/mt2625_evb/nbiot_m2m_demo/obj/bootloader/driver/chip/mt2625/src/hal_wdt_internal.o
                0x04001d0c                wdt_set_enable
 .text.wdt_get_reset_status
                0x04001d2c       0x1c f:/NB-IOT/MTK/MT2625/SDK/Develop/NBIOT_SDK_OCPU/MCU_R04/out/mt2625_evb/nbiot_m2m_demo/obj/bootloader/driver/chip/mt2625/src/hal_wdt_internal.o
                0x04001d2c                wdt_get_reset_status
 .text.wdt_clear_irq
                0x04001d48        0xc f:/NB-IOT/MTK/MT2625/SDK/Develop/NBIOT_SDK_OCPU/MCU_R04/out/mt2625_evb/nbiot_m2m_demo/obj/bootloader/driver/chip/mt2625/src/hal_wdt_internal.o
                0x04001d48                wdt_clear_irq
 .text.rock_mismatch
                0x04001d54        0x4 f:/NB-IOT/MTK/MT2625/SDK/Develop/NBIOT_SDK_OCPU/MCU_R04/out/mt2625_evb/nbiot_m2m_demo/obj/bootloader/middleware/third_party/rock_fota/src/rock_ua.o
                0x04001d54                rock_mismatch
 .text.rock_fatal
                0x04001d58        0x4 f:/NB-IOT/MTK/MT2625/SDK/Develop/NBIOT_SDK_OCPU/MCU_R04/out/mt2625_evb/nbiot_m2m_demo/obj/bootloader/middleware/third_party/rock_fota/src/rock_ua.o
                0x04001d58                rock_fatal
 .text.rock_trace
                0x04001d5c       0x48 f:/NB-IOT/MTK/MT2625/SDK/Develop/NBIOT_SDK_OCPU/MCU_R04/out/mt2625_evb/nbiot_m2m_demo/obj/bootloader/middleware/third_party/rock_fota/src/rock_ua.o
                0x04001d5c                rock_trace
 .text.rock_progress
                0x04001da4       0x40 f:/NB-IOT/MTK/MT2625/SDK/Develop/NBIOT_SDK_OCPU/MCU_R04/out/mt2625_evb/nbiot_m2m_demo/obj/bootloader/middleware/third_party/rock_fota/src/rock_ua.o
                0x04001da4                rock_progress
 .text.rock_write_block
                0x04001de4       0x88 f:/NB-IOT/MTK/MT2625/SDK/Develop/NBIOT_SDK_OCPU/MCU_R04/out/mt2625_evb/nbiot_m2m_demo/obj/bootloader/middleware/third_party/rock_fota/src/rock_ua.o
                0x04001de4                rock_write_block
 .text.rock_read_block
                0x04001e6c       0x30 f:/NB-IOT/MTK/MT2625/SDK/Develop/NBIOT_SDK_OCPU/MCU_R04/out/mt2625_evb/nbiot_m2m_demo/obj/bootloader/middleware/third_party/rock_fota/src/rock_ua.o
                0x04001e6c                rock_read_block
 .text.rock_read_delta
                0x04001e9c       0x34 f:/NB-IOT/MTK/MT2625/SDK/Develop/NBIOT_SDK_OCPU/MCU_R04/out/mt2625_evb/nbiot_m2m_demo/obj/bootloader/middleware/third_party/rock_fota/src/rock_ua.o
                0x04001e9c                rock_read_delta
 .text.rock_get_blocksize
                0x04001ed0        0x6 f:/NB-IOT/MTK/MT2625/SDK/Develop/NBIOT_SDK_OCPU/MCU_R04/out/mt2625_evb/nbiot_m2m_demo/obj/bootloader/middleware/third_party/rock_fota/src/rock_ua.o
                0x04001ed0                rock_get_blocksize
 .text.rock_read_file
                0x04001ed6        0x4 f:/NB-IOT/MTK/MT2625/SDK/Develop/NBIOT_SDK_OCPU/MCU_R04/out/mt2625_evb/nbiot_m2m_demo/obj/bootloader/middleware/third_party/rock_fota/src/rock_ua.o
                0x04001ed6                rock_read_file
 .text.rock_write_file
                0x04001eda        0x4 f:/NB-IOT/MTK/MT2625/SDK/Develop/NBIOT_SDK_OCPU/MCU_R04/out/mt2625_evb/nbiot_m2m_demo/obj/bootloader/middleware/third_party/rock_fota/src/rock_ua.o
                0x04001eda                rock_write_file
 .text.rock_delete_file
                0x04001ede        0x4 f:/NB-IOT/MTK/MT2625/SDK/Develop/NBIOT_SDK_OCPU/MCU_R04/out/mt2625_evb/nbiot_m2m_demo/obj/bootloader/middleware/third_party/rock_fota/src/rock_ua.o
                0x04001ede                rock_delete_file
 *fill*         0x04001ee2        0x2 
 .text.rock_main
                0x04001ee4       0x64 f:/NB-IOT/MTK/MT2625/SDK/Develop/NBIOT_SDK_OCPU/MCU_R04/out/mt2625_evb/nbiot_m2m_demo/obj/bootloader/middleware/third_party/rock_fota/src/rock_ua.o
                0x04001ee4                rock_main
 .text.printf   0x04001f48       0x16 f:/NB-IOT/MTK/MT2625/SDK/Develop/NBIOT_SDK_OCPU/MCU_R04/out/mt2625_evb/nbiot_m2m_demo/obj/bootloader/project/mt2625_evb/apps/bootloader/GCC/syscalls.o
                0x04001f48                printf
 *fill*         0x04001f5e        0x2 
 .text.bl_itoa  0x04001f60       0x60 f:/NB-IOT/MTK/MT2625/SDK/Develop/NBIOT_SDK_OCPU/MCU_R04/out/mt2625_evb/nbiot_m2m_demo/obj/bootloader/project/mt2625_evb/apps/bootloader/src/bl_dbgprint.o
 .text.bl_print
                0x04001fc0        0x6 f:/NB-IOT/MTK/MT2625/SDK/Develop/NBIOT_SDK_OCPU/MCU_R04/out/mt2625_evb/nbiot_m2m_demo/obj/bootloader/project/mt2625_evb/apps/bootloader/src/bl_dbgprint.o
                0x04001fc0                bl_print
 .text.bl_set_debug_level
                0x04001fc6        0x2 f:/NB-IOT/MTK/MT2625/SDK/Develop/NBIOT_SDK_OCPU/MCU_R04/out/mt2625_evb/nbiot_m2m_demo/obj/bootloader/project/mt2625_evb/apps/bootloader/src/bl_dbgprint.o
                0x04001fc6                bl_set_debug_level
 .text.bl_print_internal
                0x04001fc8        0x6 f:/NB-IOT/MTK/MT2625/SDK/Develop/NBIOT_SDK_OCPU/MCU_R04/out/mt2625_evb/nbiot_m2m_demo/obj/bootloader/project/mt2625_evb/apps/bootloader/src/bl_dbgprint.o
                0x04001fc8                bl_print_internal
 *fill*         0x04001fce        0x2 
 .text.ql_bl_print_internal
                0x04001fd0      0x1d4 f:/NB-IOT/MTK/MT2625/SDK/Develop/NBIOT_SDK_OCPU/MCU_R04/out/mt2625_evb/nbiot_m2m_demo/obj/bootloader/project/mt2625_evb/apps/bootloader/src/bl_dbgprint.o
                0x04001fd0                ql_bl_print_internal
 .text.ql_bl_print
                0x040021a4       0x1a f:/NB-IOT/MTK/MT2625/SDK/Develop/NBIOT_SDK_OCPU/MCU_R04/out/mt2625_evb/nbiot_m2m_demo/obj/bootloader/project/mt2625_evb/apps/bootloader/src/bl_dbgprint.o
                0x040021a4                ql_bl_print
 .text.bl_custom_rom_baseaddr
                0x040021be        0x6 f:/NB-IOT/MTK/MT2625/SDK/Develop/NBIOT_SDK_OCPU/MCU_R04/out/mt2625_evb/nbiot_m2m_demo/obj/bootloader/project/mt2625_evb/apps/bootloader/src/custom_blconfig.o
                0x040021be                bl_custom_rom_baseaddr
 .text.bl_custom_cm4_start_address
                0x040021c4        0x8 f:/NB-IOT/MTK/MT2625/SDK/Develop/NBIOT_SDK_OCPU/MCU_R04/out/mt2625_evb/nbiot_m2m_demo/obj/bootloader/project/mt2625_evb/apps/bootloader/src/custom_blconfig.o
                0x040021c4                bl_custom_cm4_start_address
 .text.bl_custom_fota_start_address
                0x040021cc        0x8 f:/NB-IOT/MTK/MT2625/SDK/Develop/NBIOT_SDK_OCPU/MCU_R04/out/mt2625_evb/nbiot_m2m_demo/obj/bootloader/project/mt2625_evb/apps/bootloader/src/custom_blconfig.o
                0x040021cc                bl_custom_fota_start_address
 .text.bl_custom_fota_size
                0x040021d4        0x6 f:/NB-IOT/MTK/MT2625/SDK/Develop/NBIOT_SDK_OCPU/MCU_R04/out/mt2625_evb/nbiot_m2m_demo/obj/bootloader/project/mt2625_evb/apps/bootloader/src/custom_blconfig.o
                0x040021d4                bl_custom_fota_size
 *fill*         0x040021da        0x2 
 .text.bl_hardware_init
                0x040021dc      0x114 f:/NB-IOT/MTK/MT2625/SDK/Develop/NBIOT_SDK_OCPU/MCU_R04/out/mt2625_evb/nbiot_m2m_demo/obj/bootloader/project/mt2625_evb/apps/bootloader/src/main.o
                0x040021dc                bl_hardware_init
 .text.bl_start_user_code
                0x040022f0       0x20 f:/NB-IOT/MTK/MT2625/SDK/Develop/NBIOT_SDK_OCPU/MCU_R04/out/mt2625_evb/nbiot_m2m_demo/obj/bootloader/project/mt2625_evb/apps/bootloader/src/main.o
                0x040022f0                bl_start_user_code
 .text.startup.main
                0x04002310       0x12 f:/NB-IOT/MTK/MT2625/SDK/Develop/NBIOT_SDK_OCPU/MCU_R04/out/mt2625_evb/nbiot_m2m_demo/obj/bootloader/project/mt2625_evb/apps/bootloader/src/main.o
                0x04002310                main
 *fill*         0x04002322        0x2 
 .text.bl_fota_write_update_info
                0x04002324       0xc8 f:/NB-IOT/MTK/MT2625/SDK/Develop/NBIOT_SDK_OCPU/MCU_R04/out/mt2625_evb/nbiot_m2m_demo/obj/bootloader/project/mt2625_evb/apps/bootloader/src/bl_fota.o
                0x04002324                bl_fota_write_update_info
 .text.bl_fota_write_marker
                0x040023ec       0x3c f:/NB-IOT/MTK/MT2625/SDK/Develop/NBIOT_SDK_OCPU/MCU_R04/out/mt2625_evb/nbiot_m2m_demo/obj/bootloader/project/mt2625_evb/apps/bootloader/src/bl_fota.o
                0x040023ec                bl_fota_write_marker
 .text.bl_fota_write_update_status
                0x04002428       0x30 f:/NB-IOT/MTK/MT2625/SDK/Develop/NBIOT_SDK_OCPU/MCU_R04/out/mt2625_evb/nbiot_m2m_demo/obj/bootloader/project/mt2625_evb/apps/bootloader/src/bl_fota.o
                0x04002428                bl_fota_write_update_status
 .text.bl_fota_read_update_info
                0x04002458       0x64 f:/NB-IOT/MTK/MT2625/SDK/Develop/NBIOT_SDK_OCPU/MCU_R04/out/mt2625_evb/nbiot_m2m_demo/obj/bootloader/project/mt2625_evb/apps/bootloader/src/bl_fota.o
                0x04002458                bl_fota_read_update_info
 .text.bl_fota_is_updating
                0x040024bc       0x58 f:/NB-IOT/MTK/MT2625/SDK/Develop/NBIOT_SDK_OCPU/MCU_R04/out/mt2625_evb/nbiot_m2m_demo/obj/bootloader/project/mt2625_evb/apps/bootloader/src/bl_fota.o
                0x040024bc                bl_fota_is_updating
 .text.bl_fota_is_triggered
                0x04002514       0x4c f:/NB-IOT/MTK/MT2625/SDK/Develop/NBIOT_SDK_OCPU/MCU_R04/out/mt2625_evb/nbiot_m2m_demo/obj/bootloader/project/mt2625_evb/apps/bootloader/src/bl_fota.o
                0x04002514                bl_fota_is_triggered
 .text.bl_rock_fota_update_main
                0x04002560       0xa0 f:/NB-IOT/MTK/MT2625/SDK/Develop/NBIOT_SDK_OCPU/MCU_R04/out/mt2625_evb/nbiot_m2m_demo/obj/bootloader/project/mt2625_evb/apps/bootloader/src/bl_fota.o
                0x04002560                bl_rock_fota_update_main
 .text.bl_fota_process
                0x04002600       0x4c f:/NB-IOT/MTK/MT2625/SDK/Develop/NBIOT_SDK_OCPU/MCU_R04/out/mt2625_evb/nbiot_m2m_demo/obj/bootloader/project/mt2625_evb/apps/bootloader/src/bl_fota.o
                0x04002600                bl_fota_process
 .text.chip_is_mt2625E3
                0x0400264c       0x20 ../../../../../prebuilt/driver/chip/mt2625/lib/libhal_protected_CM4_GCC.a(version_code.o)
                0x0400264c                chip_is_mt2625E3
 .text.apply_patch_from_rom
                0x0400266c      0x45c ../../../../../middleware/third_party/rock_fota/lib/libiotpatch_gmobi_316_armgcc484.a(iotpatch.o)
                0x0400266c                apply_patch_from_rom
 .text.rock_write_block_with_backup
                0x04002ac8       0x48 ../../../../../middleware/third_party/rock_fota/lib/libiotpatch_gmobi_316_armgcc484.a(iot_main.o)
 .text.hash_from_rom
                0x04002b10      0x170 ../../../../../middleware/third_party/rock_fota/lib/libiotpatch_gmobi_316_armgcc484.a(iot_main.o)
 .text.iot_patch
                0x04002c80      0xa4c ../../../../../middleware/third_party/rock_fota/lib/libiotpatch_gmobi_316_armgcc484.a(iot_main.o)
                0x04002c80                iot_patch
 .text.iot_adler32
                0x040036cc      0x230 ../../../../../middleware/third_party/rock_fota/lib/libiotpatch_gmobi_316_armgcc484.a(iot_adler32.o)
                0x040036cc                iot_adler32
 .text.iot_hash
                0x040038fc       0x18 ../../../../../middleware/third_party/rock_fota/lib/libiotpatch_gmobi_316_armgcc484.a(iot_adler32.o)
                0x040038fc                iot_hash
 .text.iot_hash_combine
                0x04003914       0x80 ../../../../../middleware/third_party/rock_fota/lib/libiotpatch_gmobi_316_armgcc484.a(iot_adler32.o)
                0x04003914                iot_hash_combine
 .text.LzmaDec_TryDummy
                0x04003994      0x474 ../../../../../middleware/third_party/rock_fota/lib/libiotpatch_gmobi_316_armgcc484.a(LzmaDec.o)
 .text.LzmaDec_DecodeReal2
                0x04003e08      0xaec ../../../../../middleware/third_party/rock_fota/lib/libiotpatch_gmobi_316_armgcc484.a(LzmaDec.o)
 .text.LzmaDec_Init
                0x040048f4       0x14 ../../../../../middleware/third_party/rock_fota/lib/libiotpatch_gmobi_316_armgcc484.a(LzmaDec.o)
                0x040048f4                LzmaDec_Init
 .text.LzmaDec_DecodeToBuf
                0x04004908      0x510 ../../../../../middleware/third_party/rock_fota/lib/libiotpatch_gmobi_316_armgcc484.a(LzmaDec.o)
                0x04004908                LzmaDec_DecodeToBuf
 .text.LzmaDec_Free
                0x04004e18       0x20 ../../../../../middleware/third_party/rock_fota/lib/libiotpatch_gmobi_316_armgcc484.a(LzmaDec.o)
                0x04004e18                LzmaDec_Free
 .text.LzmaDec_Allocate
                0x04004e38       0xe8 ../../../../../middleware/third_party/rock_fota/lib/libiotpatch_gmobi_316_armgcc484.a(LzmaDec.o)
                0x04004e38                LzmaDec_Allocate
 .text.vex_malloc
                0x04004f20      0x198 ../../../../../middleware/third_party/rock_fota/lib/libiotpatch_gmobi_316_armgcc484.a(mempool.o)
                0x04004f20                vex_malloc
 .text.vex_free
                0x040050b8       0xb0 ../../../../../middleware/third_party/rock_fota/lib/libiotpatch_gmobi_316_armgcc484.a(mempool.o)
                0x040050b8                vex_free
 .text.vex_vmm_init
                0x04005168       0x4c ../../../../../middleware/third_party/rock_fota/lib/libiotpatch_gmobi_316_armgcc484.a(mempool.o)
                0x04005168                vex_vmm_init
 .text.block_stream_flush
                0x040051b4       0x38 ../../../../../middleware/third_party/rock_fota/lib/libiotpatch_gmobi_316_armgcc484.a(block_stream.o)
                0x040051b4                block_stream_flush
 .text.block_stream_writenb
                0x040051ec       0x8c ../../../../../middleware/third_party/rock_fota/lib/libiotpatch_gmobi_316_armgcc484.a(block_stream.o)
                0x040051ec                block_stream_writenb
 .text.block_stream_readnb
                0x04005278       0x90 ../../../../../middleware/third_party/rock_fota/lib/libiotpatch_gmobi_316_armgcc484.a(block_stream.o)
                0x04005278                block_stream_readnb
 .text.block_stream_init
                0x04005308       0x50 ../../../../../middleware/third_party/rock_fota/lib/libiotpatch_gmobi_316_armgcc484.a(block_stream.o)
                0x04005308                block_stream_init
 .text.block_stream_free
                0x04005358       0x10 ../../../../../middleware/third_party/rock_fota/lib/libiotpatch_gmobi_316_armgcc484.a(block_stream.o)
                0x04005358                block_stream_free
 .text.lzma_stream_free
                0x04005368       0x20 ../../../../../middleware/third_party/rock_fota/lib/libiotpatch_gmobi_316_armgcc484.a(lzma_stream.o)
                0x04005368                lzma_stream_free
 .text.lzma_stream_init
                0x04005388      0x104 ../../../../../middleware/third_party/rock_fota/lib/libiotpatch_gmobi_316_armgcc484.a(lzma_stream.o)
                0x04005388                lzma_stream_init
 .text.lzma_stream_readnb
                0x0400548c       0xe4 ../../../../../middleware/third_party/rock_fota/lib/libiotpatch_gmobi_316_armgcc484.a(lzma_stream.o)
                0x0400548c                lzma_stream_readnb
 .text.SzFree   0x04005570        0x8 ../../../../../middleware/third_party/rock_fota/lib/libiotpatch_gmobi_316_armgcc484.a(iot_alloc.o)
 .text.SzAlloc  0x04005578        0x8 ../../../../../middleware/third_party/rock_fota/lib/libiotpatch_gmobi_316_armgcc484.a(iot_alloc.o)
 .text.memcmp   0x04005580       0x1e f:/nb-iot/mtk/mt2625/sdk/develop/nbiot_sdk_ocpu/mcu_r04/tools/gcc/win/gcc-arm-none-eabi/bin/../lib/gcc/arm-none-eabi/4.8.3/../../../../arm-none-eabi/lib/armv7e-m/fpu\libg_s.a(lib_a-memcmp.o)
                0x04005580                memcmp
 .text.memcpy   0x0400559e       0x12 f:/nb-iot/mtk/mt2625/sdk/develop/nbiot_sdk_ocpu/mcu_r04/tools/gcc/win/gcc-arm-none-eabi/bin/../lib/gcc/arm-none-eabi/4.8.3/../../../../arm-none-eabi/lib/armv7e-m/fpu\libg_s.a(lib_a-memcpy-stub.o)
                0x0400559e                memcpy
 .text.memset   0x040055b0       0x10 f:/nb-iot/mtk/mt2625/sdk/develop/nbiot_sdk_ocpu/mcu_r04/tools/gcc/win/gcc-arm-none-eabi/bin/../lib/gcc/arm-none-eabi/4.8.3/../../../../arm-none-eabi/lib/armv7e-m/fpu\libg_s.a(lib_a-memset.o)
                0x040055b0                memset
 .text.strcat   0x040055c0       0x1a f:/nb-iot/mtk/mt2625/sdk/develop/nbiot_sdk_ocpu/mcu_r04/tools/gcc/win/gcc-arm-none-eabi/bin/../lib/gcc/arm-none-eabi/4.8.3/../../../../arm-none-eabi/lib/armv7e-m/fpu\libg_s.a(lib_a-strcat.o)
                0x040055c0                strcat
 *(.rodata)
 *fill*         0x040055da        0x2 
 .rodata        0x040055dc        0x8 f:/NB-IOT/MTK/MT2625/SDK/Develop/NBIOT_SDK_OCPU/MCU_R04/out/mt2625_evb/nbiot_m2m_demo/obj/bootloader/driver/chip/mt2625/src/hal_emi.o
 .rodata        0x040055e4       0x28 f:/NB-IOT/MTK/MT2625/SDK/Develop/NBIOT_SDK_OCPU/MCU_R04/out/mt2625_evb/nbiot_m2m_demo/obj/bootloader/driver/chip/mt2625/src/hal_uart_internal.o
 *(.rodata*)
 .rodata.combo_mem_id_list
                0x0400560c       0x44 f:/NB-IOT/MTK/MT2625/SDK/Develop/NBIOT_SDK_OCPU/MCU_R04/out/mt2625_evb/nbiot_m2m_demo/obj/bootloader/driver/chip/mt2625/src/hal_flash_combo_init.o
                0x0400560c                combo_mem_id_list
 .rodata.combo_mem_sw_list
                0x04005650      0x2b8 f:/NB-IOT/MTK/MT2625/SDK/Develop/NBIOT_SDK_OCPU/MCU_R04/out/mt2625_evb/nbiot_m2m_demo/obj/bootloader/driver/chip/mt2625/src/hal_flash_combo_nor.o
 .rodata.g_uart_baudrate_map
                0x04005908       0x34 f:/NB-IOT/MTK/MT2625/SDK/Develop/NBIOT_SDK_OCPU/MCU_R04/out/mt2625_evb/nbiot_m2m_demo/obj/bootloader/driver/chip/mt2625/src/hal_uart.o
 .rodata.CSWTCH.5
                0x0400593c        0x4 f:/NB-IOT/MTK/MT2625/SDK/Develop/NBIOT_SDK_OCPU/MCU_R04/out/mt2625_evb/nbiot_m2m_demo/obj/bootloader/driver/chip/mt2625/src/hal_uart_internal.o
 .rodata.g_uart_port_to_pdn
                0x04005940        0x4 f:/NB-IOT/MTK/MT2625/SDK/Develop/NBIOT_SDK_OCPU/MCU_R04/out/mt2625_evb/nbiot_m2m_demo/obj/bootloader/driver/chip/mt2625/src/hal_uart_internal.o
                0x04005940                g_uart_port_to_pdn
 .rodata.g_uart_regbase
                0x04005944       0x10 f:/NB-IOT/MTK/MT2625/SDK/Develop/NBIOT_SDK_OCPU/MCU_R04/out/mt2625_evb/nbiot_m2m_demo/obj/bootloader/driver/chip/mt2625/src/hal_uart_internal.o
                0x04005944                g_uart_regbase
 .rodata.rtc_spare_register_table
                0x04005954       0x10 f:/NB-IOT/MTK/MT2625/SDK/Develop/NBIOT_SDK_OCPU/MCU_R04/out/mt2625_evb/nbiot_m2m_demo/obj/bootloader/driver/chip/mt2625/src/hal_rtc.o
 .rodata.str1.1
                0x04005964      0x256 f:/NB-IOT/MTK/MT2625/SDK/Develop/NBIOT_SDK_OCPU/MCU_R04/out/mt2625_evb/nbiot_m2m_demo/obj/bootloader/driver/chip/mt2625/src/hal_rtc.o
 *fill*         0x04005bba        0x2 
 .rodata.past_days.8769
                0x04005bbc       0x30 f:/NB-IOT/MTK/MT2625/SDK/Develop/NBIOT_SDK_OCPU/MCU_R04/out/mt2625_evb/nbiot_m2m_demo/obj/bootloader/driver/chip/mt2625/src/hal_rtc.o
 .rodata.str1.1
                0x04005bec      0x137 f:/NB-IOT/MTK/MT2625/SDK/Develop/NBIOT_SDK_OCPU/MCU_R04/out/mt2625_evb/nbiot_m2m_demo/obj/bootloader/middleware/third_party/rock_fota/src/rock_ua.o
 .rodata.str1.1
                0x04005d23        0x7 f:/NB-IOT/MTK/MT2625/SDK/Develop/NBIOT_SDK_OCPU/MCU_R04/out/mt2625_evb/nbiot_m2m_demo/obj/bootloader/project/mt2625_evb/apps/bootloader/src/bl_dbgprint.o
 .rodata.str1.1
                0x04005d2a      0x116 f:/NB-IOT/MTK/MT2625/SDK/Develop/NBIOT_SDK_OCPU/MCU_R04/out/mt2625_evb/nbiot_m2m_demo/obj/bootloader/project/mt2625_evb/apps/bootloader/src/main.o
 .rodata.__FUNCTION__.8582
                0x04005e40       0x1a f:/NB-IOT/MTK/MT2625/SDK/Develop/NBIOT_SDK_OCPU/MCU_R04/out/mt2625_evb/nbiot_m2m_demo/obj/bootloader/project/mt2625_evb/apps/bootloader/src/bl_fota.o
 .rodata.__FUNCTION__.8694
                0x04005e5a       0x19 f:/NB-IOT/MTK/MT2625/SDK/Develop/NBIOT_SDK_OCPU/MCU_R04/out/mt2625_evb/nbiot_m2m_demo/obj/bootloader/project/mt2625_evb/apps/bootloader/src/bl_fota.o
 .rodata.str1.1
                0x04005e73      0x8c8 f:/NB-IOT/MTK/MT2625/SDK/Develop/NBIOT_SDK_OCPU/MCU_R04/out/mt2625_evb/nbiot_m2m_demo/obj/bootloader/project/mt2625_evb/apps/bootloader/src/bl_fota.o
                                0x8cb (size before relaxing)
 .rodata.__FUNCTION__.8701
                0x0400673b       0x1e f:/NB-IOT/MTK/MT2625/SDK/Develop/NBIOT_SDK_OCPU/MCU_R04/out/mt2625_evb/nbiot_m2m_demo/obj/bootloader/project/mt2625_evb/apps/bootloader/src/bl_fota.o
 .rodata.__FUNCTION__.8711
                0x04006759       0x15 f:/NB-IOT/MTK/MT2625/SDK/Develop/NBIOT_SDK_OCPU/MCU_R04/out/mt2625_evb/nbiot_m2m_demo/obj/bootloader/project/mt2625_evb/apps/bootloader/src/bl_fota.o
 *fill*         0x0400676e        0x2 
 .rodata.str1.4
                0x04006770      0x182 ../../../../../middleware/third_party/rock_fota/lib/libiotpatch_gmobi_316_armgcc484.a(iotpatch.o)
                                0x184 (size before relaxing)
 *fill*         0x040068f2        0x2 
 .rodata.str1.4
                0x040068f4      0x5cc ../../../../../middleware/third_party/rock_fota/lib/libiotpatch_gmobi_316_armgcc484.a(iot_main.o)
 *(.ram_rodata)
 .ram_rodata    0x04006ec0      0x220 f:/NB-IOT/MTK/MT2625/SDK/Develop/NBIOT_SDK_OCPU/MCU_R04/out/mt2625_evb/nbiot_m2m_demo/obj/bootloader/driver/chip/mt2625/src/hal_flash_custom_sfi.o
 *(.sysram_rodata)
 *(.tcm_rodata)
 *(.glue_7)
 .glue_7        0x00000000        0x0 linker stubs
 *(.glue_7t)
 .glue_7t       0x00000000        0x0 linker stubs
 *(.eh_frame)
 *(.ram_code)
 .ram_code      0x040070e0      0x320 f:/NB-IOT/MTK/MT2625/SDK/Develop/NBIOT_SDK_OCPU/MCU_R04/out/mt2625_evb/nbiot_m2m_demo/obj/bootloader/driver/chip/mt2625/src/hal_flash_mtd_common.o
                0x040070e0                SFI_ReverseByteOrder
                0x040070e4                SFI_Dev_CommandAddress
                0x0400712c                SFI_GPRAM_Write_C1A3
                0x0400713e                SFI_GPRAM_Write_C1A4
                0x04007188                SFI_GPRAM_Write
                0x0400720e                SFI_Dev_Command_Ext
                0x04007288                SFI_Dev_Command_List
                0x04007354                SFI_ReadDeviceID
                0x0400736e                SFI_ReadDeviceID_SPI
                0x04007374                SFI_Dev_WorkingFrequencyQuery
                0x04007378                SFI_Dev_WorkingVoltageQuery
                0x04007390                SFI_Dev_GetUniqueID
                0x040073a0                SF_DAL_DEV_Enter_DPD
 .ram_code      0x04007400      0xb04 f:/NB-IOT/MTK/MT2625/SDK/Develop/NBIOT_SDK_OCPU/MCU_R04/out/mt2625_evb/nbiot_m2m_demo/obj/bootloader/driver/chip/mt2625/src/hal_flash_mtd_dal.o
                0x04007400                SF_DAL_UnlockBlock_None
                0x04007404                SF_DAL_NonBlockEraseBlock
                0x0400740a                SF_DAL_LockEraseBlkAddr
                0x0400740e                SF_DAL_OTPQueryLength
                0x04007418                SF_DAL_OTPRead_WINBOND
                0x04007540                SF_DAL_OTPAccess
                0x04007578                get_current_32K_counter
                0x04007592                ust_busy_wait
                0x04007596                SaveAndSetIRQMask
                0x0400759a                RestoreIRQMask
                0x0400759c                sfi_60qbit_test
                0x040075a0                Flash_ReturnReady
                0x040075a2                SF_DAL_FLAG_BUSY_SET
                0x040075b0                SF_DAL_FLAG_BUSY_CLR
                0x040075bc                SF_DAL_FLAG_SUS_SET
                0x040075c8                SF_DAL_FLAG_SUS_CLR
                0x040075d4                SF_DAL_Dev_ReadID
                0x0400760c                SF_DAL_Dev_Suspend
                0x04007644                SF_DAL_Dev_Resume
                0x04007674                SF_DAL_ResumeErase
                0x0400767e                SF_DAL_Dev_ReadStatus
                0x040076b0                SF_DAL_ShutDown
                0x040076f4                SF_DAL_SuspendErase
                0x04007720                SF_DAL_FailCheck
                0x04007746                SF_DAL_CheckReadyAndResume
                0x040077b0                SF_DAL_CheckDeviceReady
                0x04007830                SF_DAL_MountDevice
                0x0400788a                SF_DAL_Dev_Command
                0x040078b8                SF_DAL_Dev_WriteEnable
                0x040078c4                SF_DAL_ProgramData
                0x040079e0                SF_DAL_Dev_EraseBlock
                0x04007a14                SF_DAL_EraseBlock
                0x04007ad2                SF_DAL_OTPLock_WINBOND
                0x04007b34                SF_DAL_OTPWrite_WINBOND
                0x04007cb8                SF_DAL_OTPLock_MXIC
                0x04007cea                SF_DAL_OTPWrite_MXIC
                0x04007dc4                SF_DAL_OTPRead_MXIC
                0x04007e58                SF_DAL_Dev_Command_Ext
                0x04007e68                SF_DAL_Dev_WaitReady_EMIINIT
                0x04007e94                SF_DAL_UnlockBlock_MXIC
 .ram_code      0x04007f04       0xc4 f:/NB-IOT/MTK/MT2625/SDK/Develop/NBIOT_SDK_OCPU/MCU_R04/out/mt2625_evb/nbiot_m2m_demo/obj/bootloader/driver/chip/mt2625/src/hal_flash_custom_sfi.o
                0x04007f04                custom_setSFI
                0x04007fb0                custom_setSFIExt
 .ram_code      0x04007fc8       0xf8 f:/NB-IOT/MTK/MT2625/SDK/Develop/NBIOT_SDK_OCPU/MCU_R04/out/mt2625_evb/nbiot_m2m_demo/obj/bootloader/driver/chip/mt2625/src/hal_flash_combo_init.o
                0x04007fc8                CMEM_EMIINIT_CheckValidDeviceID
                0x04008004                CMEM_EMIINIT_ReadID
                0x04008060                CMEM_EMIINIT_Index
 .ram_code      0x040080c0       0x7c f:/NB-IOT/MTK/MT2625/SDK/Develop/NBIOT_SDK_OCPU/MCU_R04/out/mt2625_evb/nbiot_m2m_demo/obj/bootloader/driver/chip/mt2625/src/hal_flash_cfi.o
                0x040080c0                NOR_ReadID
 .ram_code      0x0400813c      0x178 f:/NB-IOT/MTK/MT2625/SDK/Develop/NBIOT_SDK_OCPU/MCU_R04/out/mt2625_evb/nbiot_m2m_demo/obj/bootloader/driver/chip/mt2625/src/hal_flash_mtd.o
                0x0400813c                BlockAddress
                0x0400817c                MapWindow
                0x0400824c                BlockSize
                0x0400826a                BlockIndex
                0x040082b0                DelayAWhile_UST
 *(.sysram_code)
 *(.tcm_code)
 .tcm_code      0x040082b4      0x120 f:/NB-IOT/MTK/MT2625/SDK/Develop/NBIOT_SDK_OCPU/MCU_R04/out/mt2625_evb/nbiot_m2m_demo/obj/bootloader/driver/chip/mt2625/src/hal_cache.o
                0x040082b4                hal_cache_invalidate_one_cache_line
                0x040082e8                hal_cache_invalidate_multiple_cache_lines
                0x0400831c                hal_cache_invalidate_all_cache_lines
                0x04008354                hal_cache_flush_one_cache_line
                0x04008388                hal_cache_flush_multiple_cache_lines
                0x040083ac                hal_cache_flush_all_cache_lines
 .tcm_code      0x040083d4      0x57c f:/NB-IOT/MTK/MT2625/SDK/Develop/NBIOT_SDK_OCPU/MCU_R04/out/mt2625_evb/nbiot_m2m_demo/obj/bootloader/driver/chip/mt2625/src/hal_emi.o
                0x040083d4                __EMI_GetSR
                0x04008400                __EMI_SetSR
                0x0400842c                __EMI_SetRegValfromCMCP
                0x04008474                EMI_PowerOn_Init
                0x040084d4                custom_setEMI
                0x04008500                hal_emi_configure
                0x04008504                __EMI_EnableBandwidthLimiter
                0x04008540                TestCase_MBIST
                0x040085f4                __EMI_DataAutoTrackingMbistTest
                0x04008604                __EMI_EnableDataAutoTracking
                0x0400864c                custom_setAdvEMI
                0x040086d8                hal_emi_configure_advanced
                0x040086dc                EMI_Setting_Save
                0x04008734                EMI_Setting_restore
                0x04008798                mtk_psram_half_sleep_exit
                0x0400880c                mtk_psram_half_sleep_enter
                0x0400885c                EMI_DynamicClockSwitch
                0x040088b8                hal_emi_dynamic_clock_switch
                0x04008930                emi_mask_master
                0x04008940                emi_unmask_master
 .tcm_code      0x04008950       0x58 f:/NB-IOT/MTK/MT2625/SDK/Develop/NBIOT_SDK_OCPU/MCU_R04/out/mt2625_evb/nbiot_m2m_demo/obj/bootloader/driver/chip/mt2625/src/hal_nvic.o
                0x04008950                get_current_irq
                0x04008960                isrC_main
                0x04008990                hal_nvic_save_and_set_interrupt_mask
                0x0400899e                hal_nvic_restore_interrupt_mask
 .tcm_code      0x040089a8        0xe f:/NB-IOT/MTK/MT2625/SDK/Develop/NBIOT_SDK_OCPU/MCU_R04/out/mt2625_evb/nbiot_m2m_demo/obj/bootloader/driver/chip/mt2625/src/hal_nvic_internal.o
                0x040089a8                save_and_set_interrupt_mask
                0x040089b0                restore_interrupt_mask
 *fill*         0x040089b6        0x2 
 .tcm_code      0x040089b8      0x16c f:/NB-IOT/MTK/MT2625/SDK/Develop/NBIOT_SDK_OCPU/MCU_R04/out/mt2625_evb/nbiot_m2m_demo/obj/bootloader/driver/chip/mt2625/src/hal_flash_mtd_common.o
                0x040089b8                SFI_MacEnable
                0x040089e4                SFI_MacLeave
                0x04008a10                SFI_MacTrigger
                0x04008a38                SFI_MacWaitReady
                0x04008a4a                SFI_Dev_Command
                0x04008a88                SF_DAL_DEV_Leave_DPD
                0x04008ad0                SF_DAL_DEV_SWITCH_TO_LOW_FQ
                0x04008b00                SF_DAL_DEV_SWITCH_TO_HIGH_FQ
 .tcm_code      0x04008b24       0x1c f:/NB-IOT/MTK/MT2625/SDK/Develop/NBIOT_SDK_OCPU/MCU_R04/out/mt2625_evb/nbiot_m2m_demo/obj/bootloader/driver/chip/mt2625/src/hal_flash_mtd_dal.o
                0x04008b24                sf_get_current_time
 .tcm_code      0x04008b40       0xe0 f:/NB-IOT/MTK/MT2625/SDK/Develop/NBIOT_SDK_OCPU/MCU_R04/out/mt2625_evb/nbiot_m2m_demo/obj/bootloader/driver/chip/mt2625/src/hal_gpt.o
                0x04008b40                hal_gpt_get_free_run_count
                0x04008ba0                hal_gpt_get_duration_count
                0x04008bb0                hal_gpt_delay_ms
                0x04008bec                hal_gpt_delay_us
 .tcm_code      0x04008c20       0x88 f:/NB-IOT/MTK/MT2625/SDK/Develop/NBIOT_SDK_OCPU/MCU_R04/out/mt2625_evb/nbiot_m2m_demo/obj/bootloader/driver/chip/mt2625/src/hal_gpt_internal.o
                0x04008c20                gpt_current_count
                0x04008c24                gpt_convert_ms_to_32k_count
                0x04008c4c                gpt_open_clock_source
                0x04008c68                gpt_start_free_run_timer
                0x04008c80                gpt_delay_time
 .tcm_code      0x04008ca8      0xf54 f:/NB-IOT/MTK/MT2625/SDK/Develop/NBIOT_SDK_OCPU/MCU_R04/out/mt2625_evb/nbiot_m2m_demo/obj/bootloader/driver/chip/mt2625/src/hal_clock.o
                0x04008ca8                clock_mux_sel
                0x04008fc4                clock_mux_get_state
                0x0400902c                hal_clock_enable
                0x04009098                hal_clock_disable
                0x0400910c                hal_clock_is_enabled
                0x0400913c                clock_suspend
                0x04009140                clock_resume
                0x04009144                hal_clock_get_freq_meter
                0x040091ac                hal_clock_get_freq_meter_cycle
                0x040091b0                hal_clock_set_vore_voltage
                0x040091c4                hal_clock_get_vore_voltage
                0x040091d0                hal_clock_set_pll_dcm_init
                0x04009478                hal_clock_disable_pll
                0x040094bc                hal_clock_set_switch_to_0P9V
                0x04009620                hal_clock_set_switch_to_1P1V
                0x040097f0                hal_clock_set_switch_to_1P1V_78M
                0x040099c0                hal_clock_set_switch_to_1P3V
                0x04009bac                hal_clock_init
 *(.init)
 *(.fini)
                0x04009bfc                . = ALIGN (0x4)
                0x04009bfc                _etext = .
                0x04009bfc                _exit = .
                0x0800bbfc                _sidata = LOADADDR (.data)

.vfp11_veneer   0x04009bfc        0x0 load address 0x0800bbfc
 .vfp11_veneer  0x00000000        0x0 linker stubs

.v4_bx          0x04009bfc        0x0 load address 0x0800bbfc
 .v4_bx         0x00000000        0x0 linker stubs

.iplt           0x04009bfc        0x0 load address 0x0800bbfc
 .iplt          0x00000000        0x0 f:/NB-IOT/MTK/MT2625/SDK/Develop/NBIOT_SDK_OCPU/MCU_R04/out/mt2625_evb/nbiot_m2m_demo/obj/bootloader/driver/chip/mt2625/src/hal_adc.o

.rel.dyn        0x04009bfc        0x0 load address 0x0800bbfc
 .rel.iplt      0x00000000        0x0 f:/NB-IOT/MTK/MT2625/SDK/Develop/NBIOT_SDK_OCPU/MCU_R04/out/mt2625_evb/nbiot_m2m_demo/obj/bootloader/driver/chip/mt2625/src/hal_adc.o

.data           0x04009bfc       0xf4 load address 0x0800bbfc
                0x04009bfc                . = ALIGN (0x4)
                0x04009bfc                _sdata = .
 *(.data)
 *(.data*)
 .data.sf_dal_resume_time
                0x04009bfc        0x4 f:/NB-IOT/MTK/MT2625/SDK/Develop/NBIOT_SDK_OCPU/MCU_R04/out/mt2625_evb/nbiot_m2m_demo/obj/bootloader/driver/chip/mt2625/src/hal_flash_mtd_dal.o
                0x04009bfc                sf_dal_resume_time
 .data.cmem_index
                0x04009c00        0x2 f:/NB-IOT/MTK/MT2625/SDK/Develop/NBIOT_SDK_OCPU/MCU_R04/out/mt2625_evb/nbiot_m2m_demo/obj/bootloader/driver/chip/mt2625/src/hal_flash_combo_init.o
 .data.cmem_emiinit_index
                0x04009c02        0x2 f:/NB-IOT/MTK/MT2625/SDK/Develop/NBIOT_SDK_OCPU/MCU_R04/out/mt2625_evb/nbiot_m2m_demo/obj/bootloader/driver/chip/mt2625/src/hal_flash_combo_init.o
 .data.flash_init_status
                0x04009c04        0x1 f:/NB-IOT/MTK/MT2625/SDK/Develop/NBIOT_SDK_OCPU/MCU_R04/out/mt2625_evb/nbiot_m2m_demo/obj/bootloader/driver/chip/mt2625/src/hal_flash_disk.o
                0x04009c04                flash_init_status
 *fill*         0x04009c05        0x3 
 .data.gNOR_ReturnReadyEnd
                0x04009c08        0x4 f:/NB-IOT/MTK/MT2625/SDK/Develop/NBIOT_SDK_OCPU/MCU_R04/out/mt2625_evb/nbiot_m2m_demo/obj/bootloader/driver/chip/mt2625/src/hal_flash_mtd.o
                0x04009c08                gNOR_ReturnReadyEnd
 .data.rtc_register
                0x04009c0c        0x4 f:/NB-IOT/MTK/MT2625/SDK/Develop/NBIOT_SDK_OCPU/MCU_R04/out/mt2625_evb/nbiot_m2m_demo/obj/bootloader/driver/chip/mt2625/src/hal_rtc.o
                0x04009c0c                rtc_register
 .data.abist_fqmtr_register
                0x04009c10        0x4 f:/NB-IOT/MTK/MT2625/SDK/Develop/NBIOT_SDK_OCPU/MCU_R04/out/mt2625_evb/nbiot_m2m_demo/obj/bootloader/driver/chip/mt2625/src/hal_rtc.o
                0x04009c10                abist_fqmtr_register
 .data.g_iot_Alloc
                0x04009c14        0x4 ../../../../../middleware/third_party/rock_fota/lib/libiotpatch_gmobi_316_armgcc484.a(iot_alloc.o)
                0x04009c14                g_iot_Alloc
 .data.vex_Alloc
                0x04009c18        0x8 ../../../../../middleware/third_party/rock_fota/lib/libiotpatch_gmobi_316_armgcc484.a(iot_alloc.o)
 .data.build_date_time_str
                0x04009c20       0x1f f:/NB-IOT/MTK/MT2625/SDK/Develop/NBIOT_SDK_OCPU/MCU_R04/out/mt2625_evb/nbiot_m2m_demo/obj/bootloader/middleware/MTK/verno/verno.o
                0x04009c20                build_date_time_str
 .data.hw_verno_str
                0x04009c3f        0xb f:/NB-IOT/MTK/MT2625/SDK/Develop/NBIOT_SDK_OCPU/MCU_R04/out/mt2625_evb/nbiot_m2m_demo/obj/bootloader/middleware/MTK/verno/verno.o
                0x04009c3f                hw_verno_str
 .data.sw_verno_str
                0x04009c4a       0x11 f:/NB-IOT/MTK/MT2625/SDK/Develop/NBIOT_SDK_OCPU/MCU_R04/out/mt2625_evb/nbiot_m2m_demo/obj/bootloader/middleware/MTK/verno/verno.o
                0x04009c4a                sw_verno_str
 *(.tcm_rwdata)
 *fill*         0x04009c5b        0x1 
 .tcm_rwdata    0x04009c5c       0x50 f:/NB-IOT/MTK/MT2625/SDK/Develop/NBIOT_SDK_OCPU/MCU_R04/out/mt2625_evb/nbiot_m2m_demo/obj/bootloader/driver/chip/mt2625/src/hal_emi.o
                0x04009c5c                emi_register
                0x04009c60                emi_settings
                0x04009c98                __EMI_CurSR0
                0x04009c9c                __EMI_CurSR1
                0x04009ca0                __EMI_CurSR2
                0x04009ca4                emi_io_register
                0x04009ca8                dvfs_dma_runing_status
 .tcm_rwdata    0x04009cac       0x28 f:/NB-IOT/MTK/MT2625/SDK/Develop/NBIOT_SDK_OCPU/MCU_R04/out/mt2625_evb/nbiot_m2m_demo/obj/bootloader/driver/chip/mt2625/src/hal_flash_mtd_common.o
                0x04009cac                NOR_FLASH_LeaveDPDCmd
                0x04009cb0                NOR_FLASH_FATStartAddr
                0x04009cb4                NOR_FLASH_FATStartValue
                0x04009cb8                SFI_MAC_CTL_BACKUP
                0x04009cbc                SFI_DIRECT_CTL_BACKUP
                0x04009cc0                SFI_MISC_CTL_BACKUP
                0x04009cc4                SFI_MISC_CTL2_BACKUP
                0x04009cc8                SFI_DLY_CTL_3_BACKUP
                0x04009ccc                SFI_CLK_SWITCH_MISC_CTL_BACKUP
                0x04009cd0                SFI_CLK_SWITCH_DLY_CTL_3_BACKUP
 .tcm_rwdata    0x04009cd4       0x18 f:/NB-IOT/MTK/MT2625/SDK/Develop/NBIOT_SDK_OCPU/MCU_R04/out/mt2625_evb/nbiot_m2m_demo/obj/bootloader/driver/chip/mt2625/src/hal_gpt_internal.o
                0x04009cd4                gp_gpt
 .tcm_rwdata    0x04009cec        0x1 f:/NB-IOT/MTK/MT2625/SDK/Develop/NBIOT_SDK_OCPU/MCU_R04/out/mt2625_evb/nbiot_m2m_demo/obj/bootloader/driver/chip/mt2625/src/hal_clock.o
                0x04009cec                vcore_voltage
 *(.*ram_rwdata)
                0x04009cf0                . = ALIGN (0x4)
 *fill*         0x04009ced        0x3 
                0x04009cf0                _edata = .

.igot.plt       0x04009cf0        0x0 load address 0x0800bcf0
 .igot.plt      0x00000000        0x0 f:/NB-IOT/MTK/MT2625/SDK/Develop/NBIOT_SDK_OCPU/MCU_R04/out/mt2625_evb/nbiot_m2m_demo/obj/bootloader/driver/chip/mt2625/src/hal_adc.o
                0x04009cf0                . = ALIGN (0x4)

.tcm_bss        0x04009cf0      0x1b4 load address 0x0800bcf0
                0x04009cf0                _tcm_zi_start = .
 *(.tcm_zidata)
 .tcm_zidata    0x04009cf0       0x74 f:/NB-IOT/MTK/MT2625/SDK/Develop/NBIOT_SDK_OCPU/MCU_R04/out/mt2625_evb/nbiot_m2m_demo/obj/bootloader/driver/chip/mt2625/src/hal_emi.o
                0x04009cf0                EMI_GENA_VAL
                0x04009cf4                EMI_RDCT_VAL
                0x04009cf8                EMI_DSRAM_VAL
                0x04009cfc                EMI_MSRAM0_VAL
                0x04009d00                EMI_MSRAM1_VAL
                0x04009d04                EMI_IDL_C_VAL
                0x04009d08                EMI_IDL_D_VAL
                0x04009d0c                EMI_IDL_E_VAL
                0x04009d10                EMI_ODL_C_VAL
                0x04009d14                EMI_ODL_D_VAL
                0x04009d18                EMI_ODL_E_VAL
                0x04009d1c                EMI_ODL_F_VAL
                0x04009d20                EMI_IO_A_VAL
                0x04009d24                EMI_IO_B_VAL
                0x04009d28                EMI_CONM_VAL_backup
                0x04009d2c                emi_register_backup
 .tcm_zidata    0x04009d64       0x64 f:/NB-IOT/MTK/MT2625/SDK/Develop/NBIOT_SDK_OCPU/MCU_R04/out/mt2625_evb/nbiot_m2m_demo/obj/bootloader/driver/chip/mt2625/src/hal_gpt_internal.o
                0x04009d64                g_gpt_context
                0x04009dc4                gpt_clock_source
 .tcm_zidata    0x04009dc8       0xdc f:/NB-IOT/MTK/MT2625/SDK/Develop/NBIOT_SDK_OCPU/MCU_R04/out/mt2625_evb/nbiot_m2m_demo/obj/bootloader/driver/chip/mt2625/src/hal_clock.o
                0x04009ea4                . = ALIGN (0x4)
                0x04009ea4                _tcm_zi_end = .
                0x04009ea4                . = ALIGN (0x4)

.bss            0x00000000      0x6c4 load address 0x0800bcf0
                0x00000000                _sbss = .
                0x00000000                __bss_start__ = _sbss
 *(.bss)
 *(.bss*)
 .bss.nvic_function_table
                0x00000000      0x134 f:/NB-IOT/MTK/MT2625/SDK/Develop/NBIOT_SDK_OCPU/MCU_R04/out/mt2625_evb/nbiot_m2m_demo/obj/bootloader/driver/chip/mt2625/src/hal_nvic.o
                0x00000000                nvic_function_table
 .bss.tmp_data_buffer
                0x00000134       0x80 f:/NB-IOT/MTK/MT2625/SDK/Develop/NBIOT_SDK_OCPU/MCU_R04/out/mt2625_evb/nbiot_m2m_demo/obj/bootloader/driver/chip/mt2625/src/hal_flash_mtd_dal.o
 .bss.sfi_index
                0x000001b4        0x4 f:/NB-IOT/MTK/MT2625/SDK/Develop/NBIOT_SDK_OCPU/MCU_R04/out/mt2625_evb/nbiot_m2m_demo/obj/bootloader/driver/chip/mt2625/src/hal_flash_custom_sfi.o
                0x000001b4                sfi_index
 .bss.PAGE_BUFFER_SIZE
                0x000001b8        0x4 f:/NB-IOT/MTK/MT2625/SDK/Develop/NBIOT_SDK_OCPU/MCU_R04/out/mt2625_evb/nbiot_m2m_demo/obj/bootloader/driver/chip/mt2625/src/hal_flash_combo_nor.o
                0x000001b8                PAGE_BUFFER_SIZE
 .bss.EntireDiskDriveData
                0x000001bc       0x84 f:/NB-IOT/MTK/MT2625/SDK/Develop/NBIOT_SDK_OCPU/MCU_R04/out/mt2625_evb/nbiot_m2m_demo/obj/bootloader/driver/chip/mt2625/src/hal_flash_combo_nor.o
                0x000001bc                EntireDiskDriveData
 .bss.cmem_id   0x00000240        0x4 f:/NB-IOT/MTK/MT2625/SDK/Develop/NBIOT_SDK_OCPU/MCU_R04/out/mt2625_evb/nbiot_m2m_demo/obj/bootloader/driver/chip/mt2625/src/hal_flash_combo_nor.o
                0x00000240                cmem_id
 .bss.cmem_nor_index
                0x00000244        0x4 f:/NB-IOT/MTK/MT2625/SDK/Develop/NBIOT_SDK_OCPU/MCU_R04/out/mt2625_evb/nbiot_m2m_demo/obj/bootloader/driver/chip/mt2625/src/hal_flash_combo_nor.o
 .bss.NORFlashMtd
                0x00000248       0x3c f:/NB-IOT/MTK/MT2625/SDK/Develop/NBIOT_SDK_OCPU/MCU_R04/out/mt2625_evb/nbiot_m2m_demo/obj/bootloader/driver/chip/mt2625/src/hal_flash_combo_nor.o
                0x00000248                NORFlashMtd
 .bss.nor_list  0x00000284        0x4 f:/NB-IOT/MTK/MT2625/SDK/Develop/NBIOT_SDK_OCPU/MCU_R04/out/mt2625_evb/nbiot_m2m_demo/obj/bootloader/driver/chip/mt2625/src/hal_flash_combo_nor.o
 .bss.sf_dal_data_cmd
                0x00000288       0x19 f:/NB-IOT/MTK/MT2625/SDK/Develop/NBIOT_SDK_OCPU/MCU_R04/out/mt2625_evb/nbiot_m2m_demo/obj/bootloader/driver/chip/mt2625/src/hal_flash_combo_nor.o
                0x00000288                sf_dal_data_cmd
 *fill*         0x000002a1        0x3 
 .bss.EntireDiskRegionInfo
                0x000002a4       0x40 f:/NB-IOT/MTK/MT2625/SDK/Develop/NBIOT_SDK_OCPU/MCU_R04/out/mt2625_evb/nbiot_m2m_demo/obj/bootloader/driver/chip/mt2625/src/hal_flash_combo_nor.o
 .bss.BlockLayout
                0x000002e4        0x4 f:/NB-IOT/MTK/MT2625/SDK/Develop/NBIOT_SDK_OCPU/MCU_R04/out/mt2625_evb/nbiot_m2m_demo/obj/bootloader/driver/chip/mt2625/src/hal_flash_combo_nor.o
 .bss.BankInfo  0x000002e8       0x40 f:/NB-IOT/MTK/MT2625/SDK/Develop/NBIOT_SDK_OCPU/MCU_R04/out/mt2625_evb/nbiot_m2m_demo/obj/bootloader/driver/chip/mt2625/src/hal_flash_combo_nor.o
 .bss.EntireDiskMtdData
                0x00000328       0xe4 f:/NB-IOT/MTK/MT2625/SDK/Develop/NBIOT_SDK_OCPU/MCU_R04/out/mt2625_evb/nbiot_m2m_demo/obj/bootloader/driver/chip/mt2625/src/hal_flash_combo_nor.o
                0x00000328                EntireDiskMtdData
 .bss.StatusMap
                0x0000040c        0x8 f:/NB-IOT/MTK/MT2625/SDK/Develop/NBIOT_SDK_OCPU/MCU_R04/out/mt2625_evb/nbiot_m2m_demo/obj/bootloader/driver/chip/mt2625/src/hal_flash_combo_nor.o
                0x0000040c                StatusMap
 .bss.NOR_FLASH_BUSY
                0x00000414        0x1 f:/NB-IOT/MTK/MT2625/SDK/Develop/NBIOT_SDK_OCPU/MCU_R04/out/mt2625_evb/nbiot_m2m_demo/obj/bootloader/driver/chip/mt2625/src/hal_flash_mtd.o
                0x00000414                NOR_FLASH_BUSY
 .bss.NOR_FLASH_SUSPENDED
                0x00000415        0x1 f:/NB-IOT/MTK/MT2625/SDK/Develop/NBIOT_SDK_OCPU/MCU_R04/out/mt2625_evb/nbiot_m2m_demo/obj/bootloader/driver/chip/mt2625/src/hal_flash_mtd.o
                0x00000415                NOR_FLASH_SUSPENDED
 *fill*         0x00000416        0x2 
 .bss.replaced.7295
                0x00000418        0x4 f:/NB-IOT/MTK/MT2625/SDK/Develop/NBIOT_SDK_OCPU/MCU_R04/out/mt2625_evb/nbiot_m2m_demo/obj/bootloader/driver/chip/mt2625/src/hal_flash_mtd.o
 .bss.look_up_miss.7297
                0x0000041c        0x4 f:/NB-IOT/MTK/MT2625/SDK/Develop/NBIOT_SDK_OCPU/MCU_R04/out/mt2625_evb/nbiot_m2m_demo/obj/bootloader/driver/chip/mt2625/src/hal_flash_mtd.o
 .bss.look_up_hit.7296
                0x00000420        0x4 f:/NB-IOT/MTK/MT2625/SDK/Develop/NBIOT_SDK_OCPU/MCU_R04/out/mt2625_evb/nbiot_m2m_demo/obj/bootloader/driver/chip/mt2625/src/hal_flash_mtd.o
 .bss.g_uart_callback
                0x00000424       0x20 f:/NB-IOT/MTK/MT2625/SDK/Develop/NBIOT_SDK_OCPU/MCU_R04/out/mt2625_evb/nbiot_m2m_demo/obj/bootloader/driver/chip/mt2625/src/hal_uart.o
 .bss.g_uart_recover_auto_baud
                0x00000444        0x4 f:/NB-IOT/MTK/MT2625/SDK/Develop/NBIOT_SDK_OCPU/MCU_R04/out/mt2625_evb/nbiot_m2m_demo/obj/bootloader/driver/chip/mt2625/src/hal_uart.o
 .bss.g_baudrate
                0x00000448        0x4 f:/NB-IOT/MTK/MT2625/SDK/Develop/NBIOT_SDK_OCPU/MCU_R04/out/mt2625_evb/nbiot_m2m_demo/obj/bootloader/driver/chip/mt2625/src/hal_uart.o
 .bss.g_uart_is_auto_baud
                0x0000044c        0x4 f:/NB-IOT/MTK/MT2625/SDK/Develop/NBIOT_SDK_OCPU/MCU_R04/out/mt2625_evb/nbiot_m2m_demo/obj/bootloader/driver/chip/mt2625/src/hal_uart.o
 .bss.g_uart_hwstatus
                0x00000450        0x4 f:/NB-IOT/MTK/MT2625/SDK/Develop/NBIOT_SDK_OCPU/MCU_R04/out/mt2625_evb/nbiot_m2m_demo/obj/bootloader/driver/chip/mt2625/src/hal_uart.o
 .bss.g_uart_global_data_initialized
                0x00000454        0x1 f:/NB-IOT/MTK/MT2625/SDK/Develop/NBIOT_SDK_OCPU/MCU_R04/out/mt2625_evb/nbiot_m2m_demo/obj/bootloader/driver/chip/mt2625/src/hal_uart.o
 .bss.rtc_mode_flag
                0x00000455        0x1 f:/NB-IOT/MTK/MT2625/SDK/Develop/NBIOT_SDK_OCPU/MCU_R04/out/mt2625_evb/nbiot_m2m_demo/obj/bootloader/driver/chip/mt2625/src/hal_rtc.o
                0x00000455                rtc_mode_flag
 .bss.rtc_cali_ctr
                0x00000456        0x1 f:/NB-IOT/MTK/MT2625/SDK/Develop/NBIOT_SDK_OCPU/MCU_R04/out/mt2625_evb/nbiot_m2m_demo/obj/bootloader/driver/chip/mt2625/src/hal_rtc.o
 .bss.rtc_spare_register_backup
                0x00000457        0x4 f:/NB-IOT/MTK/MT2625/SDK/Develop/NBIOT_SDK_OCPU/MCU_R04/out/mt2625_evb/nbiot_m2m_demo/obj/bootloader/driver/chip/mt2625/src/hal_rtc.o
 .bss.retention_flag
                0x0000045b        0x1 f:/NB-IOT/MTK/MT2625/SDK/Develop/NBIOT_SDK_OCPU/MCU_R04/out/mt2625_evb/nbiot_m2m_demo/obj/bootloader/driver/chip/mt2625/src/hal_rtc.o
                0x0000045b                retention_flag
 .bss.rtc_in_test
                0x0000045c        0x1 f:/NB-IOT/MTK/MT2625/SDK/Develop/NBIOT_SDK_OCPU/MCU_R04/out/mt2625_evb/nbiot_m2m_demo/obj/bootloader/driver/chip/mt2625/src/hal_rtc.o
 *fill*         0x0000045d        0x3 
 .bss.wdt_feed_time_1M
                0x00000460        0x4 f:/NB-IOT/MTK/MT2625/SDK/Develop/NBIOT_SDK_OCPU/MCU_R04/out/mt2625_evb/nbiot_m2m_demo/obj/bootloader/driver/chip/mt2625/src/hal_wdt.o
 .bss.s_hal_wdt_callback
                0x00000464        0x4 f:/NB-IOT/MTK/MT2625/SDK/Develop/NBIOT_SDK_OCPU/MCU_R04/out/mt2625_evb/nbiot_m2m_demo/obj/bootloader/driver/chip/mt2625/src/hal_wdt.o
 .bss.last_progress.6881
                0x00000468        0x4 f:/NB-IOT/MTK/MT2625/SDK/Develop/NBIOT_SDK_OCPU/MCU_R04/out/mt2625_evb/nbiot_m2m_demo/obj/bootloader/middleware/third_party/rock_fota/src/rock_ua.o
 .bss.rev.6531  0x0000046c       0x15 f:/NB-IOT/MTK/MT2625/SDK/Develop/NBIOT_SDK_OCPU/MCU_R04/out/mt2625_evb/nbiot_m2m_demo/obj/bootloader/project/mt2625_evb/apps/bootloader/src/bl_dbgprint.o
 .bss.rev.6545  0x00000481       0x15 f:/NB-IOT/MTK/MT2625/SDK/Develop/NBIOT_SDK_OCPU/MCU_R04/out/mt2625_evb/nbiot_m2m_demo/obj/bootloader/project/mt2625_evb/apps/bootloader/src/bl_dbgprint.o
 .bss.buf       0x00000496      0x200 f:/NB-IOT/MTK/MT2625/SDK/Develop/NBIOT_SDK_OCPU/MCU_R04/out/mt2625_evb/nbiot_m2m_demo/obj/bootloader/project/mt2625_evb/apps/bootloader/src/bl_dbgprint.o
 *fill*         0x00000696        0x2 
 .bss.g_debug_trace_hash
                0x00000698        0x4 ../../../../../middleware/third_party/rock_fota/lib/libiotpatch_gmobi_316_armgcc484.a(iot_main.o)
 .bss.g_hash_cache_array_len
                0x0000069c        0x4 ../../../../../middleware/third_party/rock_fota/lib/libiotpatch_gmobi_316_armgcc484.a(iot_main.o)
 .bss.g_iot_update_ctx
                0x000006a0        0x4 ../../../../../middleware/third_party/rock_fota/lib/libiotpatch_gmobi_316_armgcc484.a(iot_main.o)
 .bss.g_hash_cache_array
                0x000006a4        0x4 ../../../../../middleware/third_party/rock_fota/lib/libiotpatch_gmobi_316_armgcc484.a(iot_main.o)
 .bss.g_vmm     0x000006a8       0x18 ../../../../../middleware/third_party/rock_fota/lib/libiotpatch_gmobi_316_armgcc484.a(mempool.o)
 .bss.md_commit_id_str
                0x000006c0        0x1 f:/NB-IOT/MTK/MT2625/SDK/Develop/NBIOT_SDK_OCPU/MCU_R04/out/mt2625_evb/nbiot_m2m_demo/obj/bootloader/middleware/MTK/verno/verno.o
                0x000006c0                md_commit_id_str
 *(COMMON)
                0x000006c4                . = ALIGN (0x4)
 *fill*         0x000006c1        0x3 
                0x000006c4                __end__ = .
                0x000006c4                _ebss = .
                0x000006c4                __bss_end__ = _ebss

._user_heap_stack
                0x04009ea4      0x400 load address 0x0800bcf0
                0x04009ea4                . = ALIGN (0x4)
                0x04009ea4                PROVIDE (end, .)
                0x04009ea4                PROVIDE (_end, .)
                0x04009ea4                __HeapBase = .
                0x04009ea4                . = (. + _Min_Heap_Size)
                0x04009ea4                __HeapLimit = .
                0x04009ea4                __StackLimit = .
                0x0400a2a4                . = (. + _Min_Stack_Size)
 *fill*         0x04009ea4      0x400 
                0x0400a2a4                . = ALIGN (0x4)

.bl_rom_region  0x0800bcf0        0x0
                0x0800bcf0                . = ALIGN (0x4)
 *(.rom_data)
 *(.rom_data*)
                0x0800bcf0                . = ALIGN (0x4)
START GROUP
LOAD f:/NB-IOT/MTK/MT2625/SDK/Develop/NBIOT_SDK_OCPU/MCU_R04/out/mt2625_evb/nbiot_m2m_demo/obj/bootloader/driver/chip/mt2625/src/hal_adc.o
LOAD f:/NB-IOT/MTK/MT2625/SDK/Develop/NBIOT_SDK_OCPU/MCU_R04/out/mt2625_evb/nbiot_m2m_demo/obj/bootloader/driver/chip/mt2625/src/hal_cache.o
LOAD f:/NB-IOT/MTK/MT2625/SDK/Develop/NBIOT_SDK_OCPU/MCU_R04/out/mt2625_evb/nbiot_m2m_demo/obj/bootloader/driver/chip/mt2625/src/hal_cache_internal.o
LOAD f:/NB-IOT/MTK/MT2625/SDK/Develop/NBIOT_SDK_OCPU/MCU_R04/out/mt2625_evb/nbiot_m2m_demo/obj/bootloader/driver/chip/mt2625/src/hal_mpu.o
LOAD f:/NB-IOT/MTK/MT2625/SDK/Develop/NBIOT_SDK_OCPU/MCU_R04/out/mt2625_evb/nbiot_m2m_demo/obj/bootloader/driver/chip/mt2625/src/hal_mpu_internal.o
LOAD f:/NB-IOT/MTK/MT2625/SDK/Develop/NBIOT_SDK_OCPU/MCU_R04/out/mt2625_evb/nbiot_m2m_demo/obj/bootloader/driver/chip/mt2625/src/hal_emi.o
LOAD f:/NB-IOT/MTK/MT2625/SDK/Develop/NBIOT_SDK_OCPU/MCU_R04/out/mt2625_evb/nbiot_m2m_demo/obj/bootloader/driver/chip/mt2625/src/hal_nvic.o
LOAD f:/NB-IOT/MTK/MT2625/SDK/Develop/NBIOT_SDK_OCPU/MCU_R04/out/mt2625_evb/nbiot_m2m_demo/obj/bootloader/driver/chip/mt2625/src/hal_nvic_internal.o
LOAD f:/NB-IOT/MTK/MT2625/SDK/Develop/NBIOT_SDK_OCPU/MCU_R04/out/mt2625_evb/nbiot_m2m_demo/obj/bootloader/driver/chip/mt2625/src/hal_flash_mtd_common.o
LOAD f:/NB-IOT/MTK/MT2625/SDK/Develop/NBIOT_SDK_OCPU/MCU_R04/out/mt2625_evb/nbiot_m2m_demo/obj/bootloader/driver/chip/mt2625/src/hal_flash_mtd_dal.o
LOAD f:/NB-IOT/MTK/MT2625/SDK/Develop/NBIOT_SDK_OCPU/MCU_R04/out/mt2625_evb/nbiot_m2m_demo/obj/bootloader/driver/chip/mt2625/src/hal_flash_custom_sfi.o
LOAD f:/NB-IOT/MTK/MT2625/SDK/Develop/NBIOT_SDK_OCPU/MCU_R04/out/mt2625_evb/nbiot_m2m_demo/obj/bootloader/driver/chip/mt2625/src/hal_flash_combo_init.o
LOAD f:/NB-IOT/MTK/MT2625/SDK/Develop/NBIOT_SDK_OCPU/MCU_R04/out/mt2625_evb/nbiot_m2m_demo/obj/bootloader/driver/chip/mt2625/src/hal_flash_cfi.o
LOAD f:/NB-IOT/MTK/MT2625/SDK/Develop/NBIOT_SDK_OCPU/MCU_R04/out/mt2625_evb/nbiot_m2m_demo/obj/bootloader/driver/chip/mt2625/src/hal_flash_custom.o
LOAD f:/NB-IOT/MTK/MT2625/SDK/Develop/NBIOT_SDK_OCPU/MCU_R04/out/mt2625_evb/nbiot_m2m_demo/obj/bootloader/driver/chip/mt2625/src/hal_flash_combo_nor.o
LOAD f:/NB-IOT/MTK/MT2625/SDK/Develop/NBIOT_SDK_OCPU/MCU_R04/out/mt2625_evb/nbiot_m2m_demo/obj/bootloader/driver/chip/mt2625/src/hal_flash_disk.o
LOAD f:/NB-IOT/MTK/MT2625/SDK/Develop/NBIOT_SDK_OCPU/MCU_R04/out/mt2625_evb/nbiot_m2m_demo/obj/bootloader/driver/chip/mt2625/src/hal_flash_mtd.o
LOAD f:/NB-IOT/MTK/MT2625/SDK/Develop/NBIOT_SDK_OCPU/MCU_R04/out/mt2625_evb/nbiot_m2m_demo/obj/bootloader/driver/chip/mt2625/src/hal_gdma.o
LOAD f:/NB-IOT/MTK/MT2625/SDK/Develop/NBIOT_SDK_OCPU/MCU_R04/out/mt2625_evb/nbiot_m2m_demo/obj/bootloader/driver/chip/mt2625/src/hal_gdma_internal.o
LOAD f:/NB-IOT/MTK/MT2625/SDK/Develop/NBIOT_SDK_OCPU/MCU_R04/out/mt2625_evb/nbiot_m2m_demo/obj/bootloader/driver/chip/mt2625/src/hal_pdma_internal.o
LOAD f:/NB-IOT/MTK/MT2625/SDK/Develop/NBIOT_SDK_OCPU/MCU_R04/out/mt2625_evb/nbiot_m2m_demo/obj/bootloader/driver/chip/mt2625/src/hal_gpt.o
LOAD f:/NB-IOT/MTK/MT2625/SDK/Develop/NBIOT_SDK_OCPU/MCU_R04/out/mt2625_evb/nbiot_m2m_demo/obj/bootloader/driver/chip/mt2625/src/hal_gpt_internal.o
LOAD f:/NB-IOT/MTK/MT2625/SDK/Develop/NBIOT_SDK_OCPU/MCU_R04/out/mt2625_evb/nbiot_m2m_demo/obj/bootloader/driver/chip/mt2625/src/hal_keypad.o
LOAD f:/NB-IOT/MTK/MT2625/SDK/Develop/NBIOT_SDK_OCPU/MCU_R04/out/mt2625_evb/nbiot_m2m_demo/obj/bootloader/driver/chip/mt2625/src/hal_keypad_internal.o
LOAD f:/NB-IOT/MTK/MT2625/SDK/Develop/NBIOT_SDK_OCPU/MCU_R04/out/mt2625_evb/nbiot_m2m_demo/obj/bootloader/driver/chip/mt2625/src/hal_keypad_powerkey_internal.o
LOAD f:/NB-IOT/MTK/MT2625/SDK/Develop/NBIOT_SDK_OCPU/MCU_R04/out/mt2625_evb/nbiot_m2m_demo/obj/bootloader/driver/chip/mt2625/src/hal_log.o
LOAD f:/NB-IOT/MTK/MT2625/SDK/Develop/NBIOT_SDK_OCPU/MCU_R04/out/mt2625_evb/nbiot_m2m_demo/obj/bootloader/driver/chip/mt2625/src/hal_uart.o
LOAD f:/NB-IOT/MTK/MT2625/SDK/Develop/NBIOT_SDK_OCPU/MCU_R04/out/mt2625_evb/nbiot_m2m_demo/obj/bootloader/driver/chip/mt2625/src/hal_uart_internal.o
LOAD f:/NB-IOT/MTK/MT2625/SDK/Develop/NBIOT_SDK_OCPU/MCU_R04/out/mt2625_evb/nbiot_m2m_demo/obj/bootloader/driver/chip/mt2625/src/hal_i2c_master.o
LOAD f:/NB-IOT/MTK/MT2625/SDK/Develop/NBIOT_SDK_OCPU/MCU_R04/out/mt2625_evb/nbiot_m2m_demo/obj/bootloader/driver/chip/mt2625/src/hal_i2c_master_internal.o
LOAD f:/NB-IOT/MTK/MT2625/SDK/Develop/NBIOT_SDK_OCPU/MCU_R04/out/mt2625_evb/nbiot_m2m_demo/obj/bootloader/driver/chip/mt2625/src/hal_weak.o
LOAD f:/NB-IOT/MTK/MT2625/SDK/Develop/NBIOT_SDK_OCPU/MCU_R04/out/mt2625_evb/nbiot_m2m_demo/obj/bootloader/driver/chip/mt2625/src/hal_eint.o
LOAD f:/NB-IOT/MTK/MT2625/SDK/Develop/NBIOT_SDK_OCPU/MCU_R04/out/mt2625_evb/nbiot_m2m_demo/obj/bootloader/driver/chip/mt2625/src/hal_eint_internal.o
LOAD f:/NB-IOT/MTK/MT2625/SDK/Develop/NBIOT_SDK_OCPU/MCU_R04/out/mt2625_evb/nbiot_m2m_demo/obj/bootloader/driver/chip/mt2625/src/hal_clock.o
LOAD f:/NB-IOT/MTK/MT2625/SDK/Develop/NBIOT_SDK_OCPU/MCU_R04/out/mt2625_evb/nbiot_m2m_demo/obj/bootloader/driver/chip/mt2625/src/hal_dcxo.o
LOAD f:/NB-IOT/MTK/MT2625/SDK/Develop/NBIOT_SDK_OCPU/MCU_R04/out/mt2625_evb/nbiot_m2m_demo/obj/bootloader/driver/chip/mt2625/src/hal_dvfs.o
LOAD f:/NB-IOT/MTK/MT2625/SDK/Develop/NBIOT_SDK_OCPU/MCU_R04/out/mt2625_evb/nbiot_m2m_demo/obj/bootloader/driver/chip/mt2625/src/hal_dvfs_internal.o
LOAD f:/NB-IOT/MTK/MT2625/SDK/Develop/NBIOT_SDK_OCPU/MCU_R04/out/mt2625_evb/nbiot_m2m_demo/obj/bootloader/driver/chip/mt2625/src/hal_dwt.o
LOAD f:/NB-IOT/MTK/MT2625/SDK/Develop/NBIOT_SDK_OCPU/MCU_R04/out/mt2625_evb/nbiot_m2m_demo/obj/bootloader/driver/chip/mt2625/src/hal_rtc.o
LOAD f:/NB-IOT/MTK/MT2625/SDK/Develop/NBIOT_SDK_OCPU/MCU_R04/out/mt2625_evb/nbiot_m2m_demo/obj/bootloader/driver/chip/mt2625/src/hal_wdt.o
LOAD f:/NB-IOT/MTK/MT2625/SDK/Develop/NBIOT_SDK_OCPU/MCU_R04/out/mt2625_evb/nbiot_m2m_demo/obj/bootloader/driver/chip/mt2625/src/hal_wdt_internal.o
LOAD f:/NB-IOT/MTK/MT2625/SDK/Develop/NBIOT_SDK_OCPU/MCU_R04/out/mt2625_evb/nbiot_m2m_demo/obj/bootloader/driver/chip/mt2625/src/hal_pwm.o
LOAD f:/NB-IOT/MTK/MT2625/SDK/Develop/NBIOT_SDK_OCPU/MCU_R04/out/mt2625_evb/nbiot_m2m_demo/obj/bootloader/driver/chip/mt2625/src/hal_trng_internal.o
LOAD f:/NB-IOT/MTK/MT2625/SDK/Develop/NBIOT_SDK_OCPU/MCU_R04/out/mt2625_evb/nbiot_m2m_demo/obj/bootloader/driver/chip/mt2625/src/hal_trng.o
LOAD f:/NB-IOT/MTK/MT2625/SDK/Develop/NBIOT_SDK_OCPU/MCU_R04/out/mt2625_evb/nbiot_m2m_demo/obj/bootloader/driver/chip/mt2625/src/hal_msdc.o
LOAD f:/NB-IOT/MTK/MT2625/SDK/Develop/NBIOT_SDK_OCPU/MCU_R04/out/mt2625_evb/nbiot_m2m_demo/obj/bootloader/driver/chip/mt2625/src/hal_sd.o
LOAD f:/NB-IOT/MTK/MT2625/SDK/Develop/NBIOT_SDK_OCPU/MCU_R04/out/mt2625_evb/nbiot_m2m_demo/obj/bootloader/driver/chip/mt2625/src/hal_sd_internal.o
LOAD f:/NB-IOT/MTK/MT2625/SDK/Develop/NBIOT_SDK_OCPU/MCU_R04/out/mt2625_evb/nbiot_m2m_demo/obj/bootloader/driver/chip/mt2625/src/hal_sdio.o
LOAD f:/NB-IOT/MTK/MT2625/SDK/Develop/NBIOT_SDK_OCPU/MCU_R04/out/mt2625_evb/nbiot_m2m_demo/obj/bootloader/driver/chip/mt2625/src/hal_sdio_internal.o
LOAD f:/NB-IOT/MTK/MT2625/SDK/Develop/NBIOT_SDK_OCPU/MCU_R04/out/mt2625_evb/nbiot_m2m_demo/obj/bootloader/driver/chip/mt2625/src/hal_sdio_slave.o
LOAD f:/NB-IOT/MTK/MT2625/SDK/Develop/NBIOT_SDK_OCPU/MCU_R04/out/mt2625_evb/nbiot_m2m_demo/obj/bootloader/driver/chip/mt2625/src/hal_sdio_slave_internal.o
LOAD f:/NB-IOT/MTK/MT2625/SDK/Develop/NBIOT_SDK_OCPU/MCU_R04/out/mt2625_evb/nbiot_m2m_demo/obj/bootloader/driver/chip/mt2625/src/hal_sensor_ctrl.o
LOAD f:/NB-IOT/MTK/MT2625/SDK/Develop/NBIOT_SDK_OCPU/MCU_R04/out/mt2625_evb/nbiot_m2m_demo/obj/bootloader/driver/chip/mt2625/src/hal_gpio.o
LOAD f:/NB-IOT/MTK/MT2625/SDK/Develop/NBIOT_SDK_OCPU/MCU_R04/out/mt2625_evb/nbiot_m2m_demo/obj/bootloader/driver/chip/mt2625/src/hal_gpio_internal.o
LOAD f:/NB-IOT/MTK/MT2625/SDK/Develop/NBIOT_SDK_OCPU/MCU_R04/out/mt2625_evb/nbiot_m2m_demo/obj/bootloader/driver/chip/mt2625/src/hal_i2s.o
LOAD f:/NB-IOT/MTK/MT2625/SDK/Develop/NBIOT_SDK_OCPU/MCU_R04/out/mt2625_evb/nbiot_m2m_demo/obj/bootloader/driver/chip/mt2625/src/hal_i2s_internal.o
LOAD f:/NB-IOT/MTK/MT2625/SDK/Develop/NBIOT_SDK_OCPU/MCU_R04/out/mt2625_evb/nbiot_m2m_demo/obj/bootloader/driver/chip/mt2625/src/hal_pmu.o
LOAD f:/NB-IOT/MTK/MT2625/SDK/Develop/NBIOT_SDK_OCPU/MCU_R04/out/mt2625_evb/nbiot_m2m_demo/obj/bootloader/driver/chip/mt2625/src/hal_time_check.o
LOAD f:/NB-IOT/MTK/MT2625/SDK/Develop/NBIOT_SDK_OCPU/MCU_R04/out/mt2625_evb/nbiot_m2m_demo/obj/bootloader/driver/chip/mt2625/src/hal_usb.o
LOAD f:/NB-IOT/MTK/MT2625/SDK/Develop/NBIOT_SDK_OCPU/MCU_R04/out/mt2625_evb/nbiot_m2m_demo/obj/bootloader/driver/chip/mt2625/src/hal_usb_phy.o
LOAD f:/NB-IOT/MTK/MT2625/SDK/Develop/NBIOT_SDK_OCPU/MCU_R04/out/mt2625_evb/nbiot_m2m_demo/obj/bootloader/driver/chip/mt2625/src/hal_aes.o
LOAD f:/NB-IOT/MTK/MT2625/SDK/Develop/NBIOT_SDK_OCPU/MCU_R04/out/mt2625_evb/nbiot_m2m_demo/obj/bootloader/driver/chip/mt2625/src/hal_des.o
LOAD f:/NB-IOT/MTK/MT2625/SDK/Develop/NBIOT_SDK_OCPU/MCU_R04/out/mt2625_evb/nbiot_m2m_demo/obj/bootloader/driver/chip/mt2625/src/hal_md5.o
LOAD f:/NB-IOT/MTK/MT2625/SDK/Develop/NBIOT_SDK_OCPU/MCU_R04/out/mt2625_evb/nbiot_m2m_demo/obj/bootloader/driver/chip/mt2625/src/hal_sha.o
LOAD f:/NB-IOT/MTK/MT2625/SDK/Develop/NBIOT_SDK_OCPU/MCU_R04/out/mt2625_evb/nbiot_m2m_demo/obj/bootloader/driver/chip/mt2625/src/hal_spi_master.o
LOAD f:/NB-IOT/MTK/MT2625/SDK/Develop/NBIOT_SDK_OCPU/MCU_R04/out/mt2625_evb/nbiot_m2m_demo/obj/bootloader/driver/chip/mt2625/src/hal_spi_master_internal.o
LOAD f:/NB-IOT/MTK/MT2625/SDK/Develop/NBIOT_SDK_OCPU/MCU_R04/out/mt2625_evb/nbiot_m2m_demo/obj/bootloader/driver/chip/mt2625/src/hal_spi_slave.o
LOAD f:/NB-IOT/MTK/MT2625/SDK/Develop/NBIOT_SDK_OCPU/MCU_R04/out/mt2625_evb/nbiot_m2m_demo/obj/bootloader/driver/chip/mt2625/src/hal_spi_slave_internal.o
LOAD f:/NB-IOT/MTK/MT2625/SDK/Develop/NBIOT_SDK_OCPU/MCU_R04/out/mt2625_evb/nbiot_m2m_demo/obj/bootloader/driver/chip/mt2625/src/hal_misc.o
LOAD f:/NB-IOT/MTK/MT2625/SDK/Develop/NBIOT_SDK_OCPU/MCU_R04/out/mt2625_evb/nbiot_m2m_demo/obj/bootloader/driver/chip/mt2625/src_core/hal_sleep_manager.o
LOAD f:/NB-IOT/MTK/MT2625/SDK/Develop/NBIOT_SDK_OCPU/MCU_R04/out/mt2625_evb/nbiot_m2m_demo/obj/bootloader/driver/chip/mt2625/src_core/hal_sleep_manager_internal.o
LOAD f:/NB-IOT/MTK/MT2625/SDK/Develop/NBIOT_SDK_OCPU/MCU_R04/out/mt2625_evb/nbiot_m2m_demo/obj/bootloader/middleware/third_party/rock_fota/src/rock_ua.o
LOAD f:/NB-IOT/MTK/MT2625/SDK/Develop/NBIOT_SDK_OCPU/MCU_R04/out/mt2625_evb/nbiot_m2m_demo/obj/bootloader/project/mt2625_evb/apps/bootloader/GCC/syscalls.o
LOAD f:/NB-IOT/MTK/MT2625/SDK/Develop/NBIOT_SDK_OCPU/MCU_R04/out/mt2625_evb/nbiot_m2m_demo/obj/bootloader/project/mt2625_evb/apps/bootloader/src/bl_dbgprint.o
LOAD f:/NB-IOT/MTK/MT2625/SDK/Develop/NBIOT_SDK_OCPU/MCU_R04/out/mt2625_evb/nbiot_m2m_demo/obj/bootloader/project/mt2625_evb/apps/bootloader/src/custom_blconfig.o
LOAD f:/NB-IOT/MTK/MT2625/SDK/Develop/NBIOT_SDK_OCPU/MCU_R04/out/mt2625_evb/nbiot_m2m_demo/obj/bootloader/project/mt2625_evb/apps/bootloader/src/bl_rom_parameter.o
LOAD f:/NB-IOT/MTK/MT2625/SDK/Develop/NBIOT_SDK_OCPU/MCU_R04/out/mt2625_evb/nbiot_m2m_demo/obj/bootloader/project/mt2625_evb/apps/bootloader/src/main.o
LOAD f:/NB-IOT/MTK/MT2625/SDK/Develop/NBIOT_SDK_OCPU/MCU_R04/out/mt2625_evb/nbiot_m2m_demo/obj/bootloader/project/mt2625_evb/apps/bootloader/src/bl_fota.o
LOAD f:/NB-IOT/MTK/MT2625/SDK/Develop/NBIOT_SDK_OCPU/MCU_R04/out/mt2625_evb/nbiot_m2m_demo/obj/bootloader/middleware/third_party/mbedtls/library/sha1.o
LOAD f:/NB-IOT/MTK/MT2625/SDK/Develop/NBIOT_SDK_OCPU/MCU_R04/out/mt2625_evb/nbiot_m2m_demo/obj/bootloader/project/mt2625_evb/apps/bootloader/GCC/startup_bootloader.o
LOAD ../../../../../prebuilt/driver/chip/mt2625/lib/libhal_protected_CM4_GCC.a
LOAD ../../../../../middleware/third_party/rock_fota/lib/libiotpatch_gmobi_316_armgcc484.a
LOAD f:/NB-IOT/MTK/MT2625/SDK/Develop/NBIOT_SDK_OCPU/MCU_R04/out/mt2625_evb/nbiot_m2m_demo/obj/bootloader/middleware/MTK/verno/verno.o
END GROUP
LOAD f:/nb-iot/mtk/mt2625/sdk/develop/nbiot_sdk_ocpu/mcu_r04/tools/gcc/win/gcc-arm-none-eabi/bin/../lib/gcc/arm-none-eabi/4.8.3/../../../../arm-none-eabi/lib/armv7e-m/fpu\libm.a
START GROUP
LOAD f:/nb-iot/mtk/mt2625/sdk/develop/nbiot_sdk_ocpu/mcu_r04/tools/gcc/win/gcc-arm-none-eabi/bin/../lib/gcc/arm-none-eabi/4.8.3/armv7e-m/fpu\libgcc.a
LOAD f:/nb-iot/mtk/mt2625/sdk/develop/nbiot_sdk_ocpu/mcu_r04/tools/gcc/win/gcc-arm-none-eabi/bin/../lib/gcc/arm-none-eabi/4.8.3/../../../../arm-none-eabi/lib/armv7e-m/fpu\libg_s.a
LOAD f:/nb-iot/mtk/mt2625/sdk/develop/nbiot_sdk_ocpu/mcu_r04/tools/gcc/win/gcc-arm-none-eabi/bin/../lib/gcc/arm-none-eabi/4.8.3/../../../../arm-none-eabi/lib/armv7e-m/fpu\libc_s.a
END GROUP
START GROUP
LOAD f:/nb-iot/mtk/mt2625/sdk/develop/nbiot_sdk_ocpu/mcu_r04/tools/gcc/win/gcc-arm-none-eabi/bin/../lib/gcc/arm-none-eabi/4.8.3/armv7e-m/fpu\libgcc.a
LOAD f:/nb-iot/mtk/mt2625/sdk/develop/nbiot_sdk_ocpu/mcu_r04/tools/gcc/win/gcc-arm-none-eabi/bin/../lib/gcc/arm-none-eabi/4.8.3/../../../../arm-none-eabi/lib/armv7e-m/fpu\libc_s.a
END GROUP
OUTPUT(f:/NB-IOT/MTK/MT2625/SDK/Develop/NBIOT_SDK_OCPU/MCU_R04/out/mt2625_evb/nbiot_m2m_demo/BootLoader_BC26NBR01A03_BETA0801.elf elf32-littlearm)

.debug_info     0x00000000    0x1d3ae
 .debug_info    0x00000000      0xb0d f:/NB-IOT/MTK/MT2625/SDK/Develop/NBIOT_SDK_OCPU/MCU_R04/out/mt2625_evb/nbiot_m2m_demo/obj/bootloader/driver/chip/mt2625/src/hal_cache.o
 .debug_info    0x00000b0d     0x178e f:/NB-IOT/MTK/MT2625/SDK/Develop/NBIOT_SDK_OCPU/MCU_R04/out/mt2625_evb/nbiot_m2m_demo/obj/bootloader/driver/chip/mt2625/src/hal_emi.o
 .debug_info    0x0000229b      0xc37 f:/NB-IOT/MTK/MT2625/SDK/Develop/NBIOT_SDK_OCPU/MCU_R04/out/mt2625_evb/nbiot_m2m_demo/obj/bootloader/driver/chip/mt2625/src/hal_nvic.o
 .debug_info    0x00002ed2      0x7d7 f:/NB-IOT/MTK/MT2625/SDK/Develop/NBIOT_SDK_OCPU/MCU_R04/out/mt2625_evb/nbiot_m2m_demo/obj/bootloader/driver/chip/mt2625/src/hal_nvic_internal.o
 .debug_info    0x000036a9     0x12a0 f:/NB-IOT/MTK/MT2625/SDK/Develop/NBIOT_SDK_OCPU/MCU_R04/out/mt2625_evb/nbiot_m2m_demo/obj/bootloader/driver/chip/mt2625/src/hal_flash_mtd_common.o
 .debug_info    0x00004949     0x2ac8 f:/NB-IOT/MTK/MT2625/SDK/Develop/NBIOT_SDK_OCPU/MCU_R04/out/mt2625_evb/nbiot_m2m_demo/obj/bootloader/driver/chip/mt2625/src/hal_flash_mtd_dal.o
 .debug_info    0x00007411      0x45e f:/NB-IOT/MTK/MT2625/SDK/Develop/NBIOT_SDK_OCPU/MCU_R04/out/mt2625_evb/nbiot_m2m_demo/obj/bootloader/driver/chip/mt2625/src/hal_flash_custom_sfi.o
 .debug_info    0x0000786f      0x793 f:/NB-IOT/MTK/MT2625/SDK/Develop/NBIOT_SDK_OCPU/MCU_R04/out/mt2625_evb/nbiot_m2m_demo/obj/bootloader/driver/chip/mt2625/src/hal_flash_combo_init.o
 .debug_info    0x00008002      0x2b4 f:/NB-IOT/MTK/MT2625/SDK/Develop/NBIOT_SDK_OCPU/MCU_R04/out/mt2625_evb/nbiot_m2m_demo/obj/bootloader/driver/chip/mt2625/src/hal_flash_cfi.o
 .debug_info    0x000082b6      0x190 f:/NB-IOT/MTK/MT2625/SDK/Develop/NBIOT_SDK_OCPU/MCU_R04/out/mt2625_evb/nbiot_m2m_demo/obj/bootloader/driver/chip/mt2625/src/hal_flash_custom.o
 .debug_info    0x00008446     0x1857 f:/NB-IOT/MTK/MT2625/SDK/Develop/NBIOT_SDK_OCPU/MCU_R04/out/mt2625_evb/nbiot_m2m_demo/obj/bootloader/driver/chip/mt2625/src/hal_flash_combo_nor.o
 .debug_info    0x00009c9d     0x1b17 f:/NB-IOT/MTK/MT2625/SDK/Develop/NBIOT_SDK_OCPU/MCU_R04/out/mt2625_evb/nbiot_m2m_demo/obj/bootloader/driver/chip/mt2625/src/hal_flash_disk.o
 .debug_info    0x0000b7b4      0x6d5 f:/NB-IOT/MTK/MT2625/SDK/Develop/NBIOT_SDK_OCPU/MCU_R04/out/mt2625_evb/nbiot_m2m_demo/obj/bootloader/driver/chip/mt2625/src/hal_flash_mtd.o
 .debug_info    0x0000be89      0xe97 f:/NB-IOT/MTK/MT2625/SDK/Develop/NBIOT_SDK_OCPU/MCU_R04/out/mt2625_evb/nbiot_m2m_demo/obj/bootloader/driver/chip/mt2625/src/hal_gpt.o
 .debug_info    0x0000cd20     0x1133 f:/NB-IOT/MTK/MT2625/SDK/Develop/NBIOT_SDK_OCPU/MCU_R04/out/mt2625_evb/nbiot_m2m_demo/obj/bootloader/driver/chip/mt2625/src/hal_gpt_internal.o
 .debug_info    0x0000de53     0x2e6c f:/NB-IOT/MTK/MT2625/SDK/Develop/NBIOT_SDK_OCPU/MCU_R04/out/mt2625_evb/nbiot_m2m_demo/obj/bootloader/driver/chip/mt2625/src/hal_uart.o
 .debug_info    0x00010cbf     0x14f2 f:/NB-IOT/MTK/MT2625/SDK/Develop/NBIOT_SDK_OCPU/MCU_R04/out/mt2625_evb/nbiot_m2m_demo/obj/bootloader/driver/chip/mt2625/src/hal_uart_internal.o
 .debug_info    0x000121b1      0xbf5 f:/NB-IOT/MTK/MT2625/SDK/Develop/NBIOT_SDK_OCPU/MCU_R04/out/mt2625_evb/nbiot_m2m_demo/obj/bootloader/driver/chip/mt2625/src/hal_clock.o
 .debug_info    0x00012da6     0x54e0 f:/NB-IOT/MTK/MT2625/SDK/Develop/NBIOT_SDK_OCPU/MCU_R04/out/mt2625_evb/nbiot_m2m_demo/obj/bootloader/driver/chip/mt2625/src/hal_rtc.o
 .debug_info    0x00018286      0xa7e f:/NB-IOT/MTK/MT2625/SDK/Develop/NBIOT_SDK_OCPU/MCU_R04/out/mt2625_evb/nbiot_m2m_demo/obj/bootloader/driver/chip/mt2625/src/hal_wdt.o
 .debug_info    0x00018d04      0x5c3 f:/NB-IOT/MTK/MT2625/SDK/Develop/NBIOT_SDK_OCPU/MCU_R04/out/mt2625_evb/nbiot_m2m_demo/obj/bootloader/driver/chip/mt2625/src/hal_wdt_internal.o
 .debug_info    0x000192c7      0xb8f f:/NB-IOT/MTK/MT2625/SDK/Develop/NBIOT_SDK_OCPU/MCU_R04/out/mt2625_evb/nbiot_m2m_demo/obj/bootloader/middleware/third_party/rock_fota/src/rock_ua.o
 .debug_info    0x00019e56      0x121 f:/NB-IOT/MTK/MT2625/SDK/Develop/NBIOT_SDK_OCPU/MCU_R04/out/mt2625_evb/nbiot_m2m_demo/obj/bootloader/project/mt2625_evb/apps/bootloader/GCC/syscalls.o
 .debug_info    0x00019f77      0x526 f:/NB-IOT/MTK/MT2625/SDK/Develop/NBIOT_SDK_OCPU/MCU_R04/out/mt2625_evb/nbiot_m2m_demo/obj/bootloader/project/mt2625_evb/apps/bootloader/src/bl_dbgprint.o
 .debug_info    0x0001a49d      0x103 f:/NB-IOT/MTK/MT2625/SDK/Develop/NBIOT_SDK_OCPU/MCU_R04/out/mt2625_evb/nbiot_m2m_demo/obj/bootloader/project/mt2625_evb/apps/bootloader/src/custom_blconfig.o
 .debug_info    0x0001a5a0       0xba f:/NB-IOT/MTK/MT2625/SDK/Develop/NBIOT_SDK_OCPU/MCU_R04/out/mt2625_evb/nbiot_m2m_demo/obj/bootloader/project/mt2625_evb/apps/bootloader/src/bl_rom_parameter.o
 .debug_info    0x0001a65a      0x9b6 f:/NB-IOT/MTK/MT2625/SDK/Develop/NBIOT_SDK_OCPU/MCU_R04/out/mt2625_evb/nbiot_m2m_demo/obj/bootloader/project/mt2625_evb/apps/bootloader/src/main.o
 .debug_info    0x0001b010     0x20c9 f:/NB-IOT/MTK/MT2625/SDK/Develop/NBIOT_SDK_OCPU/MCU_R04/out/mt2625_evb/nbiot_m2m_demo/obj/bootloader/project/mt2625_evb/apps/bootloader/src/bl_fota.o
 .debug_info    0x0001d0d9       0xce f:/NB-IOT/MTK/MT2625/SDK/Develop/NBIOT_SDK_OCPU/MCU_R04/out/mt2625_evb/nbiot_m2m_demo/obj/bootloader/project/mt2625_evb/apps/bootloader/GCC/startup_bootloader.o
 .debug_info    0x0001d1a7      0x157 ../../../../../prebuilt/driver/chip/mt2625/lib/libhal_protected_CM4_GCC.a(version_code.o)
 .debug_info    0x0001d2fe       0xb0 f:/NB-IOT/MTK/MT2625/SDK/Develop/NBIOT_SDK_OCPU/MCU_R04/out/mt2625_evb/nbiot_m2m_demo/obj/bootloader/middleware/MTK/verno/verno.o

.debug_abbrev   0x00000000     0x4de4
 .debug_abbrev  0x00000000      0x32e f:/NB-IOT/MTK/MT2625/SDK/Develop/NBIOT_SDK_OCPU/MCU_R04/out/mt2625_evb/nbiot_m2m_demo/obj/bootloader/driver/chip/mt2625/src/hal_cache.o
 .debug_abbrev  0x0000032e      0x383 f:/NB-IOT/MTK/MT2625/SDK/Develop/NBIOT_SDK_OCPU/MCU_R04/out/mt2625_evb/nbiot_m2m_demo/obj/bootloader/driver/chip/mt2625/src/hal_emi.o
 .debug_abbrev  0x000006b1      0x344 f:/NB-IOT/MTK/MT2625/SDK/Develop/NBIOT_SDK_OCPU/MCU_R04/out/mt2625_evb/nbiot_m2m_demo/obj/bootloader/driver/chip/mt2625/src/hal_nvic.o
 .debug_abbrev  0x000009f5      0x20b f:/NB-IOT/MTK/MT2625/SDK/Develop/NBIOT_SDK_OCPU/MCU_R04/out/mt2625_evb/nbiot_m2m_demo/obj/bootloader/driver/chip/mt2625/src/hal_nvic_internal.o
 .debug_abbrev  0x00000c00      0x379 f:/NB-IOT/MTK/MT2625/SDK/Develop/NBIOT_SDK_OCPU/MCU_R04/out/mt2625_evb/nbiot_m2m_demo/obj/bootloader/driver/chip/mt2625/src/hal_flash_mtd_common.o
 .debug_abbrev  0x00000f79      0x4ef f:/NB-IOT/MTK/MT2625/SDK/Develop/NBIOT_SDK_OCPU/MCU_R04/out/mt2625_evb/nbiot_m2m_demo/obj/bootloader/driver/chip/mt2625/src/hal_flash_mtd_dal.o
 .debug_abbrev  0x00001468      0x1b4 f:/NB-IOT/MTK/MT2625/SDK/Develop/NBIOT_SDK_OCPU/MCU_R04/out/mt2625_evb/nbiot_m2m_demo/obj/bootloader/driver/chip/mt2625/src/hal_flash_custom_sfi.o
 .debug_abbrev  0x0000161c      0x2e4 f:/NB-IOT/MTK/MT2625/SDK/Develop/NBIOT_SDK_OCPU/MCU_R04/out/mt2625_evb/nbiot_m2m_demo/obj/bootloader/driver/chip/mt2625/src/hal_flash_combo_init.o
 .debug_abbrev  0x00001900      0x14e f:/NB-IOT/MTK/MT2625/SDK/Develop/NBIOT_SDK_OCPU/MCU_R04/out/mt2625_evb/nbiot_m2m_demo/obj/bootloader/driver/chip/mt2625/src/hal_flash_cfi.o
 .debug_abbrev  0x00001a4e       0xf7 f:/NB-IOT/MTK/MT2625/SDK/Develop/NBIOT_SDK_OCPU/MCU_R04/out/mt2625_evb/nbiot_m2m_demo/obj/bootloader/driver/chip/mt2625/src/hal_flash_custom.o
 .debug_abbrev  0x00001b45      0x260 f:/NB-IOT/MTK/MT2625/SDK/Develop/NBIOT_SDK_OCPU/MCU_R04/out/mt2625_evb/nbiot_m2m_demo/obj/bootloader/driver/chip/mt2625/src/hal_flash_combo_nor.o
 .debug_abbrev  0x00001da5      0x3d0 f:/NB-IOT/MTK/MT2625/SDK/Develop/NBIOT_SDK_OCPU/MCU_R04/out/mt2625_evb/nbiot_m2m_demo/obj/bootloader/driver/chip/mt2625/src/hal_flash_disk.o
 .debug_abbrev  0x00002175      0x224 f:/NB-IOT/MTK/MT2625/SDK/Develop/NBIOT_SDK_OCPU/MCU_R04/out/mt2625_evb/nbiot_m2m_demo/obj/bootloader/driver/chip/mt2625/src/hal_flash_mtd.o