Archive member included because of file (symbol)

libs/gcc/app_start.lib(gpio.o)
                              build\gcc\obj/example/example_multitask.o (Ql_GPIO_Init)
libs/gcc/app_start.lib(memory.o)
                              build\gcc\obj/ril/src/ril_util.o (Ql_MEM_Alloc)
libs/gcc/app_start.lib(ql_func.o)
                              libs/gcc/app_start.lib(memory.o) (api_notsup)
libs/gcc/app_start.lib(ql_main.o)
                              build\gcc\obj/ril/src/ril_atResponse.o (Ql_sscanf)
libs/gcc/app_start.lib(ril_aux.o)
                              build\gcc\obj/custom/config/sys_config.o (proc_reserved2)
libs/gcc/app_start.lib(ril_main.o)
                              build\gcc\obj/custom/config/sys_config.o (proc_reserved1)
libs/gcc/app_start.lib(stdlib_func.o)
                              build\gcc\obj/example/utility.o (Ql_strncpy)
libs/gcc/app_start.lib(system.o)
                              build\gcc\obj/example/example_multitask.o (Ql_Sleep)
libs/gcc/app_start.lib(taskMngt.o)
                              build\gcc\obj/example/example_multitask.o (Ql_OS_GetMessage)
libs/gcc/app_start.lib(timer.o)
                              libs/gcc/app_start.lib(ril_main.o) (Ql_Timer_Register)
libs/gcc/app_start.lib(uart.o)
                              build\gcc\obj/example/example_multitask.o (Ql_UART_Register)
libs/gcc/app_start.lib(ocpu_init.o)
                              libs/gcc/app_start.lib(ql_main.o) (_OCPU_InitUserMem)
tools\gcc\win\gcc-arm-none-eabi/arm-none-eabi/lib/thumb/libc.a(lib_a-memset.o)
                              libs/gcc/app_start.lib(ql_main.o) (memset)

Discarded input sections

 .text          0x00000000        0x0 build\gcc\obj/custom/config/custom_sys_cfg.o
 .data          0x00000000        0x0 build\gcc\obj/custom/config/custom_sys_cfg.o
 .bss           0x00000000        0x0 build\gcc\obj/custom/config/custom_sys_cfg.o
 .text          0x00000000        0x0 build\gcc\obj/custom/config/sys_config.o
 .data          0x00000000        0x0 build\gcc\obj/custom/config/sys_config.o
 .bss           0x00000000        0x0 build\gcc\obj/custom/config/sys_config.o
 .text          0x00000000        0x0 build\gcc\obj/ril/src/ril_atResponse.o
 .data          0x00000000        0x0 build\gcc\obj/ril/src/ril_atResponse.o
 .bss           0x00000000        0x0 build\gcc\obj/ril/src/ril_atResponse.o
 .text.Ql_RIL_AT_GetErrCode
                0x00000000        0xc build\gcc\obj/ril/src/ril_atResponse.o
 .text.Ql_RIL_AT_SetErrCode
                0x00000000        0xc build\gcc\obj/ril/src/ril_atResponse.o
 .text          0x00000000        0x0 build\gcc\obj/ril/src/ril_init.o
 .data          0x00000000        0x0 build\gcc\obj/ril/src/ril_init.o
 .bss           0x00000000        0x0 build\gcc\obj/ril/src/ril_init.o
 .text.RIL_GetInitCmdCnt
                0x00000000        0x4 build\gcc\obj/ril/src/ril_init.o
 .text.RIL_GetLimitedCmdCnt
                0x00000000        0x4 build\gcc\obj/ril/src/ril_init.o
 .data.g_InitCmds
                0x00000000        0x8 build\gcc\obj/ril/src/ril_init.o
 .data.g_LimitedCmds
                0x00000000        0x4 build\gcc\obj/ril/src/ril_init.o
 .rodata.str1.1
                0x00000000       0x21 build\gcc\obj/ril/src/ril_init.o
 .debug_info    0x00000000       0xfc build\gcc\obj/ril/src/ril_init.o
 .debug_abbrev  0x00000000       0x86 build\gcc\obj/ril/src/ril_init.o
 .debug_aranges
                0x00000000       0x28 build\gcc\obj/ril/src/ril_init.o
 .debug_ranges  0x00000000       0x18 build\gcc\obj/ril/src/ril_init.o
 .debug_line    0x00000000       0x69 build\gcc\obj/ril/src/ril_init.o
 .debug_str     0x00000000      0x1fd build\gcc\obj/ril/src/ril_init.o
 .comment       0x00000000       0x71 build\gcc\obj/ril/src/ril_init.o
 .ARM.attributes
                0x00000000       0x33 build\gcc\obj/ril/src/ril_init.o
 .debug_frame   0x00000000       0x30 build\gcc\obj/ril/src/ril_init.o
 .text          0x00000000        0x0 build\gcc\obj/ril/src/ril_network.o
 .data          0x00000000        0x0 build\gcc\obj/ril/src/ril_network.o
 .bss           0x00000000        0x0 build\gcc\obj/ril/src/ril_network.o
 .text.ATResponse_CEREG_Handler
                0x00000000       0x84 build\gcc\obj/ril/src/ril_network.o
 .text.RIL_NW_GetEGPRSState
                0x00000000       0x4c build\gcc\obj/ril/src/ril_network.o
 .rodata        0x00000000        0xb build\gcc\obj/ril/src/ril_network.o
 .text          0x00000000        0x0 build\gcc\obj/ril/src/ril_socket.o
 .data          0x00000000        0x0 build\gcc\obj/ril/src/ril_socket.o
 .bss           0x00000000        0x0 build\gcc\obj/ril/src/ril_socket.o
 .text.ATRsp_Soc_Create_Handler
                0x00000000       0x8c build\gcc\obj/ril/src/ril_socket.o
 .text.ATResponse_Handler
                0x00000000       0x5c build\gcc\obj/ril/src/ril_socket.o
 .text.RIL_QSOC_Create
                0x00000000       0x5c build\gcc\obj/ril/src/ril_socket.o
 .text.RIL_QSOC_CONN
                0x00000000       0x54 build\gcc\obj/ril/src/ril_socket.o
 .text.RIL_QSOC_SEND
                0x00000000       0x54 build\gcc\obj/ril/src/ril_socket.o
 .text.RIL_QSOC_CLOSE
                0x00000000       0x4c build\gcc\obj/ril/src/ril_socket.o
 .rodata.str1.1
                0x00000000       0x7f build\gcc\obj/ril/src/ril_socket.o
 .debug_info    0x00000000      0x740 build\gcc\obj/ril/src/ril_socket.o
 .debug_abbrev  0x00000000      0x1dc build\gcc\obj/ril/src/ril_socket.o
 .debug_loc     0x00000000      0x4ef build\gcc\obj/ril/src/ril_socket.o
 .debug_aranges
                0x00000000       0x48 build\gcc\obj/ril/src/ril_socket.o
 .debug_ranges  0x00000000       0x38 build\gcc\obj/ril/src/ril_socket.o
 .debug_line    0x00000000      0x107 build\gcc\obj/ril/src/ril_socket.o
 .debug_str     0x00000000      0x336 build\gcc\obj/ril/src/ril_socket.o
 .comment       0x00000000       0x71 build\gcc\obj/ril/src/ril_socket.o
 .ARM.attributes
                0x00000000       0x33 build\gcc\obj/ril/src/ril_socket.o
 .debug_frame   0x00000000       0xcc build\gcc\obj/ril/src/ril_socket.o
 .text          0x00000000        0x0 build\gcc\obj/ril/src/ril_urc.o
 .data          0x00000000        0x0 build\gcc\obj/ril/src/ril_urc.o
 .bss           0x00000000        0x0 build\gcc\obj/ril/src/ril_urc.o
 .text          0x00000000        0x0 build\gcc\obj/ril/src/ril_util.o
 .data          0x00000000        0x0 build\gcc\obj/ril/src/ril_util.o
 .bss           0x00000000        0x0 build\gcc\obj/ril/src/ril_util.o
 .text.Ql_StrToUpper
                0x00000000       0x28 build\gcc\obj/ril/src/ril_util.o
 .text.Ql_HexStrToInt
                0x00000000       0x4c build\gcc\obj/ril/src/ril_util.o
 .text.Ql_GenHash
                0x00000000       0x28 build\gcc\obj/ril/src/ril_util.o
 .text          0x00000000        0x0 build\gcc\obj/example/example_adc.o
 .data          0x00000000        0x0 build\gcc\obj/example/example_adc.o
 .bss           0x00000000        0x0 build\gcc\obj/example/example_adc.o
 .debug_line    0x00000000        0x0 build\gcc\obj/example/example_adc.o
 .debug_str     0x00000000        0x0 build\gcc\obj/example/example_adc.o
 .comment       0x00000000       0x71 build\gcc\obj/example/example_adc.o
 .ARM.attributes
                0x00000000       0x33 build\gcc\obj/example/example_adc.o
 .text          0x00000000        0x0 build\gcc\obj/example/example_eint.o
 .data          0x00000000        0x0 build\gcc\obj/example/example_eint.o
 .bss           0x00000000        0x0 build\gcc\obj/example/example_eint.o
 .debug_line    0x00000000        0x0 build\gcc\obj/example/example_eint.o
 .debug_str     0x00000000        0x0 build\gcc\obj/example/example_eint.o
 .comment       0x00000000       0x71 build\gcc\obj/example/example_eint.o
 .ARM.attributes
                0x00000000       0x33 build\gcc\obj/example/example_eint.o
 .text          0x00000000        0x0 build\gcc\obj/example/example_float_math.o
 .data          0x00000000        0x0 build\gcc\obj/example/example_float_math.o
 .bss           0x00000000        0x0 build\gcc\obj/example/example_float_math.o
 .debug_line    0x00000000        0x0 build\gcc\obj/example/example_float_math.o
 .debug_str     0x00000000        0x0 build\gcc\obj/example/example_float_math.o
 .comment       0x00000000       0x71 build\gcc\obj/example/example_float_math.o
 .ARM.attributes
                0x00000000       0x33 build\gcc\obj/example/example_float_math.o
 .text          0x00000000        0x0 build\gcc\obj/example/example_gpio.o
 .data          0x00000000        0x0 build\gcc\obj/example/example_gpio.o
 .bss           0x00000000        0x0 build\gcc\obj/example/example_gpio.o
 .debug_line    0x00000000        0x0 build\gcc\obj/example/example_gpio.o
 .debug_str     0x00000000        0x0 build\gcc\obj/example/example_gpio.o
 .comment       0x00000000       0x71 build\gcc\obj/example/example_gpio.o
 .ARM.attributes
                0x00000000       0x33 build\gcc\obj/example/example_gpio.o
 .text          0x00000000        0x0 build\gcc\obj/example/example_iic.o
 .data          0x00000000        0x0 build\gcc\obj/example/example_iic.o
 .bss           0x00000000        0x0 build\gcc\obj/example/example_iic.o
 .debug_line    0x00000000        0x0 build\gcc\obj/example/example_iic.o
 .debug_str     0x00000000        0x0 build\gcc\obj/example/example_iic.o
 .comment       0x00000000       0x71 build\gcc\obj/example/example_iic.o
 .ARM.attributes
                0x00000000       0x33 build\gcc\obj/example/example_iic.o
 .text          0x00000000        0x0 build\gcc\obj/example/example_memory.o
 .data          0x00000000        0x0 build\gcc\obj/example/example_memory.o
 .bss           0x00000000        0x0 build\gcc\obj/example/example_memory.o
 .debug_line    0x00000000        0x0 build\gcc\obj/example/example_memory.o
 .debug_str     0x00000000        0x0 build\gcc\obj/example/example_memory.o
 .comment       0x00000000       0x71 build\gcc\obj/example/example_memory.o
 .ARM.attributes
                0x00000000       0x33 build\gcc\obj/example/example_memory.o
 .text          0x00000000        0x0 build\gcc\obj/example/example_multitask.o
 .data          0x00000000        0x0 build\gcc\obj/example/example_multitask.o
 .bss           0x00000000        0x0 build\gcc\obj/example/example_multitask.o
 .text.SemaphoreTest
                0x00000000       0xf4 build\gcc\obj/example/example_multitask.o
 .text          0x00000000        0x0 build\gcc\obj/example/example_pwm.o
 .data          0x00000000        0x0 build\gcc\obj/example/example_pwm.o
 .bss           0x00000000        0x0 build\gcc\obj/example/example_pwm.o
 .debug_line    0x00000000        0x0 build\gcc\obj/example/example_pwm.o
 .debug_str     0x00000000        0x0 build\gcc\obj/example/example_pwm.o
 .comment       0x00000000       0x71 build\gcc\obj/example/example_pwm.o
 .ARM.attributes
                0x00000000       0x33 build\gcc\obj/example/example_pwm.o
 .text          0x00000000        0x0 build\gcc\obj/example/example_spi.o
 .data          0x00000000        0x0 build\gcc\obj/example/example_spi.o
 .bss           0x00000000        0x0 build\gcc\obj/example/example_spi.o
 .debug_line    0x00000000        0x0 build\gcc\obj/example/example_spi.o
 .debug_str     0x00000000        0x0 build\gcc\obj/example/example_spi.o
 .comment       0x00000000       0x71 build\gcc\obj/example/example_spi.o
 .ARM.attributes
                0x00000000       0x33 build\gcc\obj/example/example_spi.o
 .text          0x00000000        0x0 build\gcc\obj/example/example_system.o
 .data          0x00000000        0x0 build\gcc\obj/example/example_system.o
 .bss           0x00000000        0x0 build\gcc\obj/example/example_system.o
 .debug_line    0x00000000        0x0 build\gcc\obj/example/example_system.o
 .debug_str     0x00000000        0x0 build\gcc\obj/example/example_system.o
 .comment       0x00000000       0x71 build\gcc\obj/example/example_system.o
 .ARM.attributes
                0x00000000       0x33 build\gcc\obj/example/example_system.o
 .text          0x00000000        0x0 build\gcc\obj/example/example_tcpclient.o
 .data          0x00000000        0x0 build\gcc\obj/example/example_tcpclient.o
 .bss           0x00000000        0x0 build\gcc\obj/example/example_tcpclient.o
 .debug_line    0x00000000        0x0 build\gcc\obj/example/example_tcpclient.o
 .debug_str     0x00000000        0x0 build\gcc\obj/example/example_tcpclient.o
 .comment       0x00000000       0x71 build\gcc\obj/example/example_tcpclient.o
 .ARM.attributes
                0x00000000       0x33 build\gcc\obj/example/example_tcpclient.o
 .text          0x00000000        0x0 build\gcc\obj/example/example_time.o
 .data          0x00000000        0x0 build\gcc\obj/example/example_time.o
 .bss           0x00000000        0x0 build\gcc\obj/example/example_time.o
 .debug_line    0x00000000        0x0 build\gcc\obj/example/example_time.o
 .debug_str     0x00000000        0x0 build\gcc\obj/example/example_time.o
 .comment       0x00000000       0x71 build\gcc\obj/example/example_time.o
 .ARM.attributes
                0x00000000       0x33 build\gcc\obj/example/example_time.o
 .text          0x00000000        0x0 build\gcc\obj/example/example_timer.o
 .data          0x00000000        0x0 build\gcc\obj/example/example_timer.o
 .bss           0x00000000        0x0 build\gcc\obj/example/example_timer.o
 .debug_line    0x00000000        0x0 build\gcc\obj/example/example_timer.o
 .debug_str     0x00000000        0x0 build\gcc\obj/example/example_timer.o
 .comment       0x00000000       0x71 build\gcc\obj/example/example_timer.o
 .ARM.attributes
                0x00000000       0x33 build\gcc\obj/example/example_timer.o
 .text          0x00000000        0x0 build\gcc\obj/example/example_udpclient.o
 .data          0x00000000        0x0 build\gcc\obj/example/example_udpclient.o
 .bss           0x00000000        0x0 build\gcc\obj/example/example_udpclient.o
 .debug_line    0x00000000        0x0 build\gcc\obj/example/example_udpclient.o
 .debug_str     0x00000000        0x0 build\gcc\obj/example/example_udpclient.o
 .comment       0x00000000       0x71 build\gcc\obj/example/example_udpclient.o
 .ARM.attributes
                0x00000000       0x33 build\gcc\obj/example/example_udpclient.o
 .text          0x00000000        0x0 build\gcc\obj/example/utility.o
 .data          0x00000000        0x0 build\gcc\obj/example/utility.o
 .bss           0x00000000        0x0 build\gcc\obj/example/utility.o
 .text.Analyse_Command
                0x00000000       0xec build\gcc\obj/example/utility.o
 .rodata.str1.1
                0x00000000        0xb build\gcc\obj/example/utility.o
 .debug_info    0x00000000      0x28e build\gcc\obj/example/utility.o
 .debug_abbrev  0x00000000      0x154 build\gcc\obj/example/utility.o
 .debug_loc     0x00000000      0x2e4 build\gcc\obj/example/utility.o
 .debug_aranges
                0x00000000       0x20 build\gcc\obj/example/utility.o
 .debug_ranges  0x00000000       0x10 build\gcc\obj/example/utility.o
 .debug_line    0x00000000       0x89 build\gcc\obj/example/utility.o
 .debug_str     0x00000000      0x22a build\gcc\obj/example/utility.o
 .comment       0x00000000       0x71 build\gcc\obj/example/utility.o
 .ARM.attributes
                0x00000000       0x33 build\gcc\obj/example/utility.o
 .debug_frame   0x00000000       0x3c build\gcc\obj/example/utility.o
 .text          0x00000000        0x0 build\gcc\obj/custom/main.o
 .data          0x00000000        0x0 build\gcc\obj/custom/main.o
 .bss           0x00000000        0x0 build\gcc\obj/custom/main.o
 .debug_line    0x00000000        0x0 build\gcc\obj/custom/main.o
 .debug_str     0x00000000        0x0 build\gcc\obj/custom/main.o
 .comment       0x00000000       0x71 build\gcc\obj/custom/main.o
 .ARM.attributes
                0x00000000       0x33 build\gcc\obj/custom/main.o
 .text          0x00000000        0x0 libs/gcc/app_start.lib(gpio.o)
 .data          0x00000000        0x0 libs/gcc/app_start.lib(gpio.o)
 .bss           0x00000000        0x0 libs/gcc/app_start.lib(gpio.o)
 .text.Ql_GPIO_GetLevel
                0x00000000       0x34 libs/gcc/app_start.lib(gpio.o)
 .text.Ql_GPIO_SetDirection
                0x00000000       0x38 libs/gcc/app_start.lib(gpio.o)
 .text.Ql_GPIO_GetDirection
                0x00000000       0x34 libs/gcc/app_start.lib(gpio.o)
 .text.Ql_GPIO_SetPullSelection
                0x00000000       0x38 libs/gcc/app_start.lib(gpio.o)
 .text.Ql_GPIO_Uninit
                0x00000000       0x34 libs/gcc/app_start.lib(gpio.o)
 .bss.m_GPIO_GetDirection
                0x00000000        0x4 libs/gcc/app_start.lib(gpio.o)
 .bss.m_GPIO_SetDirection
                0x00000000        0x4 libs/gcc/app_start.lib(gpio.o)
 .bss.m_GPIO_SetPullSelection
                0x00000000        0x4 libs/gcc/app_start.lib(gpio.o)
 .bss.m_GPIO_GetLevel
                0x00000000        0x4 libs/gcc/app_start.lib(gpio.o)
 .bss.m_GPIO_Uninit
                0x00000000        0x4 libs/gcc/app_start.lib(gpio.o)
 .text          0x00000000        0x0 libs/gcc/app_start.lib(memory.o)
 .data          0x00000000        0x0 libs/gcc/app_start.lib(memory.o)
 .bss           0x00000000        0x0 libs/gcc/app_start.lib(memory.o)
 .text          0x00000000        0x0 libs/gcc/app_start.lib(ql_func.o)
 .data          0x00000000        0x0 libs/gcc/app_start.lib(ql_func.o)
 .bss           0x00000000        0x0 libs/gcc/app_start.lib(ql_func.o)
 .text.Ql_StartPlayAudioStream
                0x00000000       0x50 libs/gcc/app_start.lib(ql_func.o)
 .text.Ql_StopPlayAudioStream
                0x00000000       0x30 libs/gcc/app_start.lib(ql_func.o)
 .text.Ql_GetRelativeTime_Counter
                0x00000000       0x28 libs/gcc/app_start.lib(ql_func.o)
 .text.Ql_SecondToTicks
                0x00000000       0x2c libs/gcc/app_start.lib(ql_func.o)
 .text.Ql_MillisecondToTicks
                0x00000000       0x2c libs/gcc/app_start.lib(ql_func.o)
 .text.Ql_CalendarTime2LocalTime
                0x00000000       0x34 libs/gcc/app_start.lib(ql_func.o)
 .text.Ql_osChangeTaskPriority
                0x00000000       0x30 libs/gcc/app_start.lib(ql_func.o)
 .bss.m_SecondToTicks
                0x00000000        0x4 libs/gcc/app_start.lib(ql_func.o)
 .bss.m_GetRelativeTime_Counter
                0x00000000        0x4 libs/gcc/app_start.lib(ql_func.o)
 .rodata.str1.1
                0x00000000       0xa3 libs/gcc/app_start.lib(ql_func.o)
 .bss.m_StartPlayAudioStream
                0x00000000        0x4 libs/gcc/app_start.lib(ql_func.o)
 .bss.m_StopPlayAudioStream
                0x00000000        0x4 libs/gcc/app_start.lib(ql_func.o)
 .bss.m_CalendarTime2LocalTime
                0x00000000        0x4 libs/gcc/app_start.lib(ql_func.o)
 .bss.m_MillisecondToTicks
                0x00000000        0x4 libs/gcc/app_start.lib(ql_func.o)
 .bss.m_osChangeTaskPriority
                0x00000000        0x4 libs/gcc/app_start.lib(ql_func.o)
 .text          0x00000000        0x0 libs/gcc/app_start.lib(ql_main.o)
 .data          0x00000000        0x0 libs/gcc/app_start.lib(ql_main.o)
 .bss           0x00000000        0x0 libs/gcc/app_start.lib(ql_main.o)
 .text          0x00000000        0x0 libs/gcc/app_start.lib(ril_aux.o)
 .data          0x00000000        0x0 libs/gcc/app_start.lib(ril_aux.o)
 .bss           0x00000000        0x0 libs/gcc/app_start.lib(ril_aux.o)
 .text          0x00000000        0x0 libs/gcc/app_start.lib(ril_main.o)
 .data          0x00000000        0x0 libs/gcc/app_start.lib(ril_main.o)
 .bss           0x00000000        0x0 libs/gcc/app_start.lib(ril_main.o)
 .text.get_ril_init_status
                0x00000000        0xc libs/gcc/app_start.lib(ril_main.o)
 .text.Ql_RIL_Initialize
                0x00000000      0x108 libs/gcc/app_start.lib(ril_main.o)
 .text.Ql_RIL_SendATCmd
                0x00000000      0x234 libs/gcc/app_start.lib(ril_main.o)
 .text.Ql_RIL_WriteDataToCore
                0x00000000        0x4 libs/gcc/app_start.lib(ril_main.o)
 .bss.m_isRILInited
                0x00000000        0x1 libs/gcc/app_start.lib(ril_main.o)
 .text          0x00000000        0x0 libs/gcc/app_start.lib(stdlib_func.o)
 .data          0x00000000        0x0 libs/gcc/app_start.lib(stdlib_func.o)
 .bss           0x00000000        0x0 libs/gcc/app_start.lib(stdlib_func.o)
 .text.Ql_create_api_hash
                0x00000000       0x18 libs/gcc/app_start.lib(stdlib_func.o)
 .text.Ql_ui64toa
                0x00000000       0x60 libs/gcc/app_start.lib(stdlib_func.o)
 .text.Ql_itoa  0x00000000       0x58 libs/gcc/app_start.lib(stdlib_func.o)
 .text.Ql_atof  0x00000000       0x50 libs/gcc/app_start.lib(stdlib_func.o)
 .text.Ql_strcpy
                0x00000000       0x58 libs/gcc/app_start.lib(stdlib_func.o)
 .text.Ql_strcat
                0x00000000       0x48 libs/gcc/app_start.lib(stdlib_func.o)
 .text.Ql_strncat
                0x00000000       0x50 libs/gcc/app_start.lib(stdlib_func.o)
 .text.Ql_strcmp
                0x00000000       0x38 libs/gcc/app_start.lib(stdlib_func.o)
 .text.Ql_memcmp
                0x00000000       0x3c libs/gcc/app_start.lib(stdlib_func.o)
 .text.Ql_memmove
                0x00000000       0x50 libs/gcc/app_start.lib(stdlib_func.o)
 .text.Ql_strchr
                0x00000000       0x48 libs/gcc/app_start.lib(stdlib_func.o)
 .text.Ql_toupper
                0x00000000        0x4 libs/gcc/app_start.lib(stdlib_func.o)
 .text.Ql_tolower
                0x00000000        0x4 libs/gcc/app_start.lib(stdlib_func.o)
 .text.Ql_isdigit
                0x00000000        0xc libs/gcc/app_start.lib(stdlib_func.o)
 .bss.m_memmove
                0x00000000        0x4 libs/gcc/app_start.lib(stdlib_func.o)
 .bss.m_strcpy  0x00000000        0x4 libs/gcc/app_start.lib(stdlib_func.o)
 .bss.m_memcmp  0x00000000        0x4 libs/gcc/app_start.lib(stdlib_func.o)
 .bss.m_atof    0x00000000        0x4 libs/gcc/app_start.lib(stdlib_func.o)
 .bss.m_strcmp  0x00000000        0x4 libs/gcc/app_start.lib(stdlib_func.o)
 .bss.m_strncat
                0x00000000        0x4 libs/gcc/app_start.lib(stdlib_func.o)
 .bss.m_itoa    0x00000000        0x4 libs/gcc/app_start.lib(stdlib_func.o)
 .bss.m_strcat  0x00000000        0x4 libs/gcc/app_start.lib(stdlib_func.o)
 .bss.m_strchr  0x00000000        0x4 libs/gcc/app_start.lib(stdlib_func.o)
 .bss.m_ui64toa
                0x00000000        0x4 libs/gcc/app_start.lib(stdlib_func.o)
 .text          0x00000000        0x0 libs/gcc/app_start.lib(system.o)
 .data          0x00000000        0x0 libs/gcc/app_start.lib(system.o)
 .bss           0x00000000        0x0 libs/gcc/app_start.lib(system.o)
 .text.Ql_Reset
                0x00000000       0x40 libs/gcc/app_start.lib(system.o)
 .bss.m_Reset   0x00000000        0x4 libs/gcc/app_start.lib(system.o)
 .text          0x00000000        0x0 libs/gcc/app_start.lib(taskMngt.o)
 .data          0x00000000        0x0 libs/gcc/app_start.lib(taskMngt.o)
 .bss           0x00000000        0x0 libs/gcc/app_start.lib(taskMngt.o)
 .text.Ql_OS_SendMessageFromISR
                0x00000000       0x44 libs/gcc/app_start.lib(taskMngt.o)
 .text.Ql_OS_WaitEvent
                0x00000000       0x3c libs/gcc/app_start.lib(taskMngt.o)
 .text.Ql_OS_GetActiveTaskId
                0x00000000       0x30 libs/gcc/app_start.lib(taskMngt.o)
 .bss.m_OS_SendMessageFromISR
                0x00000000        0x4 libs/gcc/app_start.lib(taskMngt.o)
 .bss.m_OS_GetActiveTaskId
                0x00000000        0x4 libs/gcc/app_start.lib(taskMngt.o)
 .bss.m_OS_WaitEvent
                0x00000000        0x4 libs/gcc/app_start.lib(taskMngt.o)
 .text          0x00000000        0x0 libs/gcc/app_start.lib(timer.o)
 .data          0x00000000        0x0 libs/gcc/app_start.lib(timer.o)
 .bss           0x00000000        0x0 libs/gcc/app_start.lib(timer.o)
 .text.Ql_Timer_RegisterFast
                0x00000000       0x3c libs/gcc/app_start.lib(timer.o)
 .bss.m_Timer_RegisterFast
                0x00000000        0x4 libs/gcc/app_start.lib(timer.o)
 .text          0x00000000        0x0 libs/gcc/app_start.lib(uart.o)
 .data          0x00000000        0x0 libs/gcc/app_start.lib(uart.o)
 .bss           0x00000000        0x0 libs/gcc/app_start.lib(uart.o)
 .text.Ql_UART_Open
                0x00000000       0x3c libs/gcc/app_start.lib(uart.o)
 .text.Ql_UART_OpenEx
                0x00000000       0x38 libs/gcc/app_start.lib(uart.o)
 .text.Ql_UART_Write
                0x00000000       0x3c libs/gcc/app_start.lib(uart.o)
 .text.Ql_UART_Close
                0x00000000       0x2c libs/gcc/app_start.lib(uart.o)
 .bss.m_Ql_UART_Close
                0x00000000        0x4 libs/gcc/app_start.lib(uart.o)
 .bss.m_Ql_UART_Open
                0x00000000        0x4 libs/gcc/app_start.lib(uart.o)
 .bss.m_Ql_UART_OpenEx
                0x00000000        0x4 libs/gcc/app_start.lib(uart.o)
 .bss.m_Ql_UART_Write
                0x00000000        0x4 libs/gcc/app_start.lib(uart.o)
 .data          0x00000000        0x0 libs/gcc/app_start.lib(ocpu_init.o)
 .bss           0x00000000        0x0 libs/gcc/app_start.lib(ocpu_init.o)
 .text          0x00000000        0x0 tools\gcc\win\gcc-arm-none-eabi/arm-none-eabi/lib/thumb/libc.a(lib_a-memset.o)
 .data          0x00000000        0x0 tools\gcc\win\gcc-arm-none-eabi/arm-none-eabi/lib/thumb/libc.a(lib_a-memset.o)
 .bss           0x00000000        0x0 tools\gcc\win\gcc-arm-none-eabi/arm-none-eabi/lib/thumb/libc.a(lib_a-memset.o)

Memory Configuration

Name             Origin             Length             Attributes
ROM              0x08292040         0x00032000         xr
RAM              0x001e7000         0x00019000         xrw
*default*        0x00000000         0xffffffff

Linker script and memory map

                0x08292040                . = 0x8292040

.initdata       0x08292040       0x2c
                0x08292040                . = ALIGN (0x4)
 *(.initdata)
 .initdata      0x08292040       0x2c libs/gcc/app_start.lib(ql_main.o)
                0x08292040                GADLENTRY

text            0x0829206c     0x2570
                0x0829206c                . = ALIGN (0x4)
 *(.text.*)
 .text.Default_atRsp_callback
                0x0829206c       0x90 build\gcc\obj/ril/src/ril_atResponse.o
                0x0829206c                Default_atRsp_callback
 .text.RIL_SIM_GetSimStateByName
                0x082920fc       0xc8 build\gcc\obj/ril/src/ril_network.o
                0x082920fc                RIL_SIM_GetSimStateByName
 .text.OnURCHandler_CFUN
                0x082921c4       0x70 build\gcc\obj/ril/src/ril_urc.o
 .text.OnURCHandler_Network
                0x08292234      0x130 build\gcc\obj/ril/src/ril_urc.o
 .text.OnURCHandler_SIM
                0x08292364       0x90 build\gcc\obj/ril/src/ril_urc.o
 .text.QSDK_Get_Str
                0x082923f4       0x7c build\gcc\obj/ril/src/ril_urc.o
                0x082923f4                QSDK_Get_Str
 .text.OnURCHandler_RECV_DATA
                0x08292470       0x58 build\gcc\obj/ril/src/ril_urc.o
 .text.OnURCHandler
                0x082924c8       0x48 build\gcc\obj/ril/src/ril_urc.o
                0x082924c8                OnURCHandler
 .text.Ql_RIL_IsURCStr
                0x08292510       0x28 build\gcc\obj/ril/src/ril_urc.o
                0x08292510                Ql_RIL_IsURCStr
 .text.Ql_StrPrefixMatch
                0x08292538       0x28 build\gcc\obj/ril/src/ril_util.o
                0x08292538                Ql_StrPrefixMatch
 .text.Ql_RIL_FindString
                0x08292560       0x50 build\gcc\obj/ril/src/ril_util.o
                0x08292560                Ql_RIL_FindString
 .text.Ql_RIL_FindLine
                0x082925b0      0x154 build\gcc\obj/ril/src/ril_util.o
                0x082925b0                Ql_RIL_FindLine
 .text.GPIO_TogglePin
                0x08292704       0x24 build\gcc\obj/example/example_multitask.o
                0x08292704                GPIO_TogglePin
 .text.MutextTest
                0x08292728       0xb4 build\gcc\obj/example/example_multitask.o
                0x08292728                MutextTest
 .text.SemaphoreTest1
                0x082927dc       0xfc build\gcc\obj/example/example_multitask.o
                0x082927dc                SemaphoreTest1
 .text.GetCurrentTaskPriority
                0x082928d8       0x48 build\gcc\obj/example/example_multitask.o
                0x082928d8                GetCurrentTaskPriority
 .text.GetCurrenTaskRemainStackSize
                0x08292920       0x48 build\gcc\obj/example/example_multitask.o
                0x08292920                GetCurrenTaskRemainStackSize
 .text.SendEvent2AllSubTask
                0x08292968       0x28 build\gcc\obj/example/example_multitask.o
                0x08292968                SendEvent2AllSubTask
 .text.CallBack_UART_Hdlr
                0x08292990      0x2f8 build\gcc\obj/example/example_multitask.o
 .text.proc_main_task
                0x08292c88       0xd8 build\gcc\obj/example/example_multitask.o
                0x08292c88                proc_main_task
 .text.proc_subtask1
                0x08292d60      0x10c build\gcc\obj/example/example_multitask.o
                0x08292d60                proc_subtask1
 .text.proc_subtask2
                0x08292e6c      0x100 build\gcc\obj/example/example_multitask.o
                0x08292e6c                proc_subtask2
 .text.proc_subtask3
                0x08292f6c      0x100 build\gcc\obj/example/example_multitask.o
                0x08292f6c                proc_subtask3
 .text.proc_subtask4
                0x0829306c      0x100 build\gcc\obj/example/example_multitask.o
                0x0829306c                proc_subtask4
 .text.proc_subtask5
                0x0829316c      0x100 build\gcc\obj/example/example_multitask.o
                0x0829316c                proc_subtask5
 .text.proc_subtask6
                0x0829326c      0x100 build\gcc\obj/example/example_multitask.o
                0x0829326c                proc_subtask6
 .text.proc_subtask7
                0x0829336c      0x100 build\gcc\obj/example/example_multitask.o
                0x0829336c                proc_subtask7
 .text.proc_subtask8
                0x0829346c      0x104 build\gcc\obj/example/example_multitask.o
                0x0829346c                proc_subtask8
 .text.Ql_GPIO_Init
                0x08293570       0x44 libs/gcc/app_start.lib(gpio.o)
                0x08293570                Ql_GPIO_Init
 .text.Ql_GPIO_SetLevel
                0x082935b4       0x38 libs/gcc/app_start.lib(gpio.o)
                0x082935b4                Ql_GPIO_SetLevel
 .text.Ql_MEM_Alloc
                0x082935ec       0x44 libs/gcc/app_start.lib(memory.o)
                0x082935ec                Ql_MEM_Alloc
 .text.Ql_MEM_Free
                0x08293630       0x40 libs/gcc/app_start.lib(memory.o)
                0x08293630                Ql_MEM_Free
 .text.ql_InitVFunc
                0x08293670       0x7c libs/gcc/app_start.lib(ql_main.o)
                0x08293670                ql_InitVFunc
 .text.ocpu_main
                0x082936ec       0x6c libs/gcc/app_start.lib(ql_main.o)
                0x082936ec                ocpu_main
 .text.proc_reserved2
                0x08293758       0x74 libs/gcc/app_start.lib(ril_aux.o)
                0x08293758                proc_reserved2
 .text.ril_StopATTimer
                0x082937cc       0x50 libs/gcc/app_start.lib(ril_main.o)
 .text.Callback_OnATTimer
                0x0829381c       0x84 libs/gcc/app_start.lib(ril_main.o)
 .text.proc_reserved1
                0x082938a0      0x5d8 libs/gcc/app_start.lib(ril_main.o)
                0x082938a0                proc_reserved1
 .text.Ql_strncpy
                0x08293e78       0x50 libs/gcc/app_start.lib(stdlib_func.o)
                0x08293e78                Ql_strncpy
 .text.Ql_strlen
                0x08293ec8       0x44 libs/gcc/app_start.lib(stdlib_func.o)
                0x08293ec8                Ql_strlen
 .text.Ql_strncmp
                0x08293f0c       0x3c libs/gcc/app_start.lib(stdlib_func.o)
                0x08293f0c                Ql_strncmp
 .text.Ql_memset
                0x08293f48       0x50 libs/gcc/app_start.lib(stdlib_func.o)
                0x08293f48                Ql_memset
 .text.Ql_memcpy
                0x08293f98       0x50 libs/gcc/app_start.lib(stdlib_func.o)
                0x08293f98                Ql_memcpy
 .text.Ql_strstr
                0x08293fe8       0x48 libs/gcc/app_start.lib(stdlib_func.o)
                0x08293fe8                Ql_strstr
 .text.Ql_atoi  0x08294030       0x4e libs/gcc/app_start.lib(stdlib_func.o)
                0x08294030                Ql_atoi
 *fill*         0x0829407e        0x2 
 .text.Ql_Sleep
                0x08294080       0x40 libs/gcc/app_start.lib(system.o)
                0x08294080                Ql_Sleep
 .text.Ql_GetSDKVer
                0x082940c0       0x38 libs/gcc/app_start.lib(system.o)
                0x082940c0                Ql_GetSDKVer
 .text.Ql_OS_GetMessage
                0x082940f8       0x34 libs/gcc/app_start.lib(taskMngt.o)
                0x082940f8                Ql_OS_GetMessage
 .text.Ql_OS_SendMessage
                0x0829412c       0x44 libs/gcc/app_start.lib(taskMngt.o)
                0x0829412c                Ql_OS_SendMessage
 .text.Ql_OS_CreateMutex
                0x08294170       0x28 libs/gcc/app_start.lib(taskMngt.o)
                0x08294170                Ql_OS_CreateMutex
 .text.Ql_OS_TakeMutex
                0x08294198       0x30 libs/gcc/app_start.lib(taskMngt.o)
                0x08294198                Ql_OS_TakeMutex
 .text.Ql_OS_GiveMutex
                0x082941c8       0x2c libs/gcc/app_start.lib(taskMngt.o)
                0x082941c8                Ql_OS_GiveMutex
 .text.Ql_OS_CreateSemaphore
                0x082941f4       0x30 libs/gcc/app_start.lib(taskMngt.o)
                0x082941f4                Ql_OS_CreateSemaphore
 .text.Ql_OS_TakeSemaphore
                0x08294224       0x30 libs/gcc/app_start.lib(taskMngt.o)
                0x08294224                Ql_OS_TakeSemaphore
 .text.Ql_OS_GiveSemaphore
                0x08294254       0x2c libs/gcc/app_start.lib(taskMngt.o)
                0x08294254                Ql_OS_GiveSemaphore
 .text.Ql_OS_CreateEvent
                0x08294280       0x28 libs/gcc/app_start.lib(taskMngt.o)
                0x08294280                Ql_OS_CreateEvent
 .text.Ql_OS_SetEvent
                0x082942a8       0x38 libs/gcc/app_start.lib(taskMngt.o)
                0x082942a8                Ql_OS_SetEvent
 .text.Ql_SetLastErrorCode
                0x082942e0       0x34 libs/gcc/app_start.lib(taskMngt.o)
                0x082942e0                Ql_SetLastErrorCode
 .text.Ql_GetLastErrorCode
                0x08294314       0x30 libs/gcc/app_start.lib(taskMngt.o)
                0x08294314                Ql_GetLastErrorCode
 .text.Ql_OS_GetCurrentTaskPriority
                0x08294344       0x28 libs/gcc/app_start.lib(taskMngt.o)
                0x08294344                Ql_OS_GetCurrentTaskPriority
 .text.Ql_OS_GetCurrenTaskLeftStackSize
                0x0829436c       0x28 libs/gcc/app_start.lib(taskMngt.o)
                0x0829436c                Ql_OS_GetCurrenTaskLeftStackSize
 .text.Ql_ril_request_command
                0x08294394       0x34 libs/gcc/app_start.lib(taskMngt.o)
                0x08294394                Ql_ril_request_command
 .text.Ql_Timer_Register
                0x082943c8       0x3c libs/gcc/app_start.lib(timer.o)
                0x082943c8                Ql_Timer_Register
 .text.Ql_Timer_Start
                0x08294404       0x3c libs/gcc/app_start.lib(timer.o)
                0x08294404                Ql_Timer_Start
 .text.Ql_Timer_Stop
                0x08294440       0x34 libs/gcc/app_start.lib(timer.o)
                0x08294440                Ql_Timer_Stop
 .text.Ql_UART_Register
                0x08294474       0x3c libs/gcc/app_start.lib(uart.o)
                0x08294474                Ql_UART_Register
 .text.Ql_UART_Read
                0x082944b0       0x3c libs/gcc/app_start.lib(uart.o)
                0x082944b0                Ql_UART_Read
 .text.memset   0x082944ec       0xa4 tools\gcc\win\gcc-arm-none-eabi/arm-none-eabi/lib/thumb/libc.a(lib_a-memset.o)
                0x082944ec                memset
 *(.text)
 .text          0x08294590       0x4c libs/gcc/app_start.lib(ocpu_init.o)
                0x082945a4                _OCPU_InitUserMem

.glue_7         0x082945dc        0x0
 .glue_7        0x00000000        0x0 linker stubs

.glue_7t        0x082945dc        0x0
 .glue_7t       0x00000000        0x0 linker stubs

.vfp11_veneer   0x082945dc        0x0
 .vfp11_veneer  0x00000000        0x0 linker stubs

.v4_bx          0x082945dc        0x0
 .v4_bx         0x00000000        0x0 linker stubs

.iplt           0x082945dc        0x0
 .iplt          0x00000000        0x0 build\gcc\obj/custom/config/custom_sys_cfg.o

.rodata         0x082945dc       0x2c
                0x082945dc                . = ALIGN (0x4)
 *(.rodata)
 .rodata        0x082945dc       0x16 libs/gcc/app_start.lib(ql_main.o)
 .rodata        0x082945f2       0x16 libs/gcc/app_start.lib(system.o)
                0x08295af8                __data_load = LOADADDR (.data)

.rodata.appEnableCfg
                0x08294608        0x4
 .rodata.appEnableCfg
                0x08294608        0x4 build\gcc\obj/custom/config/custom_sys_cfg.o

.rodata.SystemCfg
                0x0829460c       0x18
 .rodata.SystemCfg
                0x0829460c       0x18 build\gcc\obj/custom/config/custom_sys_cfg.o
                0x0829460c                SystemCfg

.rodata.GpioConfigTbl
                0x08294624        0x8
 .rodata.GpioConfigTbl
                0x08294624        0x8 build\gcc\obj/custom/config/sys_config.o
                0x08294624                GpioConfigTbl

.rodata.TaskConfig
                0x0829462c       0xf0
 .rodata.TaskConfig
                0x0829462c       0xf0 build\gcc\obj/custom/config/sys_config.o
                0x0829462c                TaskConfig

.rodata.str1.1  0x0829471c     0x12f9
 .rodata.str1.1
                0x0829471c       0x4c build\gcc\obj/ril/src/ril_atResponse.o
 .rodata.str1.1
                0x08294768       0x63 build\gcc\obj/ril/src/ril_network.o
                                 0x8e (size before relaxing)
 .rodata.str1.1
                0x082947cb       0x3d build\gcc\obj/ril/src/ril_urc.o
                                 0x40 (size before relaxing)
 .rodata.str1.1
                0x08294808       0x11 build\gcc\obj/ril/src/ril_util.o
                                 0x16 (size before relaxing)
 .rodata.str1.1
                0x08294819      0x901 build\gcc\obj/example/example_multitask.o
                                0x903 (size before relaxing)
 .rodata.str1.1
                0x0829511a       0x81 libs/gcc/app_start.lib(gpio.o)
 .rodata.str1.1
                0x0829519b       0x19 libs/gcc/app_start.lib(memory.o)
 .rodata.str1.1
                0x082951b4       0x1a libs/gcc/app_start.lib(ql_main.o)
                                 0x1f (size before relaxing)
 .rodata.str1.1
                0x082951ce       0x35 libs/gcc/app_start.lib(ril_aux.o)
 .rodata.str1.1
                0x08295203      0x58e libs/gcc/app_start.lib(ril_main.o)
                                0x597 (size before relaxing)
 .rodata.str1.1
                0x08295791       0xa1 libs/gcc/app_start.lib(stdlib_func.o)
 .rodata.str1.1
                0x08295832       0x12 libs/gcc/app_start.lib(system.o)
 .rodata.str1.1
                0x08295844      0x136 libs/gcc/app_start.lib(taskMngt.o)
                                0x170 (size before relaxing)
 .rodata.str1.1
                0x0829597a       0x45 libs/gcc/app_start.lib(timer.o)
 .rodata.str1.1
                0x082959bf       0x56 libs/gcc/app_start.lib(uart.o)

.rodata.m_SysURCHdlEntry
                0x08295a18       0xe0
 .rodata.m_SysURCHdlEntry
                0x08295a18       0xe0 build\gcc\obj/ril/src/ril_urc.o

.rel.dyn        0x08295af8        0x0
 .rel.iplt      0x00000000        0x0 build\gcc\obj/custom/config/custom_sys_cfg.o

.data           0x001e7000       0x34 load address 0x08295af8
                0x001e7000                __data_start = .
                0x001e7000                . = ALIGN (0x4)
 *(.data.*)
 .data.s_iPassTask
                0x001e7000        0x4 build\gcc\obj/example/example_multitask.o
 .data.s_iTestSemNum
                0x001e7004        0x4 build\gcc\obj/example/example_multitask.o
 .data.api_notsup
                0x001e7008       0x18 libs/gcc/app_start.lib(ql_func.o)
                0x001e7008                api_notsup
 .data.g_ril_auxTaskId
                0x001e7020        0x4 libs/gcc/app_start.lib(ril_aux.o)
                0x001e7020                g_ril_auxTaskId
 .data.m_atTimer
                0x001e7024        0xc libs/gcc/app_start.lib(ril_main.o)
 .data.m_thisTaskId
                0x001e7030        0x4 libs/gcc/app_start.lib(ril_main.o)
 *(.data)
                0x001e7034                _edata = .

.igot.plt       0x001e7034        0x0 load address 0x08295b2c
 .igot.plt      0x00000000        0x0 build\gcc\obj/custom/config/custom_sys_cfg.o

.bss            0x001e7034      0xfe8 load address 0x08295b2c
                0x001e7034                __bss_start__ = .
                0x001e7034                . = ALIGN (0x4)
 *(.bss)
 *(.bss.*)
 .bss.m_iErrCode
                0x001e7034        0x4 build\gcc\obj/ril/src/ril_atResponse.o
 .bss.recv_buffer
                0x001e7038      0x100 build\gcc\obj/ril/src/ril_urc.o
                0x001e7038                recv_buffer
 .bss.s_iMutexId
                0x001e7138        0x4 build\gcc\obj/example/example_multitask.o
 .bss.s_iSemMutex
                0x001e713c        0x4 build\gcc\obj/example/example_multitask.o
 .bss.DBG_BUFFER
                0x001e7140      0x200 build\gcc\obj/example/example_multitask.o
 .bss.lock.4129
                0x001e7340        0x1 build\gcc\obj/example/example_multitask.o
 *fill*         0x001e7341        0x3 
 .bss.s_iSemaphoreId
                0x001e7344        0x4 build\gcc\obj/example/example_multitask.o
 .bss.m_Read_Buffer
                0x001e7348      0x400 build\gcc\obj/example/example_multitask.o
 .bss.m_GPIO_Init
                0x001e7748        0x4 libs/gcc/app_start.lib(gpio.o)
                0x001e7748                m_GPIO_Init
 .bss.m_GPIO_SetLevel
                0x001e774c        0x4 libs/gcc/app_start.lib(gpio.o)
                0x001e774c                m_GPIO_SetLevel
 .bss.m_MEM_Alloc
                0x001e7750        0x4 libs/gcc/app_start.lib(memory.o)
 .bss.m_MEM_Free
                0x001e7754        0x4 libs/gcc/app_start.lib(memory.o)
 .bss.m_create_api_hash
                0x001e7758        0x4 libs/gcc/app_start.lib(ql_func.o)
                0x001e7758                m_create_api_hash
 .bss.m_get_api_ptr
                0x001e775c        0x4 libs/gcc/app_start.lib(ql_func.o)
                0x001e775c                m_get_api_ptr
 .bss.Ql_sscanf
                0x001e7760        0x4 libs/gcc/app_start.lib(ql_main.o)
                0x001e7760                Ql_sscanf
 .bss.runinfo   0x001e7764        0x8 libs/gcc/app_start.lib(ql_main.o)
                0x001e7764                runinfo
 .bss.Ql_Debug_Trace
                0x001e776c        0x4 libs/gcc/app_start.lib(ql_main.o)
                0x001e776c                Ql_Debug_Trace
 .bss.Ql_sprintf
                0x001e7770        0x4 libs/gcc/app_start.lib(ql_main.o)
                0x001e7770                Ql_sprintf
 .bss.Ql_snprintf
                0x001e7774        0x4 libs/gcc/app_start.lib(ql_main.o)
                0x001e7774                Ql_snprintf
 .bss.init_size
                0x001e7778        0x4 libs/gcc/app_start.lib(ql_main.o)
 .bss.DBG_Buffer
                0x001e777c      0x200 libs/gcc/app_start.lib(ril_aux.o)
 .bss.g_ril_auxTaskReady
                0x001e797c        0x1 libs/gcc/app_start.lib(ril_aux.o)
                0x001e797c                g_ril_auxTaskReady
 *fill*         0x001e797d        0x3 
 .bss.m_pATRspLineBuf
                0x001e7980        0x4 libs/gcc/app_start.lib(ril_main.o)
 .bss.m_strATCmd
                0x001e7984      0x400 libs/gcc/app_start.lib(ril_main.o)
 .bss.m_IsATHandling
                0x001e7d84        0x1 libs/gcc/app_start.lib(ril_main.o)
 .bss.DBG_Buffer
                0x001e7d85      0x200 libs/gcc/app_start.lib(ril_main.o)
 *fill*         0x001e7f85        0x3 
 .bss.m_nATRspBufLen
                0x001e7f88        0x4 libs/gcc/app_start.lib(ril_main.o)
 .bss.m_nAtMutexId
                0x001e7f8c        0x4 libs/gcc/app_start.lib(ril_main.o)
 .bss.m_userdata
                0x001e7f90        0x4 libs/gcc/app_start.lib(ril_main.o)
 .bss.g_nEventGrpId
                0x001e7f94        0x4 libs/gcc/app_start.lib(ril_main.o)
 .bss.m_pATRspBuffer
                0x001e7f98        0x4 libs/gcc/app_start.lib(ril_main.o)
 .bss.m_nATErrCode
                0x001e7f9c        0x4 libs/gcc/app_start.lib(ril_main.o)
 .bss.m_data    0x001e7fa0        0x8 libs/gcc/app_start.lib(ril_main.o)
 .bss.m_atRsp_callback
                0x001e7fa8        0x4 libs/gcc/app_start.lib(ril_main.o)
 .bss.m_nATRsp_Result
                0x001e7fac        0x4 libs/gcc/app_start.lib(ril_main.o)
 .bss.m_strncmp
                0x001e7fb0        0x4 libs/gcc/app_start.lib(stdlib_func.o)
 .bss.m_strncpy
                0x001e7fb4        0x4 libs/gcc/app_start.lib(stdlib_func.o)
 .bss.m_memset  0x001e7fb8        0x4 libs/gcc/app_start.lib(stdlib_func.o)
 .bss.m_memcpy  0x001e7fbc        0x4 libs/gcc/app_start.lib(stdlib_func.o)
 .bss.m_strlen  0x001e7fc0        0x4 libs/gcc/app_start.lib(stdlib_func.o)
 .bss.m_strstr  0x001e7fc4        0x4 libs/gcc/app_start.lib(stdlib_func.o)
 .bss.m_Sleep   0x001e7fc8        0x4 libs/gcc/app_start.lib(system.o)
 .bss.m_RIL_request_custom_command
                0x001e7fcc        0x4 libs/gcc/app_start.lib(taskMngt.o)
 .bss.m_OS_CreateEvent
                0x001e7fd0        0x4 libs/gcc/app_start.lib(taskMngt.o)
 .bss.m_OS_CreateMutex
                0x001e7fd4        0x4 libs/gcc/app_start.lib(taskMngt.o)
 .bss.m_OS_CreateSemaphore
                0x001e7fd8        0x4 libs/gcc/app_start.lib(taskMngt.o)
 .bss.m_OS_GetCurrenTaskLeftStackSize
                0x001e7fdc        0x4 libs/gcc/app_start.lib(taskMngt.o)
 .bss.m_OS_SetEvent
                0x001e7fe0        0x4 libs/gcc/app_start.lib(taskMngt.o)
 .bss.m_OS_TakeMutex
                0x001e7fe4        0x4 libs/gcc/app_start.lib(taskMngt.o)
 .bss.m_OS_GiveMutex
                0x001e7fe8        0x4 libs/gcc/app_start.lib(taskMngt.o)
 .bss.m_GetLastErrorCode
                0x001e7fec        0x4 libs/gcc/app_start.lib(taskMngt.o)
 .bss.m_OS_GiveSemaphore
                0x001e7ff0        0x4 libs/gcc/app_start.lib(taskMngt.o)
 .bss.m_OS_SendMessage
                0x001e7ff4        0x4 libs/gcc/app_start.lib(taskMngt.o)
 .bss.m_SetLastErrorCode
                0x001e7ff8        0x4 libs/gcc/app_start.lib(taskMngt.o)
 .bss.m_OS_TakeSemaphore
                0x001e7ffc        0x4 libs/gcc/app_start.lib(taskMngt.o)
 .bss.m_OS_GetMessage
                0x001e8000        0x4 libs/gcc/app_start.lib(taskMngt.o)
 .bss.m_OS_GetCurrentTaskPriority
                0x001e8004        0x4 libs/gcc/app_start.lib(taskMngt.o)
 .bss.m_Timer_Register
                0x001e8008        0x4 libs/gcc/app_start.lib(timer.o)
 .bss.m_Timer_Stop
                0x001e800c        0x4 libs/gcc/app_start.lib(timer.o)
 .bss.m_Timer_Start
                0x001e8010        0x4 libs/gcc/app_start.lib(timer.o)
 .bss.m_Ql_UART_Read
                0x001e8014        0x4 libs/gcc/app_start.lib(uart.o)
 .bss.m_Ql_UART_Register
                0x001e8018        0x4 libs/gcc/app_start.lib(uart.o)
                0x001e801c                __bss_end__ = .
LOAD build\gcc\obj/custom/config/custom_sys_cfg.o
LOAD build\gcc\obj/custom/config/sys_config.o
LOAD build\gcc\obj/ril/src/ril_atResponse.o
LOAD build\gcc\obj/ril/src/ril_init.o
LOAD build\gcc\obj/ril/src/ril_network.o
LOAD build\gcc\obj/ril/src/ril_socket.o
LOAD build\gcc\obj/ril/src/ril_urc.o
LOAD build\gcc\obj/ril/src/ril_util.o
LOAD build\gcc\obj/example/example_adc.o
LOAD build\gcc\obj/example/example_eint.o
LOAD build\gcc\obj/example/example_float_math.o
LOAD build\gcc\obj/example/example_gpio.o
LOAD build\gcc\obj/example/example_iic.o
LOAD build\gcc\obj/example/example_memory.o
LOAD build\gcc\obj/example/example_multitask.o
LOAD build\gcc\obj/example/example_pwm.o
LOAD build\gcc\obj/example/example_spi.o
LOAD build\gcc\obj/example/example_system.o
LOAD build\gcc\obj/example/example_tcpclient.o
LOAD build\gcc\obj/example/example_time.o
LOAD build\gcc\obj/example/example_timer.o
LOAD build\gcc\obj/example/example_udpclient.o
LOAD build\gcc\obj/example/utility.o
LOAD build\gcc\obj/custom/main.o
LOAD libs/gcc/app_start.lib
LOAD tools\gcc\win\gcc-arm-none-eabi/arm-none-eabi/lib/thumb/libm.a
LOAD tools\gcc\win\gcc-arm-none-eabi/arm-none-eabi/lib/thumb/libc.a
LOAD tools\gcc\win\gcc-arm-none-eabi/lib/gcc/arm-none-eabi/4.8.3/thumb/libgcc.a
OUTPUT(build\gcc/APPGS3MDM32A01.elf elf32-littlearm)

.debug_info     0x00000000     0xacf3
 .debug_info    0x00000000      0x1b6 build\gcc\obj/custom/config/custom_sys_cfg.o
 .debug_info    0x000001b6      0x2be build\gcc\obj/custom/config/sys_config.o
 .debug_info    0x00000474      0x267 build\gcc\obj/ril/src/ril_atResponse.o
 .debug_info    0x000006db      0x516 build\gcc\obj/ril/src/ril_network.o
 .debug_info    0x00000bf1      0xaae build\gcc\obj/ril/src/ril_urc.o
 .debug_info    0x0000169f      0x5a6 build\gcc\obj/ril/src/ril_util.o
 .debug_info    0x00001c45     0x1d92 build\gcc\obj/example/example_multitask.o
 .debug_info    0x000039d7      0x99a libs/gcc/app_start.lib(gpio.o)
 .debug_info    0x00004371      0x24e libs/gcc/app_start.lib(memory.o)
 .debug_info    0x000045bf      0x9b2 libs/gcc/app_start.lib(ql_func.o)
 .debug_info    0x00004f71      0x702 libs/gcc/app_start.lib(ql_main.o)
 .debug_info    0x00005673      0x299 libs/gcc/app_start.lib(ril_aux.o)
 .debug_info    0x0000590c     0x1982 libs/gcc/app_start.lib(ril_main.o)
 .debug_info    0x0000728e     0x12eb libs/gcc/app_start.lib(stdlib_func.o)
 .debug_info    0x00008579      0x64a libs/gcc/app_start.lib(system.o)
 .debug_info    0x00008bc3      0xf21 libs/gcc/app_start.lib(taskMngt.o)
 .debug_info    0x00009ae4      0x739 libs/gcc/app_start.lib(timer.o)
 .debug_info    0x0000a21d      0xa22 libs/gcc/app_start.lib(uart.o)
 .debug_info    0x0000ac3f       0xb4 libs/gcc/app_start.lib(ocpu_init.o)

.debug_abbrev   0x00000000     0x1e0b
 .debug_abbrev  0x00000000       0xbf build\gcc\obj/custom/config/custom_sys_cfg.o
 .debug_abbrev  0x000000bf       0xc2 build\gcc\obj/custom/config/sys_config.o
 .debug_abbrev  0x00000181      0x13b build\gcc\obj/ril/src/ril_atResponse.o
 .debug_abbrev  0x000002bc      0x1dc build\gcc\obj/ril/src/ril_network.o
 .debug_abbrev  0x00000498      0x2ca build\gcc\obj/ril/src/ril_urc.o
 .debug_abbrev  0x00000762      0x13e build\gcc\obj/ril/src/ril_util.o
 .debug_abbrev  0x000008a0      0x294 build\gcc\obj/example/example_multitask.o
 .debug_abbrev  0x00000b34      0x119 libs/gcc/app_start.lib(gpio.o)
 .debug_abbrev  0x00000c4d      0x13f libs/gcc/app_start.lib(memory.o)
 .debug_abbrev  0x00000d8c      0x176 libs/gcc/app_start.lib(ql_func.o)
 .debug_abbrev  0x00000f02      0x1c5 libs/gcc/app_start.lib(ql_main.o)
 .debug_abbrev  0x000010c7      0x171 libs/gcc/app_start.lib(ril_aux.o)
 .debug_abbrev  0x00001238      0x3bf libs/gcc/app_start.lib(ril_main.o)
 .debug_abbrev  0x000015f7      0x248 libs/gcc/app_start.lib(stdlib_func.o)
 .debug_abbrev  0x0000183f      0x15d libs/gcc/app_start.lib(system.o)
 .debug_abbrev  0x0000199c      0x1f3 libs/gcc/app_start.lib(taskMngt.o)
 .debug_abbrev  0x00001b8f      0x10c libs/gcc/app_start.lib(timer.o)
 .debug_abbrev  0x00001c9b      0x15c libs/gcc/app_start.lib(uart.o)
 .debug_abbrev  0x00001df7       0x14 libs/gcc/app_start.lib(ocpu_init.o)

.debug_aranges  0x00000000      0x560
 .debug_aranges
                0x00000000       0x18 build\gcc\obj/custom/config/custom_sys_cfg.o
 .debug_aranges
                0x00000018       0x18 build\gcc\obj/custom/config/sys_config.o
 .debug_aranges
                0x00000030       0x30 build\gcc\obj/ril/src/ril_atResponse.o
 .debug_aranges
                0x00000060       0x30 build\gcc\obj/ril/src/ril_network.o
 .debug_aranges
                0x00000090       0x50 build\gcc\obj/ril/src/ril_urc.o
 .debug_aranges
                0x000000e0       0x48 build\gcc\obj/ril/src/ril_util.o
 .debug_aranges
                0x00000128       0xa0 build\gcc\obj/example/example_multitask.o
 .debug_aranges
                0x000001c8       0x50 libs/gcc/app_start.lib(gpio.o)
 .debug_aranges
                0x00000218       0x28 libs/gcc/app_start.lib(memory.o)
 .debug_aranges
                0x00000240       0x50 libs/gcc/app_start.lib(ql_func.o)
 .debug_aranges
                0x00000290       0x28 libs/gcc/app_start.lib(ql_main.o)
 .debug_aranges
                0x000002b8       0x20 libs/gcc/app_start.lib(ril_aux.o)
 .debug_aranges
                0x000002d8       0x50 libs/gcc/app_start.lib(ril_main.o)
 .debug_aranges
                0x00000328       0xc0 libs/gcc/app_start.lib(stdlib_func.o)
 .debug_aranges
                0x000003e8       0x30 libs/gcc/app_start.lib(system.o)
 .debug_aranges
                0x00000418       0xa8 libs/gcc/app_start.lib(taskMngt.o)
 .debug_aranges
                0x000004c0       0x38 libs/gcc/app_start.lib(timer.o)
 .debug_aranges
                0x000004f8       0x48 libs/gcc/app_start.lib(uart.o)
 .debug_aranges
                0x00000540       0x20 libs/gcc/app_start.lib(ocpu_init.o)

.debug_line     0x00000000     0x18ea
 .debug_line    0x00000000       0x71 build\gcc\obj/custom/config/custom_sys_cfg.o
 .debug_line    0x00000071       0x7b build\gcc\obj/custom/config/sys_config.o
 .debug_line    0x000000ec       0xc6 build\gcc\obj/ril/src/ril_atResponse.o
 .debug_line    0x000001b2       0xe7 build\gcc\obj/ril/src/ril_network.o
 .debug_line    0x00000299      0x197 build\gcc\obj/ril/src/ril_urc.o
 .debug_line    0x00000430      0x187 build\gcc\obj/ril/src/ril_util.o
 .debug_line    0x000005b7      0x37e build\gcc\obj/example/example_multitask.o
 .debug_line    0x00000935      0x13c libs/gcc/app_start.lib(gpio.o)
 .debug_line    0x00000a71       0xb1 libs/gcc/app_start.lib(memory.o)
 .debug_line    0x00000b22      0x12a libs/gcc/app_start.lib(ql_func.o)
 .debug_line    0x00000c4c       0xf9 libs/gcc/app_start.lib(ql_main.o)
 .debug_line    0x00000d45       0xa2 libs/gcc/app_start.lib(ril_aux.o)
 .debug_line    0x00000de7      0x2af libs/gcc/app_start.lib(ril_main.o)
 .debug_line    0x00001096      0x2cb libs/gcc/app_start.lib(stdlib_func.o)
 .debug_line    0x00001361       0xde libs/gcc/app_start.lib(system.o)
 .debug_line    0x0000143f      0x24e libs/gcc/app_start.lib(taskMngt.o)
 .debug_line    0x0000168d       0xef libs/gcc/app_start.lib(timer.o)
 .debug_line    0x0000177c      0x11d libs/gcc/app_start.lib(uart.o)
 .debug_line    0x00001899       0x51 libs/gcc/app_start.lib(ocpu_init.o)

.debug_str      0x00000000     0x33f8
 .debug_str     0x00000000      0x2cf build\gcc\obj/custom/config/custom_sys_cfg.o
                                0x306 (size before relaxing)
 .debug_str     0x000002cf      0x2e7 build\gcc\obj/custom/config/sys_config.o
                                0x4b1 (size before relaxing)
 .debug_str     0x000005b6       0xb9 build\gcc\obj/ril/src/ril_atResponse.o
                                0x274 (size before relaxing)
 .debug_str     0x0000066f      0x1ae build\gcc\obj/ril/src/ril_network.o
                                0x3ac (size before relaxing)
 .debug_str     0x0000081d      0x28b build\gcc\obj/ril/src/ril_urc.o
                                0x4e1 (size before relaxing)
 .debug_str     0x00000aa8       0xbf build\gcc\obj/ril/src/ril_util.o
                                0x277 (size before relaxing)
 .debug_str     0x00000b67      0x469 build\gcc\obj/example/example_multitask.o
                                0x888 (size before relaxing)
 .debug_str     0x00000fd0     0x1047 libs/gcc/app_start.lib(gpio.o)
                               0x1395 (size before relaxing)
 .debug_str     0x00002017       0x71 libs/gcc/app_start.lib(memory.o)
                                0x29b (size before relaxing)
 .debug_str     0x00002088      0x2d6 libs/gcc/app_start.lib(ql_func.o)
                               0x12f1 (size before relaxing)
 .debug_str     0x0000235e      0x1e6 libs/gcc/app_start.lib(ql_main.o)
                                0x767 (size before relaxing)
 .debug_str     0x00002544       0x53 libs/gcc/app_start.lib(ril_aux.o)
                                0x2fe (size before relaxing)
 .debug_str     0x00002597      0x35d libs/gcc/app_start.lib(ril_main.o)
                               0x14e5 (size before relaxing)
 .debug_str     0x000028f4      0x29a libs/gcc/app_start.lib(stdlib_func.o)
                               0x12e1 (size before relaxing)
 .debug_str     0x00002b8e       0x80 libs/gcc/app_start.lib(system.o)
                               0x1098 (size before relaxing)
 .debug_str     0x00002c0e      0x4d4 libs/gcc/app_start.lib(taskMngt.o)
                               0x153b (size before relaxing)
 .debug_str     0x000030e2      0x11f libs/gcc/app_start.lib(timer.o)
                               0x113c (size before relaxing)
 .debug_str     0x00003201      0x1f7 libs/gcc/app_start.lib(uart.o)
                               0x135a (size before relaxing)

.comment        0x00000000       0x70
 .comment       0x00000000       0x70 build\gcc\obj/custom/config/custom_sys_cfg.o
                                 0x71 (size before relaxing)
 .comment       0x00000000       0x71 build\gcc\obj/custom/config/sys_config.o
 .comment       0x00000000       0x71 build\gcc\obj/ril/src/ril_atResponse.o
 .comment       0x00000000       0x71 build\gcc\obj/ril/src/ril_network.o
 .comment       0x00000000       0x71 build\gcc\obj/ril/src/ril_urc.o
 .comment       0x00000000       0x71 build\gcc\obj/ril/src/ril_util.o
 .comment       0x00000000       0x71 build\gcc\obj/example/example_multitask.o
 .comment       0x00000000       0x71 libs/gcc/app_start.lib(gpio.o)
 .comment       0x00000000       0x71 libs/gcc/app_start.lib(memory.o)
 .comment       0x00000000       0x71 libs/gcc/app_start.lib(ql_func.o)
 .comment       0x00000000       0x71 libs/gcc/app_start.lib(ql_main.o)
 .comment       0x00000000       0x71 libs/gcc/app_start.lib(ril_aux.o)
 .comment       0x00000000       0x71 libs/gcc/app_start.lib(ril_main.o)
 .comment       0x00000000       0x71 libs/gcc/app_start.lib(stdlib_func.o)
 .comment       0x00000000       0x71 libs/gcc/app_start.lib(system.o)
 .comment       0x00000000       0x71 libs/gcc/app_start.lib(taskMngt.o)
 .comment       0x00000000       0x71 libs/gcc/app_start.lib(timer.o)
 .comment       0x00000000       0x71 libs/gcc/app_start.lib(uart.o)

.ARM.attributes
                0x00000000       0x33
 .ARM.attributes
                0x00000000       0x33 build\gcc\obj/custom/config/custom_sys_cfg.o
 .ARM.attributes
                0x00000033       0x33 build\gcc\obj/custom/config/sys_config.o
 .ARM.attributes
                0x00000066       0x33 build\gcc\obj/ril/src/ril_atResponse.o
 .ARM.attributes
                0x00000099       0x33 build\gcc\obj/ril/src/ril_network.o
 .ARM.attributes
                0x000000cc       0x33 build\gcc\obj/ril/src/ril_urc.o
 .ARM.attributes
                0x000000ff       0x33 build\gcc\obj/ril/src/ril_util.o
 .ARM.attributes
                0x00000132       0x33 build\gcc\obj/example/example_multitask.o
 .ARM.attributes
                0x00000165       0x33 libs/gcc/app_start.lib(gpio.o)
 .ARM.attributes
                0x00000198       0x33 libs/gcc/app_start.lib(memory.o)
 .ARM.attributes
                0x000001cb       0x33 libs/gcc/app_start.lib(ql_func.o)
 .ARM.attributes
                0x000001fe       0x33 libs/gcc/app_start.lib(ql_main.o)
 .ARM.attributes
                0x00000231       0x33 libs/gcc/app_start.lib(ril_aux.o)
 .ARM.attributes
                0x00000264       0x33 libs/gcc/app_start.lib(ril_main.o)
 .ARM.attributes
                0x00000297       0x33 libs/gcc/app_start.lib(stdlib_func.o)
 .ARM.attributes
                0x000002ca       0x33 libs/gcc/app_start.lib(system.o)
 .ARM.attributes
                0x000002fd       0x33 libs/gcc/app_start.lib(taskMngt.o)
 .ARM.attributes
                0x00000330       0x33 libs/gcc/app_start.lib(timer.o)
 .ARM.attributes
                0x00000363       0x33 libs/gcc/app_start.lib(uart.o)
 .ARM.attributes
                0x00000396       0x21 libs/gcc/app_start.lib(ocpu_init.o)
 .ARM.attributes
                0x000003b7       0x30 tools\gcc\win\gcc-arm-none-eabi/arm-none-eabi/lib/thumb/libc.a(lib_a-memset.o)

.debug_loc      0x00000000     0x49c7
 .debug_loc     0x00000000       0xbb build\gcc\obj/ril/src/ril_atResponse.o
 .debug_loc     0x000000bb      0x270 build\gcc\obj/ril/src/ril_network.o
 .debug_loc     0x0000032b      0x829 build\gcc\obj/ril/src/ril_urc.o
 .debug_loc     0x00000b54      0x6fc build\gcc\obj/ril/src/ril_util.o
 .debug_loc     0x00001250      0xa7f build\gcc\obj/example/example_multitask.o
 .debug_loc     0x00001ccf      0x35f libs/gcc/app_start.lib(gpio.o)
 .debug_loc     0x0000202e       0xdf libs/gcc/app_start.lib(memory.o)
 .debug_loc     0x0000210d      0x394 libs/gcc/app_start.lib(ql_func.o)
 .debug_loc     0x000024a1      0x104 libs/gcc/app_start.lib(ql_main.o)
 .debug_loc     0x000025a5       0x5d libs/gcc/app_start.lib(ril_aux.o)
 .debug_loc     0x00002602      0x69a libs/gcc/app_start.lib(ril_main.o)
 .debug_loc     0x00002c9c      0xd09 libs/gcc/app_start.lib(stdlib_func.o)
 .debug_loc     0x000039a5      0x167 libs/gcc/app_start.lib(system.o)
 .debug_loc     0x00003b0c      0x866 libs/gcc/app_start.lib(taskMngt.o)
 .debug_loc     0x00004372      0x2a5 libs/gcc/app_start.lib(timer.o)
 .debug_loc     0x00004617      0x3b0 libs/gcc/app_start.lib(uart.o)

.debug_ranges   0x00000000      0x7b0
 .debug_ranges  0x00000000       0x20 build\gcc\obj/ril/src/ril_atResponse.o
 .debug_ranges  0x00000020       0x20 build\gcc\obj/ril/src/ril_network.o
 .debug_ranges  0x00000040       0x70 build\gcc\obj/ril/src/ril_urc.o
 .debug_ranges  0x000000b0       0x38 build\gcc\obj/ril/src/ril_util.o
 .debug_ranges  0x000000e8       0xa8 build\gcc\obj/example/example_multitask.o
 .debug_ranges  0x00000190       0xe8 libs/gcc/app_start.lib(gpio.o)
 .debug_ranges  0x00000278       0x18 libs/gcc/app_start.lib(memory.o)
 .debug_ranges  0x00000290       0x70 libs/gcc/app_start.lib(ql_func.o)
 .debug_ranges  0x00000300       0x18 libs/gcc/app_start.lib(ql_main.o)
 .debug_ranges  0x00000318       0x10 libs/gcc/app_start.lib(ril_aux.o)
 .debug_ranges  0x00000328       0xc8 libs/gcc/app_start.lib(ril_main.o)
 .debug_ranges  0x000003f0      0x110 libs/gcc/app_start.lib(stdlib_func.o)
 .debug_ranges  0x00000500       0x20 libs/gcc/app_start.lib(system.o)
 .debug_ranges  0x00000520      0x158 libs/gcc/app_start.lib(taskMngt.o)
 .debug_ranges  0x00000678       0x88 libs/gcc/app_start.lib(timer.o)
 .debug_ranges  0x00000700       0xb0 libs/gcc/app_start.lib(uart.o)

.debug_frame    0x00000000      0xe88
 .debug_frame   0x00000000       0x4c build\gcc\obj/ril/src/ril_atResponse.o
 .debug_frame   0x0000004c       0x6c build\gcc\obj/ril/src/ril_network.o
 .debug_frame   0x000000b8       0xe8 build\gcc\obj/ril/src/ril_urc.o
 .debug_frame   0x000001a0       0xcc build\gcc\obj/ril/src/ril_util.o
 .debug_frame   0x0000026c      0x274 build\gcc\obj/example/example_multitask.o
 .debug_frame   0x000004e0       0xd8 libs/gcc/app_start.lib(gpio.o)
 .debug_frame   0x000005b8       0x48 libs/gcc/app_start.lib(memory.o)
 .debug_frame   0x00000600       0xd8 libs/gcc/app_start.lib(ql_func.o)
 .debug_frame   0x000006d8       0x48 libs/gcc/app_start.lib(ql_main.o)
 .debug_frame   0x00000720       0x30 libs/gcc/app_start.lib(ril_aux.o)
 .debug_frame   0x00000750       0xe4 libs/gcc/app_start.lib(ril_main.o)
 .debug_frame   0x00000834      0x26c libs/gcc/app_start.lib(stdlib_func.o)
 .debug_frame   0x00000aa0       0x64 libs/gcc/app_start.lib(system.o)
 .debug_frame   0x00000b04      0x200 libs/gcc/app_start.lib(taskMngt.o)
 .debug_frame   0x00000d04       0x8c libs/gcc/app_start.lib(timer.o)
 .debug_frame   0x00000d90       0xc8 libs/gcc/app_start.lib(uart.o)
 .debug_frame   0x00000e58       0x30 tools\gcc\win\gcc-arm-none-eabi/arm-none-eabi/lib/thumb/libc.a(lib_a-memset.o)
