Archive member included because of file (symbol)

libs/gcc/app_start.lib(memory.o)
                              build\gcc\obj/ril/src/ril_lwm2m.o (Ql_MEM_Alloc)
libs/gcc/app_start.lib(ql_func.o)
                              libs/gcc/app_start.lib(memory.o) (api_notsup)
libs/gcc/app_start.lib(ql_main.o)
                              build\gcc\obj/ril/src/ril_atResponse.o (Ql_sscanf)
libs/gcc/app_start.lib(ril_aux.o)
                              build\gcc\obj/custom/config/sys_config.o (proc_reserved2)
libs/gcc/app_start.lib(ril_main.o)
                              build\gcc\obj/custom/config/sys_config.o (proc_reserved1)
libs/gcc/app_start.lib(stdlib_func.o)
                              build\gcc\obj/ril/src/ril_lwm2m.o (Ql_strncpy)
libs/gcc/app_start.lib(system.o)
                              libs/gcc/app_start.lib(ql_main.o) (Ql_GetSDKVer)
libs/gcc/app_start.lib(taskMngt.o)
                              build\gcc\obj/example/example_lwm2m.o (Ql_OS_GetMessage)
libs/gcc/app_start.lib(timer.o)
                              build\gcc\obj/example/example_lwm2m.o (Ql_Timer_Register)
libs/gcc/app_start.lib(uart.o)
                              build\gcc\obj/example/example_lwm2m.o (Ql_UART_Register)
libs/gcc/app_start.lib(ocpu_init.o)
                              libs/gcc/app_start.lib(ql_main.o) (_OCPU_InitUserMem)
tools\gcc\win\gcc-arm-none-eabi/arm-none-eabi/lib/armv7e-m/fpu/libc.a(lib_a-memset.o)
                              libs/gcc/app_start.lib(ql_main.o) (memset)

Discarded input sections

 .text          0x00000000        0x0 build\gcc\obj/custom/config/custom_sys_cfg.o
 .data          0x00000000        0x0 build\gcc\obj/custom/config/custom_sys_cfg.o
 .bss           0x00000000        0x0 build\gcc\obj/custom/config/custom_sys_cfg.o
 .text          0x00000000        0x0 build\gcc\obj/custom/config/sys_config.o
 .data          0x00000000        0x0 build\gcc\obj/custom/config/sys_config.o
 .bss           0x00000000        0x0 build\gcc\obj/custom/config/sys_config.o
 .text          0x00000000        0x0 build\gcc\obj/ril/src/ril_atResponse.o
 .data          0x00000000        0x0 build\gcc\obj/ril/src/ril_atResponse.o
 .bss           0x00000000        0x0 build\gcc\obj/ril/src/ril_atResponse.o
 .text.Ql_RIL_AT_GetErrCode
                0x00000000        0xc build\gcc\obj/ril/src/ril_atResponse.o
 .text          0x00000000        0x0 build\gcc\obj/ril/src/ril_init.o
 .data          0x00000000        0x0 build\gcc\obj/ril/src/ril_init.o
 .bss           0x00000000        0x0 build\gcc\obj/ril/src/ril_init.o
 .text          0x00000000        0x0 build\gcc\obj/ril/src/ril_lwm2m.o
 .data          0x00000000        0x0 build\gcc\obj/ril/src/ril_lwm2m.o
 .bss           0x00000000        0x0 build\gcc\obj/ril/src/ril_lwm2m.o
 .text.ATResponse_Update_Handler
                0x00000000       0xa8 build\gcc\obj/ril/src/ril_lwm2m.o
 .text.RIL_QLwM2M_Delobj
                0x00000000       0x90 build\gcc\obj/ril/src/ril_lwm2m.o
 .text.RIL_QLwM2M_Update
                0x00000000       0x8c build\gcc\obj/ril/src/ril_lwm2m.o
 .text.RIL_QLwM2M_Delete
                0x00000000       0x8c build\gcc\obj/ril/src/ril_lwm2m.o
 .text          0x00000000        0x0 build\gcc\obj/ril/src/ril_network.o
 .data          0x00000000        0x0 build\gcc\obj/ril/src/ril_network.o
 .bss           0x00000000        0x0 build\gcc\obj/ril/src/ril_network.o
 .text          0x00000000        0x0 build\gcc\obj/ril/src/ril_onenet.o
 .data          0x00000000        0x0 build\gcc\obj/ril/src/ril_onenet.o
 .bss           0x00000000        0x0 build\gcc\obj/ril/src/ril_onenet.o
 .text.ATResponse_Create_Handler
                0x00000000       0xe0 build\gcc\obj/ril/src/ril_onenet.o
 .text.ATResponse_Read_Handler
                0x00000000      0x1bc build\gcc\obj/ril/src/ril_onenet.o
 .text.ATResponse_Handler
                0x00000000       0x98 build\gcc\obj/ril/src/ril_onenet.o
 .text.RIL_QONENET_Create
                0x00000000       0x9c build\gcc\obj/ril/src/ril_onenet.o
 .text.RIL_QONENET_Addobj
                0x00000000       0xa4 build\gcc\obj/ril/src/ril_onenet.o
 .text.RIL_QONENET_Delobj
                0x00000000       0x94 build\gcc\obj/ril/src/ril_onenet.o
 .text.RIL_QONENET_Open
                0x00000000       0x94 build\gcc\obj/ril/src/ril_onenet.o
 .text.RIL_QONENET_Observer_Rsp
                0x00000000       0x98 build\gcc\obj/ril/src/ril_onenet.o
 .text.RIL_QONENET_Discover_Rsp
                0x00000000       0xa0 build\gcc\obj/ril/src/ril_onenet.o
 .text.RIL_QONENET_Config
                0x00000000       0xb4 build\gcc\obj/ril/src/ril_onenet.o
 .text.RIL_QONENET_Notify
                0x00000000       0xf0 build\gcc\obj/ril/src/ril_onenet.o
 .text.RIL_QONENET_Update
                0x00000000       0x98 build\gcc\obj/ril/src/ril_onenet.o
 .text.RIL_QONENET_Write_Rsp
                0x00000000       0x98 build\gcc\obj/ril/src/ril_onenet.o
 .text.RIL_QONENET_RD
                0x00000000       0xe8 build\gcc\obj/ril/src/ril_onenet.o
 .text.RIL_QONENET_CLOSE
                0x00000000       0x90 build\gcc\obj/ril/src/ril_onenet.o
 .text.RIL_QONENET_DELETE
                0x00000000       0x90 build\gcc\obj/ril/src/ril_onenet.o
 .bss.onenet_rd_temp_param
                0x00000000        0x8 build\gcc\obj/ril/src/ril_onenet.o
 .bss.DBG_Buffer
                0x00000000      0x400 build\gcc\obj/ril/src/ril_onenet.o
 .rodata.str1.1
                0x00000000      0x2e7 build\gcc\obj/ril/src/ril_onenet.o
 .bss.g_ONENET_RD_DATA_MODE
                0x00000000        0x1 build\gcc\obj/ril/src/ril_onenet.o
 .debug_info    0x00000000     0x1db5 build\gcc\obj/ril/src/ril_onenet.o
 .debug_abbrev  0x00000000      0x284 build\gcc\obj/ril/src/ril_onenet.o
 .debug_loc     0x00000000      0xcf5 build\gcc\obj/ril/src/ril_onenet.o
 .debug_aranges
                0x00000000       0x98 build\gcc\obj/ril/src/ril_onenet.o
 .debug_ranges  0x00000000       0xa0 build\gcc\obj/ril/src/ril_onenet.o
 .debug_line    0x00000000      0x2d0 build\gcc\obj/ril/src/ril_onenet.o
 .debug_str     0x00000000      0x99a build\gcc\obj/ril/src/ril_onenet.o
 .comment       0x00000000       0x71 build\gcc\obj/ril/src/ril_onenet.o
 .ARM.attributes
                0x00000000       0x39 build\gcc\obj/ril/src/ril_onenet.o
 .debug_frame   0x00000000      0x278 build\gcc\obj/ril/src/ril_onenet.o
 .text          0x00000000        0x0 build\gcc\obj/ril/src/ril_socket.o
 .data          0x00000000        0x0 build\gcc\obj/ril/src/ril_socket.o
 .bss           0x00000000        0x0 build\gcc\obj/ril/src/ril_socket.o
 .text.ATRsp_Soc_Qiopen_Handler
                0x00000000       0xd4 build\gcc\obj/ril/src/ril_socket.o
 .text.ATRsp_Soc_Qird_Handler
                0x00000000       0xe0 build\gcc\obj/ril/src/ril_socket.o
 .text.ATRsp_Soc_Qisend_Handler
                0x00000000       0x5c build\gcc\obj/ril/src/ril_socket.o
 .text.ATResponse_Handler
                0x00000000       0x5c build\gcc\obj/ril/src/ril_socket.o
 .text.ATRsp_Soc_Qiclose_Handler
                0x00000000       0x5c build\gcc\obj/ril/src/ril_socket.o
 .text.RIL_SOC_QIOPEN
                0x00000000       0xfc build\gcc\obj/ril/src/ril_socket.o
 .text.RIL_SOC_QISEND
                0x00000000       0x5c build\gcc\obj/ril/src/ril_socket.o
 .text.RIL_SOC_QISENDEX
                0x00000000       0x5c build\gcc\obj/ril/src/ril_socket.o
 .text.RIL_SOC_QIRD
                0x00000000       0xa8 build\gcc\obj/ril/src/ril_socket.o
 .text.RIL_SOC_QISWTMD
                0x00000000       0x50 build\gcc\obj/ril/src/ril_socket.o
 .text.RIL_SOC_QICFG_FORMAT
                0x00000000       0x50 build\gcc\obj/ril/src/ril_socket.o
 .text.RIL_SOC_QICLOSE
                0x00000000       0x4c build\gcc\obj/ril/src/ril_socket.o
 .rodata.str1.1
                0x00000000      0x127 build\gcc\obj/ril/src/ril_socket.o
 .debug_info    0x00000000     0x11e5 build\gcc\obj/ril/src/ril_socket.o
 .debug_abbrev  0x00000000      0x245 build\gcc\obj/ril/src/ril_socket.o
 .debug_loc     0x00000000      0xaa1 build\gcc\obj/ril/src/ril_socket.o
 .debug_aranges
                0x00000000       0x78 build\gcc\obj/ril/src/ril_socket.o
 .debug_ranges  0x00000000       0x68 build\gcc\obj/ril/src/ril_socket.o
 .debug_line    0x00000000      0x204 build\gcc\obj/ril/src/ril_socket.o
 .debug_str     0x00000000      0x61e build\gcc\obj/ril/src/ril_socket.o
 .comment       0x00000000       0x71 build\gcc\obj/ril/src/ril_socket.o
 .ARM.attributes
                0x00000000       0x39 build\gcc\obj/ril/src/ril_socket.o
 .debug_frame   0x00000000      0x194 build\gcc\obj/ril/src/ril_socket.o
 .text          0x00000000        0x0 build\gcc\obj/ril/src/ril_system.o
 .data          0x00000000        0x0 build\gcc\obj/ril/src/ril_system.o
 .bss           0x00000000        0x0 build\gcc\obj/ril/src/ril_system.o
 .text          0x00000000        0x0 build\gcc\obj/ril/src/ril_urc.o
 .data          0x00000000        0x0 build\gcc\obj/ril/src/ril_urc.o
 .bss           0x00000000        0x0 build\gcc\obj/ril/src/ril_urc.o
 .text          0x00000000        0x0 build\gcc\obj/ril/src/ril_util.o
 .data          0x00000000        0x0 build\gcc\obj/ril/src/ril_util.o
 .bss           0x00000000        0x0 build\gcc\obj/ril/src/ril_util.o
 .text.Ql_HexStrToInt
                0x00000000       0x4c build\gcc\obj/ril/src/ril_util.o
 .text.Ql_GenHash
                0x00000000       0x28 build\gcc\obj/ril/src/ril_util.o
 .text          0x00000000        0x0 build\gcc\obj/example/example_adc.o
 .data          0x00000000        0x0 build\gcc\obj/example/example_adc.o
 .bss           0x00000000        0x0 build\gcc\obj/example/example_adc.o
 .debug_line    0x00000000        0x0 build\gcc\obj/example/example_adc.o
 .debug_str     0x00000000        0x0 build\gcc\obj/example/example_adc.o
 .comment       0x00000000       0x71 build\gcc\obj/example/example_adc.o
 .ARM.attributes
                0x00000000       0x39 build\gcc\obj/example/example_adc.o
 .text          0x00000000        0x0 build\gcc\obj/example/example_eint.o
 .data          0x00000000        0x0 build\gcc\obj/example/example_eint.o
 .bss           0x00000000        0x0 build\gcc\obj/example/example_eint.o
 .debug_line    0x00000000        0x0 build\gcc\obj/example/example_eint.o
 .debug_str     0x00000000        0x0 build\gcc\obj/example/example_eint.o
 .comment       0x00000000       0x71 build\gcc\obj/example/example_eint.o
 .ARM.attributes
                0x00000000       0x39 build\gcc\obj/example/example_eint.o
 .text          0x00000000        0x0 build\gcc\obj/example/example_float_math.o
 .data          0x00000000        0x0 build\gcc\obj/example/example_float_math.o
 .bss           0x00000000        0x0 build\gcc\obj/example/example_float_math.o
 .debug_line    0x00000000        0x0 build\gcc\obj/example/example_float_math.o
 .debug_str     0x00000000        0x0 build\gcc\obj/example/example_float_math.o
 .comment       0x00000000       0x71 build\gcc\obj/example/example_float_math.o
 .ARM.attributes
                0x00000000       0x39 build\gcc\obj/example/example_float_math.o
 .text          0x00000000        0x0 build\gcc\obj/example/example_gpio.o
 .data          0x00000000        0x0 build\gcc\obj/example/example_gpio.o
 .bss           0x00000000        0x0 build\gcc\obj/example/example_gpio.o
 .debug_line    0x00000000        0x0 build\gcc\obj/example/example_gpio.o
 .debug_str     0x00000000        0x0 build\gcc\obj/example/example_gpio.o
 .comment       0x00000000       0x71 build\gcc\obj/example/example_gpio.o
 .ARM.attributes
                0x00000000       0x39 build\gcc\obj/example/example_gpio.o
 .text          0x00000000        0x0 build\gcc\obj/example/example_iic.o
 .data          0x00000000        0x0 build\gcc\obj/example/example_iic.o
 .bss           0x00000000        0x0 build\gcc\obj/example/example_iic.o
 .debug_line    0x00000000        0x0 build\gcc\obj/example/example_iic.o
 .debug_str     0x00000000        0x0 build\gcc\obj/example/example_iic.o
 .comment       0x00000000       0x71 build\gcc\obj/example/example_iic.o
 .ARM.attributes
                0x00000000       0x39 build\gcc\obj/example/example_iic.o
 .text          0x00000000        0x0 build\gcc\obj/example/example_lwm2m.o
 .data          0x00000000        0x0 build\gcc\obj/example/example_lwm2m.o
 .bss           0x00000000        0x0 build\gcc\obj/example/example_lwm2m.o
 .text          0x00000000        0x0 build\gcc\obj/example/example_memory.o
 .data          0x00000000        0x0 build\gcc\obj/example/example_memory.o
 .bss           0x00000000        0x0 build\gcc\obj/example/example_memory.o
 .debug_line    0x00000000        0x0 build\gcc\obj/example/example_memory.o
 .debug_str     0x00000000        0x0 build\gcc\obj/example/example_memory.o
 .comment       0x00000000       0x71 build\gcc\obj/example/example_memory.o
 .ARM.attributes
                0x00000000       0x39 build\gcc\obj/example/example_memory.o
 .text          0x00000000        0x0 build\gcc\obj/example/example_multitask.o
 .data          0x00000000        0x0 build\gcc\obj/example/example_multitask.o
 .bss           0x00000000        0x0 build\gcc\obj/example/example_multitask.o
 .debug_line    0x00000000        0x0 build\gcc\obj/example/example_multitask.o
 .debug_str     0x00000000        0x0 build\gcc\obj/example/example_multitask.o
 .comment       0x00000000       0x71 build\gcc\obj/example/example_multitask.o
 .ARM.attributes
                0x00000000       0x39 build\gcc\obj/example/example_multitask.o
 .text          0x00000000        0x0 build\gcc\obj/example/example_onenet.o
 .data          0x00000000        0x0 build\gcc\obj/example/example_onenet.o
 .bss           0x00000000        0x0 build\gcc\obj/example/example_onenet.o
 .debug_line    0x00000000        0x0 build\gcc\obj/example/example_onenet.o
 .debug_str     0x00000000        0x0 build\gcc\obj/example/example_onenet.o
 .comment       0x00000000       0x71 build\gcc\obj/example/example_onenet.o
 .ARM.attributes
                0x00000000       0x39 build\gcc\obj/example/example_onenet.o
 .text          0x00000000        0x0 build\gcc\obj/example/example_pwm.o
 .data          0x00000000        0x0 build\gcc\obj/example/example_pwm.o
 .bss           0x00000000        0x0 build\gcc\obj/example/example_pwm.o
 .debug_line    0x00000000        0x0 build\gcc\obj/example/example_pwm.o
 .debug_str     0x00000000        0x0 build\gcc\obj/example/example_pwm.o
 .comment       0x00000000       0x71 build\gcc\obj/example/example_pwm.o
 .ARM.attributes
                0x00000000       0x39 build\gcc\obj/example/example_pwm.o
 .text          0x00000000        0x0 build\gcc\obj/example/example_rtc.o
 .data          0x00000000        0x0 build\gcc\obj/example/example_rtc.o
 .bss           0x00000000        0x0 build\gcc\obj/example/example_rtc.o
 .debug_line    0x00000000        0x0 build\gcc\obj/example/example_rtc.o
 .debug_str     0x00000000        0x0 build\gcc\obj/example/example_rtc.o
 .comment       0x00000000       0x71 build\gcc\obj/example/example_rtc.o
 .ARM.attributes
                0x00000000       0x39 build\gcc\obj/example/example_rtc.o
 .text          0x00000000        0x0 build\gcc\obj/example/example_spi.o
 .data          0x00000000        0x0 build\gcc\obj/example/example_spi.o
 .bss           0x00000000        0x0 build\gcc\obj/example/example_spi.o
 .debug_line    0x00000000        0x0 build\gcc\obj/example/example_spi.o
 .debug_str     0x00000000        0x0 build\gcc\obj/example/example_spi.o
 .comment       0x00000000       0x71 build\gcc\obj/example/example_spi.o
 .ARM.attributes
                0x00000000       0x39 build\gcc\obj/example/example_spi.o
 .text          0x00000000        0x0 build\gcc\obj/example/example_system.o
 .data          0x00000000        0x0 build\gcc\obj/example/example_system.o
 .bss           0x00000000        0x0 build\gcc\obj/example/example_system.o
 .debug_line    0x00000000        0x0 build\gcc\obj/example/example_system.o
 .debug_str     0x00000000        0x0 build\gcc\obj/example/example_system.o
 .comment       0x00000000       0x71 build\gcc\obj/example/example_system.o
 .ARM.attributes
                0x00000000       0x39 build\gcc\obj/example/example_system.o
 .text          0x00000000        0x0 build\gcc\obj/example/example_tcpclient.o
 .data          0x00000000        0x0 build\gcc\obj/example/example_tcpclient.o
 .bss           0x00000000        0x0 build\gcc\obj/example/example_tcpclient.o
 .debug_line    0x00000000        0x0 build\gcc\obj/example/example_tcpclient.o
 .debug_str     0x00000000        0x0 build\gcc\obj/example/example_tcpclient.o
 .comment       0x00000000       0x71 build\gcc\obj/example/example_tcpclient.o
 .ARM.attributes
                0x00000000       0x39 build\gcc\obj/example/example_tcpclient.o
 .text          0x00000000        0x0 build\gcc\obj/example/example_time.o
 .data          0x00000000        0x0 build\gcc\obj/example/example_time.o
 .bss           0x00000000        0x0 build\gcc\obj/example/example_time.o
 .debug_line    0x00000000        0x0 build\gcc\obj/example/example_time.o
 .debug_str     0x00000000        0x0 build\gcc\obj/example/example_time.o
 .comment       0x00000000       0x71 build\gcc\obj/example/example_time.o
 .ARM.attributes
                0x00000000       0x39 build\gcc\obj/example/example_time.o
 .text          0x00000000        0x0 build\gcc\obj/example/example_timer.o
 .data          0x00000000        0x0 build\gcc\obj/example/example_timer.o
 .bss           0x00000000        0x0 build\gcc\obj/example/example_timer.o
 .debug_line    0x00000000        0x0 build\gcc\obj/example/example_timer.o
 .debug_str     0x00000000        0x0 build\gcc\obj/example/example_timer.o
 .comment       0x00000000       0x71 build\gcc\obj/example/example_timer.o
 .ARM.attributes
                0x00000000       0x39 build\gcc\obj/example/example_timer.o
 .text          0x00000000        0x0 build\gcc\obj/example/example_udpclient.o
 .data          0x00000000        0x0 build\gcc\obj/example/example_udpclient.o
 .bss           0x00000000        0x0 build\gcc\obj/example/example_udpclient.o
 .debug_line    0x00000000        0x0 build\gcc\obj/example/example_udpclient.o
 .debug_str     0x00000000        0x0 build\gcc\obj/example/example_udpclient.o
 .comment       0x00000000       0x71 build\gcc\obj/example/example_udpclient.o
 .ARM.attributes
                0x00000000       0x39 build\gcc\obj/example/example_udpclient.o
 .text          0x00000000        0x0 build\gcc\obj/example/utility.o
 .data          0x00000000        0x0 build\gcc\obj/example/utility.o
 .bss           0x00000000        0x0 build\gcc\obj/example/utility.o
 .text.Analyse_Command
                0x00000000       0xec build\gcc\obj/example/utility.o
 .rodata.str1.1
                0x00000000        0xb build\gcc\obj/example/utility.o
 .debug_info    0x00000000      0x28e build\gcc\obj/example/utility.o
 .debug_abbrev  0x00000000      0x154 build\gcc\obj/example/utility.o
 .debug_loc     0x00000000      0x2e4 build\gcc\obj/example/utility.o
 .debug_aranges
                0x00000000       0x20 build\gcc\obj/example/utility.o
 .debug_ranges  0x00000000       0x10 build\gcc\obj/example/utility.o
 .debug_line    0x00000000       0x89 build\gcc\obj/example/utility.o
 .debug_str     0x00000000      0x26c build\gcc\obj/example/utility.o
 .comment       0x00000000       0x71 build\gcc\obj/example/utility.o
 .ARM.attributes
                0x00000000       0x39 build\gcc\obj/example/utility.o
 .debug_frame   0x00000000       0x3c build\gcc\obj/example/utility.o
 .text          0x00000000        0x0 build\gcc\obj/custom/main.o
 .data          0x00000000        0x0 build\gcc\obj/custom/main.o
 .bss           0x00000000        0x0 build\gcc\obj/custom/main.o
 .debug_line    0x00000000        0x0 build\gcc\obj/custom/main.o
 .debug_str     0x00000000        0x0 build\gcc\obj/custom/main.o
 .comment       0x00000000       0x71 build\gcc\obj/custom/main.o
 .ARM.attributes
                0x00000000       0x39 build\gcc\obj/custom/main.o
 .text          0x00000000        0x0 libs/gcc/app_start.lib(memory.o)
 .data          0x00000000        0x0 libs/gcc/app_start.lib(memory.o)
 .bss           0x00000000        0x0 libs/gcc/app_start.lib(memory.o)
 .text          0x00000000        0x0 libs/gcc/app_start.lib(ql_func.o)
 .data          0x00000000        0x0 libs/gcc/app_start.lib(ql_func.o)
 .bss           0x00000000        0x0 libs/gcc/app_start.lib(ql_func.o)
 .text.Ql_StartPlayAudioStream
                0x00000000       0x50 libs/gcc/app_start.lib(ql_func.o)
 .text.Ql_StopPlayAudioStream
                0x00000000       0x30 libs/gcc/app_start.lib(ql_func.o)
 .text.Ql_GetRelativeTime_Counter
                0x00000000       0x28 libs/gcc/app_start.lib(ql_func.o)
 .text.Ql_SecondToTicks
                0x00000000       0x2c libs/gcc/app_start.lib(ql_func.o)
 .text.Ql_MillisecondToTicks
                0x00000000       0x2c libs/gcc/app_start.lib(ql_func.o)
 .text.Ql_CalendarTime2LocalTime
                0x00000000       0x34 libs/gcc/app_start.lib(ql_func.o)
 .text.Ql_osChangeTaskPriority
                0x00000000       0x30 libs/gcc/app_start.lib(ql_func.o)
 .bss.m_SecondToTicks
                0x00000000        0x4 libs/gcc/app_start.lib(ql_func.o)
 .bss.m_GetRelativeTime_Counter
                0x00000000        0x4 libs/gcc/app_start.lib(ql_func.o)
 .rodata.str1.1
                0x00000000       0xa3 libs/gcc/app_start.lib(ql_func.o)
 .bss.m_StartPlayAudioStream
                0x00000000        0x4 libs/gcc/app_start.lib(ql_func.o)
 .bss.m_StopPlayAudioStream
                0x00000000        0x4 libs/gcc/app_start.lib(ql_func.o)
 .bss.m_CalendarTime2LocalTime
                0x00000000        0x4 libs/gcc/app_start.lib(ql_func.o)
 .bss.m_MillisecondToTicks
                0x00000000        0x4 libs/gcc/app_start.lib(ql_func.o)
 .bss.m_osChangeTaskPriority
                0x00000000        0x4 libs/gcc/app_start.lib(ql_func.o)
 .text          0x00000000        0x0 libs/gcc/app_start.lib(ql_main.o)
 .data          0x00000000        0x0 libs/gcc/app_start.lib(ql_main.o)
 .bss           0x00000000        0x0 libs/gcc/app_start.lib(ql_main.o)
 .text          0x00000000        0x0 libs/gcc/app_start.lib(ril_aux.o)
 .data          0x00000000        0x0 libs/gcc/app_start.lib(ril_aux.o)
 .bss           0x00000000        0x0 libs/gcc/app_start.lib(ril_aux.o)
 .text          0x00000000        0x0 libs/gcc/app_start.lib(ril_main.o)
 .data          0x00000000        0x0 libs/gcc/app_start.lib(ril_main.o)
 .bss           0x00000000        0x0 libs/gcc/app_start.lib(ril_main.o)
 .text.get_ril_init_status
                0x00000000        0xc libs/gcc/app_start.lib(ril_main.o)
 .text.Ql_RIL_WriteDataToCore
                0x00000000        0x4 libs/gcc/app_start.lib(ril_main.o)
 .text          0x00000000        0x0 libs/gcc/app_start.lib(stdlib_func.o)
 .data          0x00000000        0x0 libs/gcc/app_start.lib(stdlib_func.o)
 .bss           0x00000000        0x0 libs/gcc/app_start.lib(stdlib_func.o)
 .text.Ql_create_api_hash
                0x00000000       0x18 libs/gcc/app_start.lib(stdlib_func.o)
 .text.Ql_ui64toa
                0x00000000       0x60 libs/gcc/app_start.lib(stdlib_func.o)
 .text.Ql_itoa  0x00000000       0x58 libs/gcc/app_start.lib(stdlib_func.o)
 .text.Ql_atof  0x00000000       0x60 libs/gcc/app_start.lib(stdlib_func.o)
 .text.Ql_strcpy
                0x00000000       0x58 libs/gcc/app_start.lib(stdlib_func.o)
 .text.Ql_strcat
                0x00000000       0x48 libs/gcc/app_start.lib(stdlib_func.o)
 .text.Ql_strncat
                0x00000000       0x50 libs/gcc/app_start.lib(stdlib_func.o)
 .text.Ql_strcmp
                0x00000000       0x38 libs/gcc/app_start.lib(stdlib_func.o)
 .text.Ql_memmove
                0x00000000       0x50 libs/gcc/app_start.lib(stdlib_func.o)
 .text.Ql_strchr
                0x00000000       0x48 libs/gcc/app_start.lib(stdlib_func.o)
 .text.Ql_tolower
                0x00000000        0x4 libs/gcc/app_start.lib(stdlib_func.o)
 .text.Ql_isdigit
                0x00000000        0xc libs/gcc/app_start.lib(stdlib_func.o)
 .bss.m_memmove
                0x00000000        0x4 libs/gcc/app_start.lib(stdlib_func.o)
 .bss.m_strcpy  0x00000000        0x4 libs/gcc/app_start.lib(stdlib_func.o)
 .bss.m_atof    0x00000000        0x4 libs/gcc/app_start.lib(stdlib_func.o)
 .bss.m_strcmp  0x00000000        0x4 libs/gcc/app_start.lib(stdlib_func.o)
 .bss.m_strncat
                0x00000000        0x4 libs/gcc/app_start.lib(stdlib_func.o)
 .bss.m_itoa    0x00000000        0x4 libs/gcc/app_start.lib(stdlib_func.o)
 .bss.m_strcat  0x00000000        0x4 libs/gcc/app_start.lib(stdlib_func.o)
 .bss.m_strchr  0x00000000        0x4 libs/gcc/app_start.lib(stdlib_func.o)
 .bss.m_ui64toa
                0x00000000        0x4 libs/gcc/app_start.lib(stdlib_func.o)
 .text          0x00000000        0x0 libs/gcc/app_start.lib(system.o)
 .data          0x00000000        0x0 libs/gcc/app_start.lib(system.o)
 .bss           0x00000000        0x0 libs/gcc/app_start.lib(system.o)
 .text.Ql_Sleep
                0x00000000       0x40 libs/gcc/app_start.lib(system.o)
 .text.Ql_Reset
                0x00000000       0x40 libs/gcc/app_start.lib(system.o)
 .bss.m_Sleep   0x00000000        0x4 libs/gcc/app_start.lib(system.o)
 .bss.m_Reset   0x00000000        0x4 libs/gcc/app_start.lib(system.o)
 .rodata.str1.1
                0x00000000       0x12 libs/gcc/app_start.lib(system.o)
 .text          0x00000000        0x0 libs/gcc/app_start.lib(taskMngt.o)
 .data          0x00000000        0x0 libs/gcc/app_start.lib(taskMngt.o)
 .bss           0x00000000        0x0 libs/gcc/app_start.lib(taskMngt.o)
 .text.Ql_OS_SendMessageFromISR
                0x00000000       0x44 libs/gcc/app_start.lib(taskMngt.o)
 .text.Ql_OS_CreateSemaphore
                0x00000000       0x30 libs/gcc/app_start.lib(taskMngt.o)
 .text.Ql_OS_TakeSemaphore
                0x00000000       0x30 libs/gcc/app_start.lib(taskMngt.o)
 .text.Ql_OS_GiveSemaphore
                0x00000000       0x2c libs/gcc/app_start.lib(taskMngt.o)
 .text.Ql_OS_GetActiveTaskId
                0x00000000       0x30 libs/gcc/app_start.lib(taskMngt.o)
 .text.Ql_SetLastErrorCode
                0x00000000       0x34 libs/gcc/app_start.lib(taskMngt.o)
 .text.Ql_GetLastErrorCode
                0x00000000       0x30 libs/gcc/app_start.lib(taskMngt.o)
 .text.Ql_OS_GetCurrentTaskPriority
                0x00000000       0x28 libs/gcc/app_start.lib(taskMngt.o)
 .text.Ql_OS_GetCurrenTaskLeftStackSize
                0x00000000       0x28 libs/gcc/app_start.lib(taskMngt.o)
 .text.Ql_SecureData_Store
                0x00000000       0x34 libs/gcc/app_start.lib(taskMngt.o)
 .text.Ql_SecureData_Read
                0x00000000       0x34 libs/gcc/app_start.lib(taskMngt.o)
 .bss.m_OS_SendMessageFromISR
                0x00000000        0x4 libs/gcc/app_start.lib(taskMngt.o)
 .bss.m_OS_GetActiveTaskId
                0x00000000        0x4 libs/gcc/app_start.lib(taskMngt.o)
 .bss.m_OS_CreateSemaphore
                0x00000000        0x4 libs/gcc/app_start.lib(taskMngt.o)
 .bss.m_OS_GetCurrenTaskLeftStackSize
                0x00000000        0x4 libs/gcc/app_start.lib(taskMngt.o)
 .bss.m_Ql_SecureData_Store
                0x00000000        0x4 libs/gcc/app_start.lib(taskMngt.o)
 .bss.m_GetLastErrorCode
                0x00000000        0x4 libs/gcc/app_start.lib(taskMngt.o)
 .bss.m_OS_GiveSemaphore
                0x00000000        0x4 libs/gcc/app_start.lib(taskMngt.o)
 .bss.m_SetLastErrorCode
                0x00000000        0x4 libs/gcc/app_start.lib(taskMngt.o)
 .bss.m_Ql_SecureData_Read
                0x00000000        0x4 libs/gcc/app_start.lib(taskMngt.o)
 .bss.m_OS_TakeSemaphore
                0x00000000        0x4 libs/gcc/app_start.lib(taskMngt.o)
 .bss.m_OS_GetCurrentTaskPriority
                0x00000000        0x4 libs/gcc/app_start.lib(taskMngt.o)
 .text          0x00000000        0x0 libs/gcc/app_start.lib(timer.o)
 .data          0x00000000        0x0 libs/gcc/app_start.lib(timer.o)
 .bss           0x00000000        0x0 libs/gcc/app_start.lib(timer.o)
 .text.Ql_Timer_RegisterFast
                0x00000000       0x3c libs/gcc/app_start.lib(timer.o)
 .bss.m_Timer_RegisterFast
                0x00000000        0x4 libs/gcc/app_start.lib(timer.o)
 .text          0x00000000        0x0 libs/gcc/app_start.lib(uart.o)
 .data          0x00000000        0x0 libs/gcc/app_start.lib(uart.o)
 .bss           0x00000000        0x0 libs/gcc/app_start.lib(uart.o)
 .text.Ql_UART_OpenEx
                0x00000000       0x38 libs/gcc/app_start.lib(uart.o)
 .text.Ql_UART_Close
                0x00000000       0x2c libs/gcc/app_start.lib(uart.o)
 .bss.m_Ql_UART_Close
                0x00000000        0x4 libs/gcc/app_start.lib(uart.o)
 .bss.m_Ql_UART_OpenEx
                0x00000000        0x4 libs/gcc/app_start.lib(uart.o)
 .data          0x00000000        0x0 libs/gcc/app_start.lib(ocpu_init.o)
 .bss           0x00000000        0x0 libs/gcc/app_start.lib(ocpu_init.o)
 .text          0x00000000        0x0 tools\gcc\win\gcc-arm-none-eabi/arm-none-eabi/lib/armv7e-m/fpu/libc.a(lib_a-memset.o)
 .data          0x00000000        0x0 tools\gcc\win\gcc-arm-none-eabi/arm-none-eabi/lib/armv7e-m/fpu/libc.a(lib_a-memset.o)
 .bss           0x00000000        0x0 tools\gcc\win\gcc-arm-none-eabi/arm-none-eabi/lib/armv7e-m/fpu/libc.a(lib_a-memset.o)

Memory Configuration

Name             Origin             Length             Attributes
ROM              0x08292040         0x00032000         xr
RAM              0x001e7000         0x00019000         xrw
*default*        0x00000000         0xffffffff

Linker script and memory map

                0x08292040                . = 0x8292040

.initdata       0x08292040       0x2c
                0x08292040                . = ALIGN (0x4)
 *(.initdata)
 .initdata      0x08292040       0x2c libs/gcc/app_start.lib(ql_main.o)
                0x08292040                GADLENTRY

text            0x0829206c     0x2dd4
                0x0829206c                . = ALIGN (0x4)
 *(.text.*)
 .text.Ql_RIL_AT_SetErrCode
                0x0829206c        0xc build\gcc\obj/ril/src/ril_atResponse.o
                0x0829206c                Ql_RIL_AT_SetErrCode
 .text.Default_atRsp_callback
                0x08292078       0x78 build\gcc\obj/ril/src/ril_atResponse.o
                0x08292078                Default_atRsp_callback
 .text.RIL_GetInitCmdCnt
                0x082920f0        0x4 build\gcc\obj/ril/src/ril_init.o
                0x082920f0                RIL_GetInitCmdCnt
 .text.RIL_GetLimitedCmdCnt
                0x082920f4        0x4 build\gcc\obj/ril/src/ril_init.o
                0x082920f4                RIL_GetLimitedCmdCnt
 .text.ATResponse_Recv_Handler
                0x082920f8      0x1bc build\gcc\obj/ril/src/ril_lwm2m.o
 .text.ATResponse_Handler
                0x082922b4       0x98 build\gcc\obj/ril/src/ril_lwm2m.o
 .text.ATResponse_Send_Handler
                0x0829234c       0xa8 build\gcc\obj/ril/src/ril_lwm2m.o
 .text.ATResponse_Close_Handler
                0x082923f4       0xa8 build\gcc\obj/ril/src/ril_lwm2m.o
 .text.RIL_QLwM2M_Serv
                0x0829249c       0x94 build\gcc\obj/ril/src/ril_lwm2m.o
                0x0829249c                RIL_QLwM2M_Serv
 .text.RIL_QLwM2M_Conf
                0x08292530       0x90 build\gcc\obj/ril/src/ril_lwm2m.o
                0x08292530                RIL_QLwM2M_Conf
 .text.RIL_QLwM2M_Addobj
                0x082925c0       0xac build\gcc\obj/ril/src/ril_lwm2m.o
                0x082925c0                RIL_QLwM2M_Addobj
 .text.RIL_QLwM2M_Open
                0x0829266c       0x90 build\gcc\obj/ril/src/ril_lwm2m.o
                0x0829266c                RIL_QLwM2M_Open
 .text.RIL_QLwM2M_Cfg
                0x082926fc       0x98 build\gcc\obj/ril/src/ril_lwm2m.o
                0x082926fc                RIL_QLwM2M_Cfg
 .text.RIL_QLwM2M_Send
                0x08292794       0xec build\gcc\obj/ril/src/ril_lwm2m.o
                0x08292794                RIL_QLwM2M_Send
 .text.RIL_QLwM2M_RD
                0x08292880       0xfc build\gcc\obj/ril/src/ril_lwm2m.o
                0x08292880                RIL_QLwM2M_RD
 .text.RIL_QLwM2M_Close
                0x0829297c       0x8c build\gcc\obj/ril/src/ril_lwm2m.o
                0x0829297c                RIL_QLwM2M_Close
 .text.ATResponse_CEREG_Handler
                0x08292a08       0x84 build\gcc\obj/ril/src/ril_network.o
 .text.RIL_SIM_GetSimStateByName
                0x08292a8c       0xc8 build\gcc\obj/ril/src/ril_network.o
                0x08292a8c                RIL_SIM_GetSimStateByName
 .text.RIL_NW_GetEGPRSState
                0x08292b54       0x4c build\gcc\obj/ril/src/ril_network.o
                0x08292b54                RIL_NW_GetEGPRSState
 .text.ATRsp_IMEI_Handler
                0x08292ba0       0x88 build\gcc\obj/ril/src/ril_system.o
 .text.RIL_GetIMEI
                0x08292c28       0x4c build\gcc\obj/ril/src/ril_system.o
                0x08292c28                RIL_GetIMEI
 .text.QSDK_Get_Str
                0x08292c74       0x7c build\gcc\obj/ril/src/ril_system.o
                0x08292c74                QSDK_Get_Str
 .text.OnURCHandler_ONENET_WRITE
                0x08292cf0      0x17c build\gcc\obj/ril/src/ril_urc.o
 .text.OnURCHandler_ONENET_DISCOVER
                0x08292e6c       0xac build\gcc\obj/ril/src/ril_urc.o
 .text.OnURCHandler_ONENET_OBSERVER
                0x08292f18       0xf0 build\gcc\obj/ril/src/ril_urc.o
 .text.OnURCHandler_ONENET_EVENT
                0x08293008       0xb8 build\gcc\obj/ril/src/ril_urc.o
 .text.OnURCHandler_LwM2M_OBSERVE
                0x082930c0       0xc4 build\gcc\obj/ril/src/ril_urc.o
 .text.OnURCHandler_LwM2M_RECV_DATA
                0x08293184       0xec build\gcc\obj/ril/src/ril_urc.o
 .text.OnURCHandler_QIURC_DATA
                0x08293270      0x12c build\gcc\obj/ril/src/ril_urc.o
 .text.OnURCHandler_CFUN
                0x0829339c       0x70 build\gcc\obj/ril/src/ril_urc.o
 .text.OnURCHandler_Network
                0x0829340c      0x130 build\gcc\obj/ril/src/ril_urc.o
 .text.OnURCHandler_SIM
                0x0829353c       0x90 build\gcc\obj/ril/src/ril_urc.o
 .text.OnURCHandler
                0x082935cc       0x70 build\gcc\obj/ril/src/ril_urc.o
                0x082935cc                OnURCHandler
 .text.Ql_RIL_IsURCStr
                0x0829363c       0x40 build\gcc\obj/ril/src/ril_urc.o
                0x0829363c                Ql_RIL_IsURCStr
 .text.Ql_StrPrefixMatch
                0x0829367c       0x28 build\gcc\obj/ril/src/ril_util.o
                0x0829367c                Ql_StrPrefixMatch
 .text.Ql_StrToUpper
                0x082936a4       0x28 build\gcc\obj/ril/src/ril_util.o
                0x082936a4                Ql_StrToUpper
 .text.Ql_RIL_FindString
                0x082936cc       0x50 build\gcc\obj/ril/src/ril_util.o
                0x082936cc                Ql_RIL_FindString
 .text.Ql_RIL_FindLine
                0x0829371c      0x154 build\gcc\obj/ril/src/ril_util.o
                0x0829371c                Ql_RIL_FindLine
 .text.CallBack_UART_Hdlr
                0x08293870        0x2 build\gcc\obj/example/example_lwm2m.o
 *fill*         0x08293872        0x2 
 .text.Callback_Timer
                0x08293874      0x4ac build\gcc\obj/example/example_lwm2m.o
 .text.CallBack_UART0_Hdlr
                0x08293d20       0xd8 build\gcc\obj/example/example_lwm2m.o
 .text.proc_main_task
                0x08293df8      0x234 build\gcc\obj/example/example_lwm2m.o
                0x08293df8                proc_main_task
 .text.Ql_MEM_Alloc
                0x0829402c       0x44 libs/gcc/app_start.lib(memory.o)
                0x0829402c                Ql_MEM_Alloc
 .text.Ql_MEM_Free
                0x08294070       0x40 libs/gcc/app_start.lib(memory.o)
                0x08294070                Ql_MEM_Free
 .text.ql_InitVFunc
                0x082940b0       0x7c libs/gcc/app_start.lib(ql_main.o)
                0x082940b0                ql_InitVFunc
 .text.ocpu_main
                0x0829412c       0x6c libs/gcc/app_start.lib(ql_main.o)
                0x0829412c                ocpu_main
 .text.proc_reserved2
                0x08294198       0x40 libs/gcc/app_start.lib(ril_aux.o)
                0x08294198                proc_reserved2
 .text.ril_StopATTimer
                0x082941d8       0x1c libs/gcc/app_start.lib(ril_main.o)
 .text.Callback_OnATTimer
                0x082941f4       0x34 libs/gcc/app_start.lib(ril_main.o)
 .text.proc_reserved1
                0x08294228      0x32c libs/gcc/app_start.lib(ril_main.o)
                0x08294228                proc_reserved1
 .text.Ql_RIL_Initialize
                0x08294554       0x90 libs/gcc/app_start.lib(ril_main.o)
                0x08294554                Ql_RIL_Initialize
 .text.Ql_RIL_SendATCmd
                0x082945e4      0x194 libs/gcc/app_start.lib(ril_main.o)
                0x082945e4                Ql_RIL_SendATCmd
 .text.Ql_strncpy
                0x08294778       0x50 libs/gcc/app_start.lib(stdlib_func.o)
                0x08294778                Ql_strncpy
 .text.Ql_strlen
                0x082947c8       0x44 libs/gcc/app_start.lib(stdlib_func.o)
                0x082947c8                Ql_strlen
 .text.Ql_strncmp
                0x0829480c       0x3c libs/gcc/app_start.lib(stdlib_func.o)
                0x0829480c                Ql_strncmp
 .text.Ql_memset
                0x08294848       0x50 libs/gcc/app_start.lib(stdlib_func.o)
                0x08294848                Ql_memset
 .text.Ql_memcpy
                0x08294898       0x50 libs/gcc/app_start.lib(stdlib_func.o)
                0x08294898                Ql_memcpy
 .text.Ql_memcmp
                0x082948e8       0x3c libs/gcc/app_start.lib(stdlib_func.o)
                0x082948e8                Ql_memcmp
 .text.Ql_strstr
                0x08294924       0x48 libs/gcc/app_start.lib(stdlib_func.o)
                0x08294924                Ql_strstr
 .text.Ql_toupper
                0x0829496c        0x4 libs/gcc/app_start.lib(stdlib_func.o)
                0x0829496c                Ql_toupper
 .text.Ql_atoi  0x08294970       0x4e libs/gcc/app_start.lib(stdlib_func.o)
                0x08294970                Ql_atoi
 *fill*         0x082949be        0x2 
 .text.Ql_GetSDKVer
                0x082949c0       0x38 libs/gcc/app_start.lib(system.o)
                0x082949c0                Ql_GetSDKVer
 .text.Ql_OS_GetMessage
                0x082949f8       0x34 libs/gcc/app_start.lib(taskMngt.o)
                0x082949f8                Ql_OS_GetMessage
 .text.Ql_OS_SendMessage
                0x08294a2c       0x44 libs/gcc/app_start.lib(taskMngt.o)
                0x08294a2c                Ql_OS_SendMessage
 .text.Ql_OS_CreateMutex
                0x08294a70       0x28 libs/gcc/app_start.lib(taskMngt.o)
                0x08294a70                Ql_OS_CreateMutex
 .text.Ql_OS_TakeMutex
                0x08294a98       0x30 libs/gcc/app_start.lib(taskMngt.o)
                0x08294a98                Ql_OS_TakeMutex
 .text.Ql_OS_GiveMutex
                0x08294ac8       0x2c libs/gcc/app_start.lib(taskMngt.o)
                0x08294ac8                Ql_OS_GiveMutex
 .text.Ql_OS_CreateEvent
                0x08294af4       0x28 libs/gcc/app_start.lib(taskMngt.o)
                0x08294af4                Ql_OS_CreateEvent
 .text.Ql_OS_WaitEvent
                0x08294b1c       0x3c libs/gcc/app_start.lib(taskMngt.o)
                0x08294b1c                Ql_OS_WaitEvent
 .text.Ql_OS_SetEvent
                0x08294b58       0x38 libs/gcc/app_start.lib(taskMngt.o)
                0x08294b58                Ql_OS_SetEvent
 .text.Ql_ril_request_command
                0x08294b90       0x34 libs/gcc/app_start.lib(taskMngt.o)
                0x08294b90                Ql_ril_request_command
 .text.Ql_Timer_Register
                0x08294bc4       0x3c libs/gcc/app_start.lib(timer.o)
                0x08294bc4                Ql_Timer_Register
 .text.Ql_Timer_Start
                0x08294c00       0x3c libs/gcc/app_start.lib(timer.o)
                0x08294c00                Ql_Timer_Start
 .text.Ql_Timer_Stop
                0x08294c3c       0x34 libs/gcc/app_start.lib(timer.o)
                0x08294c3c                Ql_Timer_Stop
 .text.Ql_UART_Register
                0x08294c70       0x3c libs/gcc/app_start.lib(uart.o)
                0x08294c70                Ql_UART_Register
 .text.Ql_UART_Open
                0x08294cac       0x3c libs/gcc/app_start.lib(uart.o)
                0x08294cac                Ql_UART_Open
 .text.Ql_UART_Write
                0x08294ce8       0x3c libs/gcc/app_start.lib(uart.o)
                0x08294ce8                Ql_UART_Write
 .text.Ql_UART_Read
                0x08294d24       0x3c libs/gcc/app_start.lib(uart.o)
                0x08294d24                Ql_UART_Read
 .text.memset   0x08294d60       0x94 tools\gcc\win\gcc-arm-none-eabi/arm-none-eabi/lib/armv7e-m/fpu/libc.a(lib_a-memset.o)
                0x08294d60                memset
 *(.text)
 .text          0x08294df4       0x4c libs/gcc/app_start.lib(ocpu_init.o)
                0x08294e08                _OCPU_InitUserMem

.glue_7         0x08294e40        0x0
 .glue_7        0x00000000        0x0 linker stubs

.glue_7t        0x08294e40        0x0
 .glue_7t       0x00000000        0x0 linker stubs

.vfp11_veneer   0x08294e40        0x0
 .vfp11_veneer  0x00000000        0x0 linker stubs

.v4_bx          0x08294e40        0x0
 .v4_bx         0x00000000        0x0 linker stubs

.iplt           0x08294e40        0x0
 .iplt          0x00000000        0x0 build\gcc\obj/custom/config/custom_sys_cfg.o

.rodata         0x08294e40       0x37
                0x08294e40                . = ALIGN (0x4)
 *(.rodata)
 .rodata        0x08294e40        0xb build\gcc\obj/ril/src/ril_network.o
 .rodata        0x08294e4b       0x16 libs/gcc/app_start.lib(ql_main.o)
 .rodata        0x08294e61       0x16 libs/gcc/app_start.lib(system.o)
                0x08295c44                __data_load = LOADADDR (.data)

.rodata.appEnableCfg
                0x08294e78        0x4
 .rodata.appEnableCfg
                0x08294e78        0x4 build\gcc\obj/custom/config/custom_sys_cfg.o

.rodata.debugPortCfg
                0x08294e7c        0x1
 .rodata.debugPortCfg
                0x08294e7c        0x1 build\gcc\obj/custom/config/custom_sys_cfg.o

.rodata.debugPortSet
                0x08294e7d        0x2
 .rodata.debugPortSet
                0x08294e7d        0x2 build\gcc\obj/custom/config/custom_sys_cfg.o

.rodata.SystemCfg
                0x08294e80       0x30
 .rodata.SystemCfg
                0x08294e80       0x30 build\gcc\obj/custom/config/custom_sys_cfg.o
                0x08294e80                SystemCfg

.rodata.GpioConfigTbl
                0x08294eb0        0x4
 .rodata.GpioConfigTbl
                0x08294eb0        0x4 build\gcc\obj/custom/config/sys_config.o
                0x08294eb0                GpioConfigTbl

.rodata.TaskConfig
                0x08294eb4       0x50
 .rodata.TaskConfig
                0x08294eb4       0x50 build\gcc\obj/custom/config/sys_config.o
                0x08294eb4                TaskConfig

.rodata.str1.1  0x08294f04      0xb0e
 .rodata.str1.1
                0x08294f04       0x25 build\gcc\obj/ril/src/ril_atResponse.o
                                 0x2e (size before relaxing)
 .rodata.str1.1
                0x08294f29       0x21 build\gcc\obj/ril/src/ril_init.o
 .rodata.str1.1
                0x08294f4a      0x1e8 build\gcc\obj/ril/src/ril_lwm2m.o
                                0x20e (size before relaxing)
 .rodata.str1.1
                0x08295132       0x63 build\gcc\obj/ril/src/ril_network.o
                                 0x8e (size before relaxing)
 .rodata.str1.1
                0x08295195       0x12 build\gcc\obj/ril/src/ril_system.o
                                 0x2c (size before relaxing)
 .rodata.str1.1
                0x082951a7       0xb6 build\gcc\obj/ril/src/ril_urc.o
                                 0xb9 (size before relaxing)
 .rodata.str1.1
                0x0829525d       0x11 build\gcc\obj/ril/src/ril_util.o
                                 0x16 (size before relaxing)
 .rodata.str1.1
                0x0829526e      0x499 build\gcc\obj/example/example_lwm2m.o
 .rodata.str1.1
                0x08295707       0x19 libs/gcc/app_start.lib(memory.o)
 .rodata.str1.1
                0x08295720       0x1a libs/gcc/app_start.lib(ql_main.o)
                                 0x1f (size before relaxing)
 .rodata.str1.1
                0x0829573a        0x5 libs/gcc/app_start.lib(ril_main.o)
                                  0xe (size before relaxing)
 .rodata.str1.1
                0x0829573f       0xa1 libs/gcc/app_start.lib(stdlib_func.o)
 .rodata.str1.1
                0x082957e0      0x197 libs/gcc/app_start.lib(taskMngt.o)
 .rodata.str1.1
                0x08295977       0x45 libs/gcc/app_start.lib(timer.o)
 .rodata.str1.1
                0x082959bc       0x56 libs/gcc/app_start.lib(uart.o)

.rodata.m_AtURCHdlEntry
                0x08295a14      0x188
 .rodata.m_AtURCHdlEntry
                0x08295a14      0x188 build\gcc\obj/ril/src/ril_urc.o

.rodata.m_SysURCHdlEntry
                0x08295b9c       0xa8
 .rodata.m_SysURCHdlEntry
                0x08295b9c       0xa8 build\gcc\obj/ril/src/ril_urc.o

.rel.dyn        0x08295c44        0x0
 .rel.iplt      0x00000000        0x0 build\gcc\obj/custom/config/custom_sys_cfg.o

.data           0x001e7000      0x124 load address 0x08295c44
                0x001e7000                __data_start = .
                0x001e7000                . = ALIGN (0x4)
 *(.data.*)
 .data.g_InitCmds
                0x001e7000        0x8 build\gcc\obj/ril/src/ril_init.o
                0x001e7000                g_InitCmds
 .data.g_LimitedCmds
                0x001e7008        0x4 build\gcc\obj/ril/src/ril_init.o
                0x001e7008                g_LimitedCmds
 .data.lwm2m_access_mode
                0x001e700c        0x1 build\gcc\obj/example/example_lwm2m.o
                0x001e700c                lwm2m_access_mode
 .data.res_id   0x001e700d        0x5 build\gcc\obj/example/example_lwm2m.o
                0x001e700d                res_id
 .data.m_SrvADDR
                0x001e7012       0x64 build\gcc\obj/example/example_lwm2m.o
 .data.test_data
                0x001e7076       0x80 build\gcc\obj/example/example_lwm2m.o
 .data.api_notsup
                0x001e70f6       0x18 libs/gcc/app_start.lib(ql_func.o)
                0x001e70f6                api_notsup
 *fill*         0x001e710e        0x2 
 .data.g_ril_auxTaskId
                0x001e7110        0x4 libs/gcc/app_start.lib(ril_aux.o)
                0x001e7110                g_ril_auxTaskId
 .data.m_atTimer
                0x001e7114        0xc libs/gcc/app_start.lib(ril_main.o)
 .data.m_thisTaskId
                0x001e7120        0x4 libs/gcc/app_start.lib(ril_main.o)
 *(.data)
                0x001e7124                _edata = .

.igot.plt       0x001e7124        0x0 load address 0x08295d68
 .igot.plt      0x00000000        0x0 build\gcc\obj/custom/config/custom_sys_cfg.o

.bss            0x001e7124     0x2b4c load address 0x08295d68
                0x001e7124                __bss_start__ = .
                0x001e7124                . = ALIGN (0x4)
 *(.bss)
 *(.bss.*)
 .bss.m_iErrCode
                0x001e7124        0x4 build\gcc\obj/ril/src/ril_atResponse.o
 .bss.DBG_Buffer
                0x001e7128      0x400 build\gcc\obj/ril/src/ril_lwm2m.o
 .bss.lwm2m_rd_temp_param
                0x001e7528        0x8 build\gcc\obj/ril/src/ril_lwm2m.o
                0x001e7528                lwm2m_rd_temp_param
 .bss.g_LWM2M_RECV_DATA_MODE
                0x001e7530        0x1 build\gcc\obj/ril/src/ril_lwm2m.o
                0x001e7530                g_LWM2M_RECV_DATA_MODE
 *fill*         0x001e7531        0x3 
 .bss.onenet_urc_param
                0x001e7534      0x234 build\gcc\obj/ril/src/ril_urc.o
                0x001e7534                onenet_urc_param
 .bss.lwm2m_urc_param
                0x001e7768     0x1014 build\gcc\obj/ril/src/ril_urc.o
                0x001e7768                lwm2m_urc_param
 .bss.socket_recv_param
                0x001e877c      0x408 build\gcc\obj/ril/src/ril_urc.o
                0x001e877c                socket_recv_param
 .bss.lwm2m_urc_param_ptr
                0x001e8b84        0x4 build\gcc\obj/example/example_lwm2m.o
                0x001e8b84                lwm2m_urc_param_ptr
 .bss.DBG_BUFFER
                0x001e8b88      0x400 build\gcc\obj/example/example_lwm2m.o
 .bss.recv_remain_length
                0x001e8f88        0x4 build\gcc\obj/example/example_lwm2m.o
                0x001e8f88                recv_remain_length
 .bss.m_lwm2m_state
                0x001e8f8c        0x1 build\gcc\obj/example/example_lwm2m.o
 .bss.m_Read_Buffer
                0x001e8f8d      0x400 build\gcc\obj/example/example_lwm2m.o
 *fill*         0x001e938d        0x3 
 .bss.recv_actual_length
                0x001e9390        0x4 build\gcc\obj/example/example_lwm2m.o
                0x001e9390                recv_actual_length
 .bss.lwm2m_send_param_t
                0x001e9394       0x18 build\gcc\obj/example/example_lwm2m.o
                0x001e9394                lwm2m_send_param_t
 .bss.ret       0x001e93ac        0x4 build\gcc\obj/example/example_lwm2m.o
 .bss.m_recv_buf
                0x001e93b0      0x400 build\gcc\obj/example/example_lwm2m.o
 .bss.m_MEM_Alloc
                0x001e97b0        0x4 libs/gcc/app_start.lib(memory.o)
 .bss.m_MEM_Free
                0x001e97b4        0x4 libs/gcc/app_start.lib(memory.o)
 .bss.m_create_api_hash
                0x001e97b8        0x4 libs/gcc/app_start.lib(ql_func.o)
                0x001e97b8                m_create_api_hash
 .bss.m_get_api_ptr
                0x001e97bc        0x4 libs/gcc/app_start.lib(ql_func.o)
                0x001e97bc                m_get_api_ptr
 .bss.Ql_sscanf
                0x001e97c0        0x4 libs/gcc/app_start.lib(ql_main.o)
                0x001e97c0                Ql_sscanf
 .bss.runinfo   0x001e97c4        0x8 libs/gcc/app_start.lib(ql_main.o)
                0x001e97c4                runinfo
 .bss.Ql_Debug_Trace
                0x001e97cc        0x4 libs/gcc/app_start.lib(ql_main.o)
                0x001e97cc                Ql_Debug_Trace
 .bss.Ql_sprintf
                0x001e97d0        0x4 libs/gcc/app_start.lib(ql_main.o)
                0x001e97d0                Ql_sprintf
 .bss.Ql_snprintf
                0x001e97d4        0x4 libs/gcc/app_start.lib(ql_main.o)
                0x001e97d4                Ql_snprintf
 .bss.init_size
                0x001e97d8        0x4 libs/gcc/app_start.lib(ql_main.o)
 .bss.g_ril_auxTaskReady
                0x001e97dc        0x1 libs/gcc/app_start.lib(ril_aux.o)
                0x001e97dc                g_ril_auxTaskReady
 *fill*         0x001e97dd        0x3 
 .bss.m_pATRspLineBuf
                0x001e97e0        0x4 libs/gcc/app_start.lib(ril_main.o)
 .bss.m_strATCmd
                0x001e97e4      0x400 libs/gcc/app_start.lib(ril_main.o)
 .bss.m_IsATHandling
                0x001e9be4        0x1 libs/gcc/app_start.lib(ril_main.o)
 *fill*         0x001e9be5        0x3 
 .bss.m_data    0x001e9be8        0x8 libs/gcc/app_start.lib(ril_main.o)
 .bss.m_isRILInited
                0x001e9bf0        0x1 libs/gcc/app_start.lib(ril_main.o)
 *fill*         0x001e9bf1        0x3 
 .bss.m_nATRspBufLen
                0x001e9bf4        0x4 libs/gcc/app_start.lib(ril_main.o)
 .bss.m_nAtMutexId
                0x001e9bf8        0x4 libs/gcc/app_start.lib(ril_main.o)
 .bss.m_userdata
                0x001e9bfc        0x4 libs/gcc/app_start.lib(ril_main.o)
 .bss.g_nEventGrpId
                0x001e9c00        0x4 libs/gcc/app_start.lib(ril_main.o)
 .bss.m_pATRspBuffer
                0x001e9c04        0x4 libs/gcc/app_start.lib(ril_main.o)
 .bss.m_nATErrCode
                0x001e9c08        0x4 libs/gcc/app_start.lib(ril_main.o)
 .bss.m_atRsp_callback
                0x001e9c0c        0x4 libs/gcc/app_start.lib(ril_main.o)
 .bss.m_nATRsp_Result
                0x001e9c10        0x4 libs/gcc/app_start.lib(ril_main.o)
 .bss.m_strncmp
                0x001e9c14        0x4 libs/gcc/app_start.lib(stdlib_func.o)
 .bss.m_strncpy
                0x001e9c18        0x4 libs/gcc/app_start.lib(stdlib_func.o)
 .bss.m_memset  0x001e9c1c        0x4 libs/gcc/app_start.lib(stdlib_func.o)
 .bss.m_memcpy  0x001e9c20        0x4 libs/gcc/app_start.lib(stdlib_func.o)
 .bss.m_memcmp  0x001e9c24        0x4 libs/gcc/app_start.lib(stdlib_func.o)
 .bss.m_strlen  0x001e9c28        0x4 libs/gcc/app_start.lib(stdlib_func.o)
 .bss.m_strstr  0x001e9c2c        0x4 libs/gcc/app_start.lib(stdlib_func.o)
 .bss.m_RIL_request_custom_command
                0x001e9c30        0x4 libs/gcc/app_start.lib(taskMngt.o)
 .bss.m_OS_CreateEvent
                0x001e9c34        0x4 libs/gcc/app_start.lib(taskMngt.o)
 .bss.m_OS_CreateMutex
                0x001e9c38        0x4 libs/gcc/app_start.lib(taskMngt.o)
 .bss.m_OS_SetEvent
                0x001e9c3c        0x4 libs/gcc/app_start.lib(taskMngt.o)
 .bss.m_OS_WaitEvent
                0x001e9c40        0x4 libs/gcc/app_start.lib(taskMngt.o)
 .bss.m_OS_TakeMutex
                0x001e9c44        0x4 libs/gcc/app_start.lib(taskMngt.o)
 .bss.m_OS_GiveMutex
                0x001e9c48        0x4 libs/gcc/app_start.lib(taskMngt.o)
 .bss.m_OS_SendMessage
                0x001e9c4c        0x4 libs/gcc/app_start.lib(taskMngt.o)
 .bss.m_OS_GetMessage
                0x001e9c50        0x4 libs/gcc/app_start.lib(taskMngt.o)
 .bss.m_Timer_Register
                0x001e9c54        0x4 libs/gcc/app_start.lib(timer.o)
 .bss.m_Timer_Stop
                0x001e9c58        0x4 libs/gcc/app_start.lib(timer.o)
 .bss.m_Timer_Start
                0x001e9c5c        0x4 libs/gcc/app_start.lib(timer.o)
 .bss.m_Ql_UART_Open
                0x001e9c60        0x4 libs/gcc/app_start.lib(uart.o)
 .bss.m_Ql_UART_Read
                0x001e9c64        0x4 libs/gcc/app_start.lib(uart.o)
 .bss.m_Ql_UART_Register
                0x001e9c68        0x4 libs/gcc/app_start.lib(uart.o)
 .bss.m_Ql_UART_Write
                0x001e9c6c        0x4 libs/gcc/app_start.lib(uart.o)
                0x001e9c70                __bss_end__ = .
LOAD build\gcc\obj/custom/config/custom_sys_cfg.o
LOAD build\gcc\obj/custom/config/sys_config.o
LOAD build\gcc\obj/ril/src/ril_atResponse.o
LOAD build\gcc\obj/ril/src/ril_init.o
LOAD build\gcc\obj/ril/src/ril_lwm2m.o
LOAD build\gcc\obj/ril/src/ril_network.o
LOAD build\gcc\obj/ril/src/ril_onenet.o
LOAD build\gcc\obj/ril/src/ril_socket.o
LOAD build\gcc\obj/ril/src/ril_system.o
LOAD build\gcc\obj/ril/src/ril_urc.o
LOAD build\gcc\obj/ril/src/ril_util.o
LOAD build\gcc\obj/example/example_adc.o
LOAD build\gcc\obj/example/example_eint.o
LOAD build\gcc\obj/example/example_float_math.o
LOAD build\gcc\obj/example/example_gpio.o
LOAD build\gcc\obj/example/example_iic.o
LOAD build\gcc\obj/example/example_lwm2m.o
LOAD build\gcc\obj/example/example_memory.o
LOAD build\gcc\obj/example/example_multitask.o
LOAD build\gcc\obj/example/example_onenet.o
LOAD build\gcc\obj/example/example_pwm.o
LOAD build\gcc\obj/example/example_rtc.o
LOAD build\gcc\obj/example/example_spi.o
LOAD build\gcc\obj/example/example_system.o
LOAD build\gcc\obj/example/example_tcpclient.o
LOAD build\gcc\obj/example/example_time.o
LOAD build\gcc\obj/example/example_timer.o
LOAD build\gcc\obj/example/example_udpclient.o
LOAD build\gcc\obj/example/utility.o
LOAD build\gcc\obj/custom/main.o
LOAD libs/gcc/app_start.lib
LOAD tools\gcc\win\gcc-arm-none-eabi/arm-none-eabi/lib/armv7e-m/fpu/libm.a
LOAD tools\gcc\win\gcc-arm-none-eabi/arm-none-eabi/lib/armv7e-m/fpu/libc.a
LOAD tools\gcc\win\gcc-arm-none-eabi/lib/gcc/arm-none-eabi/4.8.3/armv7e-m/fpu/libgcc.a
OUTPUT(build\gcc/APPGS3MDM32A01.elf elf32-littlearm)

.debug_info     0x00000000     0xc477
 .debug_info    0x00000000      0x240 build\gcc\obj/custom/config/custom_sys_cfg.o
 .debug_info    0x00000240      0x28e build\gcc\obj/custom/config/sys_config.o
 .debug_info    0x000004ce      0x220 build\gcc\obj/ril/src/ril_atResponse.o
 .debug_info    0x000006ee       0xfc build\gcc\obj/ril/src/ril_init.o
 .debug_info    0x000007ea     0x1b80 build\gcc\obj/ril/src/ril_lwm2m.o
 .debug_info    0x0000236a      0x516 build\gcc\obj/ril/src/ril_network.o
 .debug_info    0x00002880      0x3ba build\gcc\obj/ril/src/ril_system.o
 .debug_info    0x00002c3a     0x1dca build\gcc\obj/ril/src/ril_urc.o
 .debug_info    0x00004a04      0x5a6 build\gcc\obj/ril/src/ril_util.o
 .debug_info    0x00004faa     0x134d build\gcc\obj/example/example_lwm2m.o
 .debug_info    0x000062f7      0x24e libs/gcc/app_start.lib(memory.o)
 .debug_info    0x00006545      0x9b2 libs/gcc/app_start.lib(ql_func.o)
 .debug_info    0x00006ef7      0x708 libs/gcc/app_start.lib(ql_main.o)
 .debug_info    0x000075ff      0x19a libs/gcc/app_start.lib(ril_aux.o)
 .debug_info    0x00007799     0x112a libs/gcc/app_start.lib(ril_main.o)
 .debug_info    0x000088c3     0x12eb libs/gcc/app_start.lib(stdlib_func.o)
 .debug_info    0x00009bae      0x64a libs/gcc/app_start.lib(system.o)
 .debug_info    0x0000a1f8     0x10b4 libs/gcc/app_start.lib(taskMngt.o)
 .debug_info    0x0000b2ac      0x739 libs/gcc/app_start.lib(timer.o)
 .debug_info    0x0000b9e5      0xa22 libs/gcc/app_start.lib(uart.o)
 .debug_info    0x0000c407       0x70 libs/gcc/app_start.lib(ocpu_init.o)

.debug_abbrev   0x00000000     0x211e
 .debug_abbrev  0x00000000       0xb2 build\gcc\obj/custom/config/custom_sys_cfg.o
 .debug_abbrev  0x000000b2       0xc2 build\gcc\obj/custom/config/sys_config.o
 .debug_abbrev  0x00000174      0x13b build\gcc\obj/ril/src/ril_atResponse.o
 .debug_abbrev  0x000002af       0x86 build\gcc\obj/ril/src/ril_init.o
 .debug_abbrev  0x00000335      0x24d build\gcc\obj/ril/src/ril_lwm2m.o
 .debug_abbrev  0x00000582      0x1dc build\gcc\obj/ril/src/ril_network.o
 .debug_abbrev  0x0000075e      0x1b7 build\gcc\obj/ril/src/ril_system.o
 .debug_abbrev  0x00000915      0x2d0 build\gcc\obj/ril/src/ril_urc.o
 .debug_abbrev  0x00000be5      0x13e build\gcc\obj/ril/src/ril_util.o
 .debug_abbrev  0x00000d23      0x283 build\gcc\obj/example/example_lwm2m.o
 .debug_abbrev  0x00000fa6      0x13f libs/gcc/app_start.lib(memory.o)
 .debug_abbrev  0x000010e5      0x176 libs/gcc/app_start.lib(ql_func.o)
 .debug_abbrev  0x0000125b      0x1c5 libs/gcc/app_start.lib(ql_main.o)
 .debug_abbrev  0x00001420      0x10b libs/gcc/app_start.lib(ril_aux.o)
 .debug_abbrev  0x0000152b      0x3d0 libs/gcc/app_start.lib(ril_main.o)
 .debug_abbrev  0x000018fb      0x248 libs/gcc/app_start.lib(stdlib_func.o)
 .debug_abbrev  0x00001b43      0x15d libs/gcc/app_start.lib(system.o)
 .debug_abbrev  0x00001ca0      0x202 libs/gcc/app_start.lib(taskMngt.o)
 .debug_abbrev  0x00001ea2      0x10c libs/gcc/app_start.lib(timer.o)
 .debug_abbrev  0x00001fae      0x15c libs/gcc/app_start.lib(uart.o)
 .debug_abbrev  0x0000210a       0x14 libs/gcc/app_start.lib(ocpu_init.o)

.debug_aranges  0x00000000      0x5d0
 .debug_aranges
                0x00000000       0x18 build\gcc\obj/custom/config/custom_sys_cfg.o
 .debug_aranges
                0x00000018       0x18 build\gcc\obj/custom/config/sys_config.o
 .debug_aranges
                0x00000030       0x30 build\gcc\obj/ril/src/ril_atResponse.o
 .debug_aranges
                0x00000060       0x28 build\gcc\obj/ril/src/ril_init.o
 .debug_aranges
                0x00000088       0x98 build\gcc\obj/ril/src/ril_lwm2m.o
 .debug_aranges
                0x00000120       0x30 build\gcc\obj/ril/src/ril_network.o
 .debug_aranges
                0x00000150       0x30 build\gcc\obj/ril/src/ril_system.o
 .debug_aranges
                0x00000180       0x78 build\gcc\obj/ril/src/ril_urc.o
 .debug_aranges
                0x000001f8       0x48 build\gcc\obj/ril/src/ril_util.o
 .debug_aranges
                0x00000240       0x38 build\gcc\obj/example/example_lwm2m.o
 .debug_aranges
                0x00000278       0x28 libs/gcc/app_start.lib(memory.o)
 .debug_aranges
                0x000002a0       0x50 libs/gcc/app_start.lib(ql_func.o)
 .debug_aranges
                0x000002f0       0x28 libs/gcc/app_start.lib(ql_main.o)
 .debug_aranges
                0x00000318       0x20 libs/gcc/app_start.lib(ril_aux.o)
 .debug_aranges
                0x00000338       0x50 libs/gcc/app_start.lib(ril_main.o)
 .debug_aranges
                0x00000388       0xc0 libs/gcc/app_start.lib(stdlib_func.o)
 .debug_aranges
                0x00000448       0x30 libs/gcc/app_start.lib(system.o)
 .debug_aranges
                0x00000478       0xb8 libs/gcc/app_start.lib(taskMngt.o)
 .debug_aranges
                0x00000530       0x38 libs/gcc/app_start.lib(timer.o)
 .debug_aranges
                0x00000568       0x48 libs/gcc/app_start.lib(uart.o)
 .debug_aranges
                0x000005b0       0x20 libs/gcc/app_start.lib(ocpu_init.o)

.debug_line     0x00000000     0x1aff
 .debug_line    0x00000000       0x71 build\gcc\obj/custom/config/custom_sys_cfg.o
 .debug_line    0x00000071       0x7b build\gcc\obj/custom/config/sys_config.o
 .debug_line    0x000000ec       0xb5 build\gcc\obj/ril/src/ril_atResponse.o
 .debug_line    0x000001a1       0x69 build\gcc\obj/ril/src/ril_init.o
 .debug_line    0x0000020a      0x2d9 build\gcc\obj/ril/src/ril_lwm2m.o
 .debug_line    0x000004e3       0xe7 build\gcc\obj/ril/src/ril_network.o
 .debug_line    0x000005ca       0xd6 build\gcc\obj/ril/src/ril_system.o
 .debug_line    0x000006a0      0x2e2 build\gcc\obj/ril/src/ril_urc.o
 .debug_line    0x00000982      0x187 build\gcc\obj/ril/src/ril_util.o
 .debug_line    0x00000b09      0x1b2 build\gcc\obj/example/example_lwm2m.o
 .debug_line    0x00000cbb       0xb1 libs/gcc/app_start.lib(memory.o)
 .debug_line    0x00000d6c      0x12a libs/gcc/app_start.lib(ql_func.o)
 .debug_line    0x00000e96       0xf9 libs/gcc/app_start.lib(ql_main.o)
 .debug_line    0x00000f8f       0x75 libs/gcc/app_start.lib(ril_aux.o)
 .debug_line    0x00001004      0x277 libs/gcc/app_start.lib(ril_main.o)
 .debug_line    0x0000127b      0x2cb libs/gcc/app_start.lib(stdlib_func.o)
 .debug_line    0x00001546       0xde libs/gcc/app_start.lib(system.o)
 .debug_line    0x00001624      0x27e libs/gcc/app_start.lib(taskMngt.o)
 .debug_line    0x000018a2       0xef libs/gcc/app_start.lib(timer.o)
 .debug_line    0x00001991      0x11d libs/gcc/app_start.lib(uart.o)
 .debug_line    0x00001aae       0x51 libs/gcc/app_start.lib(ocpu_init.o)

.debug_str      0x00000000     0x378c
 .debug_str     0x00000000      0x3cd build\gcc\obj/custom/config/custom_sys_cfg.o
                                0x3fb (size before relaxing)
 .debug_str     0x000003cd      0x287 build\gcc\obj/custom/config/sys_config.o
                                0x493 (size before relaxing)
 .debug_str     0x00000654       0xaa build\gcc\obj/ril/src/ril_atResponse.o
                                0x2a7 (size before relaxing)
 .debug_str     0x000006fe       0x53 build\gcc\obj/ril/src/ril_init.o
                                0x23f (size before relaxing)
 .debug_str     0x00000751      0x43c build\gcc\obj/ril/src/ril_lwm2m.o
                                0x686 (size before relaxing)
 .debug_str     0x00000b8d      0x13b build\gcc\obj/ril/src/ril_network.o
                                0x3ee (size before relaxing)
 .debug_str     0x00000cc8       0x78 build\gcc\obj/ril/src/ril_system.o
                                0x31f (size before relaxing)
 .debug_str     0x00000d40      0x414 build\gcc\obj/ril/src/ril_urc.o
                                0x69f (size before relaxing)
 .debug_str     0x00001154       0xb3 build\gcc\obj/ril/src/ril_util.o
                                0x2b9 (size before relaxing)
 .debug_str     0x00001207      0x36c build\gcc\obj/example/example_lwm2m.o
                                0x9f7 (size before relaxing)
 .debug_str     0x00001573       0xd1 libs/gcc/app_start.lib(memory.o)
                                0x294 (size before relaxing)
 .debug_str     0x00001644     0x10be libs/gcc/app_start.lib(ql_func.o)
                               0x12ea (size before relaxing)
 .debug_str     0x00002702      0x1e6 libs/gcc/app_start.lib(ql_main.o)
                                0x778 (size before relaxing)
 .debug_str     0x000028e8       0x48 libs/gcc/app_start.lib(ril_aux.o)
                                0x298 (size before relaxing)
 .debug_str     0x00002930      0x308 libs/gcc/app_start.lib(ril_main.o)
                               0x147f (size before relaxing)
 .debug_str     0x00002c38      0x29a libs/gcc/app_start.lib(stdlib_func.o)
                               0x12da (size before relaxing)
 .debug_str     0x00002ed2       0x80 libs/gcc/app_start.lib(system.o)
                               0x1091 (size before relaxing)
 .debug_str     0x00002f52      0x540 libs/gcc/app_start.lib(taskMngt.o)
                               0x15cf (size before relaxing)
 .debug_str     0x00003492      0x117 libs/gcc/app_start.lib(timer.o)
                               0x1135 (size before relaxing)
 .debug_str     0x000035a9      0x1e3 libs/gcc/app_start.lib(uart.o)
                               0x1353 (size before relaxing)

.comment        0x00000000       0x70
 .comment       0x00000000       0x70 build\gcc\obj/custom/config/custom_sys_cfg.o
                                 0x71 (size before relaxing)
 .comment       0x00000000       0x71 build\gcc\obj/custom/config/sys_config.o
 .comment       0x00000000       0x71 build\gcc\obj/ril/src/ril_atResponse.o
 .comment       0x00000000       0x71 build\gcc\obj/ril/src/ril_init.o
 .comment       0x00000000       0x71 build\gcc\obj/ril/src/ril_lwm2m.o
 .comment       0x00000000       0x71 build\gcc\obj/ril/src/ril_network.o
 .comment       0x00000000       0x71 build\gcc\obj/ril/src/ril_system.o
 .comment       0x00000000       0x71 build\gcc\obj/ril/src/ril_urc.o
 .comment       0x00000000       0x71 build\gcc\obj/ril/src/ril_util.o
 .comment       0x00000000       0x71 build\gcc\obj/example/example_lwm2m.o
 .comment       0x00000000       0x71 libs/gcc/app_start.lib(memory.o)
 .comment       0x00000000       0x71 libs/gcc/app_start.lib(ql_func.o)
 .comment       0x00000000       0x71 libs/gcc/app_start.lib(ql_main.o)
 .comment       0x00000000       0x71 libs/gcc/app_start.lib(ril_aux.o)
 .comment       0x00000000       0x71 libs/gcc/app_start.lib(ril_main.o)
 .comment       0x00000000       0x71 libs/gcc/app_start.lib(stdlib_func.o)
 .comment       0x00000000       0x71 libs/gcc/app_start.lib(system.o)
 .comment       0x00000000       0x71 libs/gcc/app_start.lib(taskMngt.o)
 .comment       0x00000000       0x71 libs/gcc/app_start.lib(timer.o)
 .comment       0x00000000       0x71 libs/gcc/app_start.lib(uart.o)

.ARM.attributes
                0x00000000       0x37
 .ARM.attributes
                0x00000000       0x39 build\gcc\obj/custom/config/custom_sys_cfg.o
 .ARM.attributes
                0x00000039       0x39 build\gcc\obj/custom/config/sys_config.o
 .ARM.attributes
                0x00000072       0x39 build\gcc\obj/ril/src/ril_atResponse.o
 .ARM.attributes
                0x000000ab       0x39 build\gcc\obj/ril/src/ril_init.o
 .ARM.attributes
                0x000000e4       0x39 build\gcc\obj/ril/src/ril_lwm2m.o
 .ARM.attributes
                0x0000011d       0x39 build\gcc\obj/ril/src/ril_network.o
 .ARM.attributes
                0x00000156       0x39 build\gcc\obj/ril/src/ril_system.o
 .ARM.attributes
                0x0000018f       0x39 build\gcc\obj/ril/src/ril_urc.o
 .ARM.attributes
                0x000001c8       0x39 build\gcc\obj/ril/src/ril_util.o
 .ARM.attributes
                0x00000201       0x39 build\gcc\obj/example/example_lwm2m.o
 .ARM.attributes
                0x0000023a       0x39 libs/gcc/app_start.lib(memory.o)
 .ARM.attributes
                0x00000273       0x39 libs/gcc/app_start.lib(ql_func.o)
 .ARM.attributes
                0x000002ac       0x39 libs/gcc/app_start.lib(ql_main.o)
 .ARM.attributes
                0x000002e5       0x39 libs/gcc/app_start.lib(ril_aux.o)
 .ARM.attributes
                0x0000031e       0x39 libs/gcc/app_start.lib(ril_main.o)
 .ARM.attributes
                0x00000357       0x39 libs/gcc/app_start.lib(stdlib_func.o)
 .ARM.attributes
                0x00000390       0x39 libs/gcc/app_start.lib(system.o)
 .ARM.attributes
                0x000003c9       0x39 libs/gcc/app_start.lib(taskMngt.o)
 .ARM.attributes
                0x00000402       0x39 libs/gcc/app_start.lib(timer.o)
 .ARM.attributes
                0x0000043b       0x39 libs/gcc/app_start.lib(uart.o)
 .ARM.attributes
                0x00000474       0x21 libs/gcc/app_start.lib(ocpu_init.o)
 .ARM.attributes
                0x00000495       0x34 tools\gcc\win\gcc-arm-none-eabi/arm-none-eabi/lib/armv7e-m/fpu/libc.a(lib_a-memset.o)

.debug_loc      0x00000000     0x55de
 .debug_loc     0x00000000       0xbb build\gcc\obj/ril/src/ril_atResponse.o
 .debug_loc     0x000000bb      0xc91 build\gcc\obj/ril/src/ril_lwm2m.o
 .debug_loc     0x00000d4c      0x270 build\gcc\obj/ril/src/ril_network.o
 .debug_loc     0x00000fbc      0x44e build\gcc\obj/ril/src/ril_system.o
 .debug_loc     0x0000140a      0xb4c build\gcc\obj/ril/src/ril_urc.o
 .debug_loc     0x00001f56      0x6fc build\gcc\obj/ril/src/ril_util.o
 .debug_loc     0x00002652      0x51a build\gcc\obj/example/example_lwm2m.o
 .debug_loc     0x00002b6c       0xdf libs/gcc/app_start.lib(memory.o)
 .debug_loc     0x00002c4b      0x394 libs/gcc/app_start.lib(ql_func.o)
 .debug_loc     0x00002fdf      0x104 libs/gcc/app_start.lib(ql_main.o)
 .debug_loc     0x000030e3       0x60 libs/gcc/app_start.lib(ril_aux.o)
 .debug_loc     0x00003143      0x618 libs/gcc/app_start.lib(ril_main.o)
 .debug_loc     0x0000375b      0xd09 libs/gcc/app_start.lib(stdlib_func.o)
 .debug_loc     0x00004464      0x167 libs/gcc/app_start.lib(system.o)
 .debug_loc     0x000045cb      0x9be libs/gcc/app_start.lib(taskMngt.o)
 .debug_loc     0x00004f89      0x2a5 libs/gcc/app_start.lib(timer.o)
 .debug_loc     0x0000522e      0x3b0 libs/gcc/app_start.lib(uart.o)

.debug_ranges   0x00000000      0x738
 .debug_ranges  0x00000000       0x20 build\gcc\obj/ril/src/ril_atResponse.o
 .debug_ranges  0x00000020       0x18 build\gcc\obj/ril/src/ril_init.o
 .debug_ranges  0x00000038       0x88 build\gcc\obj/ril/src/ril_lwm2m.o
 .debug_ranges  0x000000c0       0x20 build\gcc\obj/ril/src/ril_network.o
 .debug_ranges  0x000000e0       0x20 build\gcc\obj/ril/src/ril_system.o
 .debug_ranges  0x00000100       0x98 build\gcc\obj/ril/src/ril_urc.o
 .debug_ranges  0x00000198       0x38 build\gcc\obj/ril/src/ril_util.o
 .debug_ranges  0x000001d0       0x28 build\gcc\obj/example/example_lwm2m.o
 .debug_ranges  0x000001f8       0x18 libs/gcc/app_start.lib(memory.o)
 .debug_ranges  0x00000210       0x70 libs/gcc/app_start.lib(ql_func.o)
 .debug_ranges  0x00000280       0x18 libs/gcc/app_start.lib(ql_main.o)
 .debug_ranges  0x00000298       0x10 libs/gcc/app_start.lib(ril_aux.o)
 .debug_ranges  0x000002a8       0xc0 libs/gcc/app_start.lib(ril_main.o)
 .debug_ranges  0x00000368      0x110 libs/gcc/app_start.lib(stdlib_func.o)
 .debug_ranges  0x00000478       0x20 libs/gcc/app_start.lib(system.o)
 .debug_ranges  0x00000498      0x168 libs/gcc/app_start.lib(taskMngt.o)
 .debug_ranges  0x00000600       0x88 libs/gcc/app_start.lib(timer.o)
 .debug_ranges  0x00000688       0xb0 libs/gcc/app_start.lib(uart.o)

.debug_frame    0x00000000      0xfa8
 .debug_frame   0x00000000       0x4c build\gcc\obj/ril/src/ril_atResponse.o
 .debug_frame   0x0000004c       0x30 build\gcc\obj/ril/src/ril_init.o
 .debug_frame   0x0000007c      0x258 build\gcc\obj/ril/src/ril_lwm2m.o
 .debug_frame   0x000002d4       0x6c build\gcc\obj/ril/src/ril_network.o
 .debug_frame   0x00000340       0x70 build\gcc\obj/ril/src/ril_system.o
 .debug_frame   0x000003b0      0x1a8 build\gcc\obj/ril/src/ril_urc.o
 .debug_frame   0x00000558       0xcc build\gcc\obj/ril/src/ril_util.o
 .debug_frame   0x00000624       0x88 build\gcc\obj/example/example_lwm2m.o
 .debug_frame   0x000006ac       0x48 libs/gcc/app_start.lib(memory.o)
 .debug_frame   0x000006f4       0xd8 libs/gcc/app_start.lib(ql_func.o)
 .debug_frame   0x000007cc       0x48 libs/gcc/app_start.lib(ql_main.o)
 .debug_frame   0x00000814       0x30 libs/gcc/app_start.lib(ril_aux.o)
 .debug_frame   0x00000844       0xd4 libs/gcc/app_start.lib(ril_main.o)
 .debug_frame   0x00000918      0x26c libs/gcc/app_start.lib(stdlib_func.o)
 .debug_frame   0x00000b84       0x64 libs/gcc/app_start.lib(system.o)
 .debug_frame   0x00000be8      0x240 libs/gcc/app_start.lib(taskMngt.o)
 .debug_frame   0x00000e28       0x8c libs/gcc/app_start.lib(timer.o)
 .debug_frame   0x00000eb4       0xc8 libs/gcc/app_start.lib(uart.o)
 .debug_frame   0x00000f7c       0x2c tools\gcc\win\gcc-arm-none-eabi/arm-none-eabi/lib/armv7e-m/fpu/libc.a(lib_a-memset.o)
